Archive member included to satisfy reference by file (symbol)

/usr/lib/gcc/arm-none-eabi/4.9.3/../../../arm-none-eabi/lib/armv7-m/libc_nano.a(lib_a-atexit.o)
                              /usr/lib/gcc/arm-none-eabi/4.9.3/../../../arm-none-eabi/lib/armv7-m/crt0.o (atexit)
/usr/lib/gcc/arm-none-eabi/4.9.3/../../../arm-none-eabi/lib/armv7-m/libc_nano.a(lib_a-exit.o)
                              /usr/lib/gcc/arm-none-eabi/4.9.3/../../../arm-none-eabi/lib/armv7-m/crt0.o (exit)
/usr/lib/gcc/arm-none-eabi/4.9.3/../../../arm-none-eabi/lib/armv7-m/libc_nano.a(lib_a-fini.o)
                              /usr/lib/gcc/arm-none-eabi/4.9.3/../../../arm-none-eabi/lib/armv7-m/crt0.o (__libc_fini_array)
/usr/lib/gcc/arm-none-eabi/4.9.3/../../../arm-none-eabi/lib/armv7-m/libc_nano.a(lib_a-impure.o)
                              /usr/lib/gcc/arm-none-eabi/4.9.3/../../../arm-none-eabi/lib/armv7-m/libc_nano.a(lib_a-exit.o) (_global_impure_ptr)
/usr/lib/gcc/arm-none-eabi/4.9.3/../../../arm-none-eabi/lib/armv7-m/libc_nano.a(lib_a-init.o)
                              /usr/lib/gcc/arm-none-eabi/4.9.3/../../../arm-none-eabi/lib/armv7-m/crt0.o (__libc_init_array)
/usr/lib/gcc/arm-none-eabi/4.9.3/../../../arm-none-eabi/lib/armv7-m/libc_nano.a(lib_a-memset.o)
                              /usr/lib/gcc/arm-none-eabi/4.9.3/../../../arm-none-eabi/lib/armv7-m/crt0.o (memset)
/usr/lib/gcc/arm-none-eabi/4.9.3/../../../arm-none-eabi/lib/armv7-m/libc_nano.a(lib_a-snprintf.o)
                              build/main.o (snprintf)
/usr/lib/gcc/arm-none-eabi/4.9.3/../../../arm-none-eabi/lib/armv7-m/libc_nano.a(lib_a-__atexit.o)
                              /usr/lib/gcc/arm-none-eabi/4.9.3/../../../arm-none-eabi/lib/armv7-m/libc_nano.a(lib_a-atexit.o) (__register_exitproc)
/usr/lib/gcc/arm-none-eabi/4.9.3/../../../arm-none-eabi/lib/armv7-m/libc_nano.a(lib_a-__call_atexit.o)
                              /usr/lib/gcc/arm-none-eabi/4.9.3/../../../arm-none-eabi/lib/armv7-m/libc_nano.a(lib_a-__atexit.o) (__call_exitprocs)
/usr/lib/gcc/arm-none-eabi/4.9.3/../../../arm-none-eabi/lib/armv7-m/libc_nano.a(lib_a-nano-svfprintf.o)
                              /usr/lib/gcc/arm-none-eabi/4.9.3/../../../arm-none-eabi/lib/armv7-m/libc_nano.a(lib_a-snprintf.o) (_svfprintf_r)
/usr/lib/gcc/arm-none-eabi/4.9.3/../../../arm-none-eabi/lib/armv7-m/libc_nano.a(lib_a-nano-vfprintf_i.o)
                              /usr/lib/gcc/arm-none-eabi/4.9.3/../../../arm-none-eabi/lib/armv7-m/libc_nano.a(lib_a-nano-svfprintf.o) (_printf_i)
/usr/lib/gcc/arm-none-eabi/4.9.3/../../../arm-none-eabi/lib/armv7-m/libc_nano.a(lib_a-memchr.o)
                              /usr/lib/gcc/arm-none-eabi/4.9.3/../../../arm-none-eabi/lib/armv7-m/libc_nano.a(lib_a-nano-svfprintf.o) (memchr)
/usr/lib/gcc/arm-none-eabi/4.9.3/../../../arm-none-eabi/lib/armv7-m/libc_nano.a(lib_a-memcpy.o)
                              /usr/lib/gcc/arm-none-eabi/4.9.3/../../../arm-none-eabi/lib/armv7-m/libc_nano.a(lib_a-nano-svfprintf.o) (memcpy)
/usr/lib/gcc/arm-none-eabi/4.9.3/../../../arm-none-eabi/lib/armv7-m/libc_nano.a(lib_a-memmove.o)
                              /usr/lib/gcc/arm-none-eabi/4.9.3/../../../arm-none-eabi/lib/armv7-m/libc_nano.a(lib_a-nano-svfprintf.o) (memmove)
/usr/lib/gcc/arm-none-eabi/4.9.3/../../../arm-none-eabi/lib/armv7-m/libc_nano.a(lib_a-nano-freer.o)
                              /usr/lib/gcc/arm-none-eabi/4.9.3/../../../arm-none-eabi/lib/armv7-m/libc_nano.a(lib_a-nano-svfprintf.o) (_free_r)
/usr/lib/gcc/arm-none-eabi/4.9.3/../../../arm-none-eabi/lib/armv7-m/libc_nano.a(lib_a-nano-mallocr.o)
                              /usr/lib/gcc/arm-none-eabi/4.9.3/../../../arm-none-eabi/lib/armv7-m/libc_nano.a(lib_a-nano-svfprintf.o) (_malloc_r)
/usr/lib/gcc/arm-none-eabi/4.9.3/../../../arm-none-eabi/lib/armv7-m/libc_nano.a(lib_a-nano-reallocr.o)
                              /usr/lib/gcc/arm-none-eabi/4.9.3/../../../arm-none-eabi/lib/armv7-m/libc_nano.a(lib_a-nano-svfprintf.o) (_realloc_r)
/usr/lib/gcc/arm-none-eabi/4.9.3/../../../arm-none-eabi/lib/armv7-m/libc_nano.a(lib_a-sbrkr.o)
                              /usr/lib/gcc/arm-none-eabi/4.9.3/../../../arm-none-eabi/lib/armv7-m/libc_nano.a(lib_a-nano-mallocr.o) (_sbrk_r)
/usr/lib/gcc/arm-none-eabi/4.9.3/../../../arm-none-eabi/lib/armv7-m/libc_nano.a(lib_a-nano-msizer.o)
                              /usr/lib/gcc/arm-none-eabi/4.9.3/../../../arm-none-eabi/lib/armv7-m/libc_nano.a(lib_a-nano-reallocr.o) (_malloc_usable_size_r)
/usr/lib/gcc/arm-none-eabi/4.9.3/../../../arm-none-eabi/lib/armv7-m/libc_nano.a(lib_a-reent.o)
                              /usr/lib/gcc/arm-none-eabi/4.9.3/../../../arm-none-eabi/lib/armv7-m/libc_nano.a(lib_a-sbrkr.o) (errno)
/usr/lib/gcc/arm-none-eabi/4.9.3/../../../arm-none-eabi/lib/armv7-m/libnosys.a(sbrk.o)
                              /usr/lib/gcc/arm-none-eabi/4.9.3/../../../arm-none-eabi/lib/armv7-m/libc_nano.a(lib_a-sbrkr.o) (_sbrk)
[...]
Memory Configuration

Name             Origin             Length             Attributes
RAM              0x0000000020000000 0x0000000000020000 xrw
FLASH            0x0000000008000000 0x0000000000100000 xr
*default*        0x0000000000000000 0xffffffffffffffff

Linker script and memory map

LOAD /usr/lib/gcc/arm-none-eabi/4.9.3/armv7-m/crti.o
LOAD /usr/lib/gcc/arm-none-eabi/4.9.3/armv7-m/crtbegin.o
LOAD /usr/lib/gcc/arm-none-eabi/4.9.3/../../../arm-none-eabi/lib/armv7-m/crt0.o
LOAD build/main.o
LOAD build/gpio.o
LOAD build/usart.o
LOAD build/usb_otg.o
LOAD build/stm32f2xx_it.o
LOAD build/stm32f2xx_hal_msp.o
LOAD build/stm32f2xx_hal_tim.o
LOAD build/stm32f2xx_hal_tim_ex.o
LOAD build/stm32f2xx_hal_uart.o
LOAD build/stm32f2xx_hal_pcd_ex.o
LOAD build/stm32f2xx_hal_pcd.o
LOAD build/stm32f2xx_ll_usb.o
LOAD build/stm32f2xx_hal.o
LOAD build/stm32f2xx_hal_rcc.o
LOAD build/stm32f2xx_hal_rcc_ex.o
LOAD build/stm32f2xx_hal_cortex.o
LOAD build/stm32f2xx_hal_flash.o
LOAD build/stm32f2xx_hal_flash_ex.o
LOAD build/stm32f2xx_hal_pwr.o
LOAD build/stm32f2xx_hal_pwr_ex.o
LOAD build/stm32f2xx_hal_gpio.o
LOAD build/stm32f2xx_hal_dma.o
LOAD build/stm32f2xx_hal_dma_ex.o
LOAD build/system_stm32f2xx.o
LOAD build/one_wire.o
LOAD build/startup_stm32f207xx.o
LOAD /usr/lib/gcc/arm-none-eabi/4.9.3/../../../arm-none-eabi/lib/armv7-m/libc_nano.a
LOAD /usr/lib/gcc/arm-none-eabi/4.9.3/../../../arm-none-eabi/lib/armv7-m/libm.a
LOAD /usr/lib/gcc/arm-none-eabi/4.9.3/../../../arm-none-eabi/lib/armv7-m/libnosys.a
START GROUP
LOAD /usr/lib/gcc/arm-none-eabi/4.9.3/armv7-m/libgcc.a
LOAD /usr/lib/gcc/arm-none-eabi/4.9.3/../../../arm-none-eabi/lib/armv7-m/libc_nano.a
END GROUP
START GROUP
LOAD /usr/lib/gcc/arm-none-eabi/4.9.3/armv7-m/libgcc.a
LOAD /usr/lib/gcc/arm-none-eabi/4.9.3/../../../arm-none-eabi/lib/armv7-m/libc_nano.a
END GROUP
LOAD /usr/lib/gcc/arm-none-eabi/4.9.3/armv7-m/crtend.o
LOAD /usr/lib/gcc/arm-none-eabi/4.9.3/armv7-m/crtn.o
                0x0000000020020000                _estack = 0x20020000
                0x0000000000000200                _Min_Heap_Size = 0x200
                0x0000000000000400                _Min_Stack_Size = 0x400

.isr_vector     0x0000000008000000      0x184
                0x0000000008000000                . = ALIGN (0x4)
 *(.isr_vector)
 .isr_vector    0x0000000008000000      0x184 build/startup_stm32f207xx.o
                0x0000000008000000                g_pfnVectors
                0x0000000008000184                . = ALIGN (0x4)

.text           0x0000000008000184     0x2b88
                0x0000000008000184                . = ALIGN (0x4)
 *(.text)
 .text          0x0000000008000184       0xa4 /usr/lib/gcc/arm-none-eabi/4.9.3/armv7-m/crtbegin.o
 .text          0x0000000008000228       0x30 /usr/lib/gcc/arm-none-eabi/4.9.3/armv7-m/libgcc.a(_aeabi_uldivmod.o)
                0x0000000008000228                __aeabi_uldivmod
 .text          0x0000000008000258       0x60 /usr/lib/gcc/arm-none-eabi/4.9.3/armv7-m/libgcc.a(bpabi.o)
                0x0000000008000258                __gnu_ldivmod_helper
                0x0000000008000288                __gnu_uldivmod_helper
 .text          0x00000000080002b8        0x4 /usr/lib/gcc/arm-none-eabi/4.9.3/armv7-m/libgcc.a(_dvmd_tls.o)
                0x00000000080002b8                __aeabi_ldiv0
                0x00000000080002b8                __aeabi_idiv0
 .text          0x00000000080002bc      0x2ac /usr/lib/gcc/arm-none-eabi/4.9.3/armv7-m/libgcc.a(_divdi3.o)
                0x00000000080002bc                __divdi3
 .text          0x0000000008000568      0x270 /usr/lib/gcc/arm-none-eabi/4.9.3/armv7-m/libgcc.a(_udivdi3.o)
                0x0000000008000568                __udivdi3
 *(.text*)
 .text.SystemClock_Config
                0x00000000080007d8       0x5c build/main.o
                0x00000000080007d8                SystemClock_Config
 .text.main     0x0000000008000834      0x18c build/main.o
                0x0000000008000834                main
 .text.Error_Handler
                0x00000000080009c0        0x4 build/main.o
                0x00000000080009c0                Error_Handler
 .text.MX_GPIO_Init
                0x00000000080009c4      0x274 build/gpio.o
                0x00000000080009c4                MX_GPIO_Init
 .text.MX_USART3_UART_Init
                0x0000000008000c38       0x34 build/usart.o
                0x0000000008000c38                MX_USART3_UART_Init
 .text.HAL_UART_MspInit
                0x0000000008000c6c       0x74 build/usart.o
                0x0000000008000c6c                HAL_UART_MspInit
 .text.MX_USB_OTG_FS_PCD_Init
                0x0000000008000ce0       0x34 build/usb_otg.o
                0x0000000008000ce0                MX_USB_OTG_FS_PCD_Init
 .text.HAL_PCD_MspInit
                0x0000000008000d14       0x88 build/usb_otg.o
                0x0000000008000d14                HAL_PCD_MspInit
 .text.NMI_Handler
                0x0000000008000d9c        0x4 build/stm32f2xx_it.o
                0x0000000008000d9c                NMI_Handler
 .text.HardFault_Handler
                0x0000000008000da0        0x4 build/stm32f2xx_it.o
                0x0000000008000da0                HardFault_Handler
 .text.MemManage_Handler
                0x0000000008000da4        0x4 build/stm32f2xx_it.o
                0x0000000008000da4                MemManage_Handler
 .text.BusFault_Handler
                0x0000000008000da8        0x4 build/stm32f2xx_it.o
                0x0000000008000da8                BusFault_Handler
 .text.UsageFault_Handler
                0x0000000008000dac        0x4 build/stm32f2xx_it.o
                0x0000000008000dac                UsageFault_Handler
 .text.SVC_Handler
                0x0000000008000db0        0x4 build/stm32f2xx_it.o
                0x0000000008000db0                SVC_Handler
 .text.DebugMon_Handler
                0x0000000008000db4        0x4 build/stm32f2xx_it.o
                0x0000000008000db4                DebugMon_Handler
 .text.PendSV_Handler
                0x0000000008000db8        0x4 build/stm32f2xx_it.o
                0x0000000008000db8                PendSV_Handler
 .text.SysTick_Handler
                0x0000000008000dbc        0x8 build/stm32f2xx_it.o
                0x0000000008000dbc                SysTick_Handler
 .text.HAL_MspInit
                0x0000000008000dc4       0x38 build/stm32f2xx_hal_msp.o
                0x0000000008000dc4                HAL_MspInit
 .text.UART_SetConfig
                0x0000000008000dfc      0x320 build/stm32f2xx_hal_uart.o
 .text.UART_WaitOnFlagUntilTimeout
                0x000000000800111c       0x68 build/stm32f2xx_hal_uart.o
 .text.HAL_UART_Init
                0x0000000008001184       0x64 build/stm32f2xx_hal_uart.o
                0x0000000008001184                HAL_UART_Init
 .text.HAL_UART_Transmit
                0x00000000080011e8       0xe0 build/stm32f2xx_hal_uart.o
                0x00000000080011e8                HAL_UART_Transmit
 .text.HAL_PCD_Init
                0x00000000080012c8       0xdc build/stm32f2xx_hal_pcd.o
                0x00000000080012c8                HAL_PCD_Init
 .text.USB_CoreReset
                0x00000000080013a4       0x38 build/stm32f2xx_ll_usb.o
 .text.USB_CoreInit
                0x00000000080013dc       0x78 build/stm32f2xx_ll_usb.o
                0x00000000080013dc                USB_CoreInit
 .text.USB_DisableGlobalInt
                0x0000000008001454        0xc build/stm32f2xx_ll_usb.o
                0x0000000008001454                USB_DisableGlobalInt
 .text.USB_SetCurrentMode
                0x0000000008001460       0x2c build/stm32f2xx_ll_usb.o
                0x0000000008001460                USB_SetCurrentMode
 .text.USB_FlushTxFifo
                0x000000000800148c       0x24 build/stm32f2xx_ll_usb.o
                0x000000000800148c                USB_FlushTxFifo
 .text.USB_FlushRxFifo
                0x00000000080014b0       0x20 build/stm32f2xx_ll_usb.o
                0x00000000080014b0                USB_FlushRxFifo
 .text.USB_SetDevSpeed
                0x00000000080014d0       0x10 build/stm32f2xx_ll_usb.o
                0x00000000080014d0                USB_SetDevSpeed
 .text.USB_DevInit
                0x00000000080014e0      0x144 build/stm32f2xx_ll_usb.o
                0x00000000080014e0                USB_DevInit
 .text.USB_DevDisconnect
                0x0000000008001624       0x18 build/stm32f2xx_ll_usb.o
                0x0000000008001624                USB_DevDisconnect
 .text.HAL_InitTick
                0x000000000800163c       0x2c build/stm32f2xx_hal.o
                0x000000000800163c                HAL_InitTick
 .text.HAL_Init
                0x0000000008001668       0x34 build/stm32f2xx_hal.o
                0x0000000008001668                HAL_Init
 .text.HAL_IncTick
                0x000000000800169c       0x10 build/stm32f2xx_hal.o
                0x000000000800169c                HAL_IncTick
 .text.HAL_GetTick
                0x00000000080016ac        0xc build/stm32f2xx_hal.o
                0x00000000080016ac                HAL_GetTick
 .text.HAL_Delay
                0x00000000080016b8       0x24 build/stm32f2xx_hal.o
                0x00000000080016b8                HAL_Delay
 .text.HAL_RCC_OscConfig
                0x00000000080016dc      0x370 build/stm32f2xx_hal_rcc.o
                0x00000000080016dc                HAL_RCC_OscConfig
 .text.HAL_RCC_GetSysClockFreq
                0x0000000008001a4c       0xcc build/stm32f2xx_hal_rcc.o
                0x0000000008001a4c                HAL_RCC_GetSysClockFreq
 .text.HAL_RCC_ClockConfig
                0x0000000008001b18      0x16c build/stm32f2xx_hal_rcc.o
                0x0000000008001b18                HAL_RCC_ClockConfig
 .text.HAL_RCC_GetHCLKFreq
                0x0000000008001c84        0xc build/stm32f2xx_hal_rcc.o
                0x0000000008001c84                HAL_RCC_GetHCLKFreq
 .text.HAL_RCC_GetPCLK1Freq
                0x0000000008001c90       0x2c build/stm32f2xx_hal_rcc.o
                0x0000000008001c90                HAL_RCC_GetPCLK1Freq
 .text.HAL_RCC_GetPCLK2Freq
                0x0000000008001cbc       0x2c build/stm32f2xx_hal_rcc.o
                0x0000000008001cbc                HAL_RCC_GetPCLK2Freq
 .text.HAL_NVIC_SetPriorityGrouping
                0x0000000008001ce8       0x24 build/stm32f2xx_hal_cortex.o
                0x0000000008001ce8                HAL_NVIC_SetPriorityGrouping
 .text.HAL_NVIC_SetPriority
                0x0000000008001d0c       0x64 build/stm32f2xx_hal_cortex.o
                0x0000000008001d0c                HAL_NVIC_SetPriority
 .text.HAL_SYSTICK_Config
                0x0000000008001d70       0x2c build/stm32f2xx_hal_cortex.o
                0x0000000008001d70                HAL_SYSTICK_Config
 .text.HAL_GPIO_Init
                0x0000000008001d9c      0x1dc build/stm32f2xx_hal_gpio.o
                0x0000000008001d9c                HAL_GPIO_Init
 .text.HAL_GPIO_ReadPin
                0x0000000008001f78       0x10 build/stm32f2xx_hal_gpio.o
                0x0000000008001f78                HAL_GPIO_ReadPin
 .text.HAL_GPIO_WritePin
                0x0000000008001f88        0xc build/stm32f2xx_hal_gpio.o
                0x0000000008001f88                HAL_GPIO_WritePin
 .text.SystemInit
                0x0000000008001f94       0x40 build/system_stm32f2xx.o
                0x0000000008001f94                SystemInit
 .text.tmr_us_init
                0x0000000008001fd4       0x30 build/one_wire.o
 .text.tmr_us_delay_noblock
                0x0000000008002004       0x1c build/one_wire.o
 .text.tmr_us_get_cnt
                0x0000000008002020        0x8 build/one_wire.o
 .text.tmr_us_delay_check
                0x0000000008002028        0xc build/one_wire.o
 .text.tmr_us_delay
                0x0000000008002034       0x10 build/one_wire.o
 .text.write_bit_to_id
                0x0000000008002044       0x28 build/one_wire.o
 .text.get_bit_from_id
                0x000000000800206c       0x10 build/one_wire.o
 .text.allocate_node
                0x000000000800207c       0x4c build/one_wire.o
 .text.one_wire_init
                0x00000000080020c8       0x38 build/one_wire.o
                0x00000000080020c8                one_wire_init
 .text.one_wire_reset
                0x0000000008002100       0x6c build/one_wire.o
                0x0000000008002100                one_wire_reset
 .text.one_wire_write_bit
                0x000000000800216c       0x40 build/one_wire.o
                0x000000000800216c                one_wire_write_bit
 .text.one_wire_write_byte
                0x00000000080021ac       0x1c build/one_wire.o
                0x00000000080021ac                one_wire_write_byte
 .text.one_wire_read_bit
                0x00000000080021c8       0x64 build/one_wire.o
                0x00000000080021c8                one_wire_read_bit
 .text.one_wire_search_send_bit
                0x000000000800222c       0x2c build/one_wire.o
 .text.one_wire_read_byte
                0x0000000008002258       0x20 build/one_wire.o
                0x0000000008002258                one_wire_read_byte
 .text.one_wire_address_device
                0x0000000008002278       0x28 build/one_wire.o
                0x0000000008002278                one_wire_address_device
 .text.one_wire_read_temp
                0x00000000080022a0       0x4c build/one_wire.o
                0x00000000080022a0                one_wire_read_temp
 .text.one_wire_discover
                0x00000000080022ec      0x108 build/one_wire.o
                0x00000000080022ec                one_wire_discover
 .text.Reset_Handler
                0x00000000080023f4       0x50 build/startup_stm32f207xx.o
                0x00000000080023f4                Reset_Handler
 .text.Default_Handler
                0x0000000008002444        0x2 build/startup_stm32f207xx.o
                0x0000000008002444                RTC_Alarm_IRQHandler
                0x0000000008002444                HASH_RNG_IRQHandler
                0x0000000008002444                EXTI2_IRQHandler
                0x0000000008002444                TIM8_CC_IRQHandler
                0x0000000008002444                TIM1_CC_IRQHandler
                0x0000000008002444                DMA2_Stream5_IRQHandler
                0x0000000008002444                DMA1_Stream5_IRQHandler
                0x0000000008002444                PVD_IRQHandler
                0x0000000008002444                SDIO_IRQHandler
                0x0000000008002444                TAMP_STAMP_IRQHandler
                0x0000000008002444                CAN2_RX1_IRQHandler
                0x0000000008002444                EXTI3_IRQHandler
                0x0000000008002444                TIM8_TRG_COM_TIM14_IRQHandler
                0x0000000008002444                TIM1_UP_TIM10_IRQHandler
                0x0000000008002444                TIM8_UP_TIM13_IRQHandler
                0x0000000008002444                I2C3_ER_IRQHandler
                0x0000000008002444                EXTI0_IRQHandler
                0x0000000008002444                I2C2_EV_IRQHandler
                0x0000000008002444                DMA1_Stream2_IRQHandler
                0x0000000008002444                CAN1_RX0_IRQHandler
                0x0000000008002444                OTG_HS_WKUP_IRQHandler
                0x0000000008002444                CAN2_SCE_IRQHandler
                0x0000000008002444                DMA2_Stream2_IRQHandler
                0x0000000008002444                SPI1_IRQHandler
                0x0000000008002444                TIM6_DAC_IRQHandler
                0x0000000008002444                TIM1_BRK_TIM9_IRQHandler
                0x0000000008002444                DCMI_IRQHandler
                0x0000000008002444                CAN2_RX0_IRQHandler
                0x0000000008002444                DMA2_Stream3_IRQHandler
                0x0000000008002444                USART6_IRQHandler
                0x0000000008002444                USART3_IRQHandler
                0x0000000008002444                CAN1_RX1_IRQHandler
                0x0000000008002444                UART5_IRQHandler
                0x0000000008002444                DMA2_Stream0_IRQHandler
                0x0000000008002444                TIM4_IRQHandler
                0x0000000008002444                I2C1_EV_IRQHandler
                0x0000000008002444                DMA1_Stream6_IRQHandler
                0x0000000008002444                DMA1_Stream1_IRQHandler
                0x0000000008002444                UART4_IRQHandler
                0x0000000008002444                TIM3_IRQHandler
                0x0000000008002444                RCC_IRQHandler
                0x0000000008002444                TIM8_BRK_TIM12_IRQHandler
                0x0000000008002444                Default_Handler
                0x0000000008002444                EXTI15_10_IRQHandler
                0x0000000008002444                ADC_IRQHandler
                0x0000000008002444                DMA1_Stream7_IRQHandler
                0x0000000008002444                TIM7_IRQHandler
                0x0000000008002444                CAN2_TX_IRQHandler
                0x0000000008002444                TIM5_IRQHandler
                0x0000000008002444                DMA2_Stream7_IRQHandler
                0x0000000008002444                I2C3_EV_IRQHandler
                0x0000000008002444                EXTI9_5_IRQHandler
                0x0000000008002444                RTC_WKUP_IRQHandler
                0x0000000008002444                ETH_WKUP_IRQHandler
                0x0000000008002444                SPI2_IRQHandler
                0x0000000008002444                OTG_HS_EP1_IN_IRQHandler
                0x0000000008002444                DMA1_Stream0_IRQHandler
                0x0000000008002444                CAN1_TX_IRQHandler
                0x0000000008002444                EXTI4_IRQHandler
                0x0000000008002444                FSMC_IRQHandler
                0x0000000008002444                ETH_IRQHandler
                0x0000000008002444                OTG_HS_EP1_OUT_IRQHandler
                0x0000000008002444                WWDG_IRQHandler
                0x0000000008002444                TIM2_IRQHandler
                0x0000000008002444                OTG_FS_WKUP_IRQHandler
                0x0000000008002444                TIM1_TRG_COM_TIM11_IRQHandler
                0x0000000008002444                OTG_HS_IRQHandler
                0x0000000008002444                EXTI1_IRQHandler
                0x0000000008002444                USART2_IRQHandler
                0x0000000008002444                I2C2_ER_IRQHandler
                0x0000000008002444                DMA2_Stream1_IRQHandler
                0x0000000008002444                CAN1_SCE_IRQHandler
                0x0000000008002444                FLASH_IRQHandler
                0x0000000008002444                DMA2_Stream4_IRQHandler
                0x0000000008002444                USART1_IRQHandler
                0x0000000008002444                OTG_FS_IRQHandler
                0x0000000008002444                SPI3_IRQHandler
                0x0000000008002444                DMA1_Stream4_IRQHandler
                0x0000000008002444                I2C1_ER_IRQHandler
                0x0000000008002444                DMA2_Stream6_IRQHandler
                0x0000000008002444                DMA1_Stream3_IRQHandler
 *fill*         0x0000000008002446        0x2 
 .text.__libc_init_array
                0x0000000008002448       0x4c /usr/lib/gcc/arm-none-eabi/4.9.3/../../../arm-none-eabi/lib/armv7-m/libc_nano.a(lib_a-init.o)
                0x0000000008002448                __libc_init_array
 .text.snprintf
                0x0000000008002494       0x64 /usr/lib/gcc/arm-none-eabi/4.9.3/../../../arm-none-eabi/lib/armv7-m/libc_nano.a(lib_a-snprintf.o)
                0x0000000008002494                snprintf
                0x0000000008002494                sniprintf
 .text.__ssputs_r
                0x00000000080024f8       0xb2 /usr/lib/gcc/arm-none-eabi/4.9.3/../../../arm-none-eabi/lib/armv7-m/libc_nano.a(lib_a-nano-svfprintf.o)
                0x00000000080024f8                __ssputs_r
 *fill*         0x00000000080025aa        0x2 
 .text._svfprintf_r
                0x00000000080025ac      0x1e4 /usr/lib/gcc/arm-none-eabi/4.9.3/../../../arm-none-eabi/lib/armv7-m/libc_nano.a(lib_a-nano-svfprintf.o)
                0x00000000080025ac                _svfprintf_r
                0x00000000080025ac                _svfiprintf_r
 .text._printf_common
                0x0000000008002790       0xea /usr/lib/gcc/arm-none-eabi/4.9.3/../../../arm-none-eabi/lib/armv7-m/libc_nano.a(lib_a-nano-vfprintf_i.o)
                0x0000000008002790                _printf_common
 *fill*         0x000000000800287a        0x2 
 .text._printf_i
                0x000000000800287c      0x240 /usr/lib/gcc/arm-none-eabi/4.9.3/../../../arm-none-eabi/lib/armv7-m/libc_nano.a(lib_a-nano-vfprintf_i.o)
                0x000000000800287c                _printf_i
 .text.memchr   0x0000000008002abc       0x1c /usr/lib/gcc/arm-none-eabi/4.9.3/../../../arm-none-eabi/lib/armv7-m/libc_nano.a(lib_a-memchr.o)
                0x0000000008002abc                memchr
 .text.memcpy   0x0000000008002ad8       0x16 /usr/lib/gcc/arm-none-eabi/4.9.3/../../../arm-none-eabi/lib/armv7-m/libc_nano.a(lib_a-memcpy.o)
                0x0000000008002ad8                memcpy
 .text.memmove  0x0000000008002aee       0x36 /usr/lib/gcc/arm-none-eabi/4.9.3/../../../arm-none-eabi/lib/armv7-m/libc_nano.a(lib_a-memmove.o)
                0x0000000008002aee                memmove
 .text._free_r  0x0000000008002b24       0x88 /usr/lib/gcc/arm-none-eabi/4.9.3/../../../arm-none-eabi/lib/armv7-m/libc_nano.a(lib_a-nano-freer.o)
                0x0000000008002b24                _free_r
 .text._malloc_r
                0x0000000008002bac       0xac /usr/lib/gcc/arm-none-eabi/4.9.3/../../../arm-none-eabi/lib/armv7-m/libc_nano.a(lib_a-nano-mallocr.o)
                0x0000000008002bac                _malloc_r
 .text._realloc_r
                0x0000000008002c58       0x4c /usr/lib/gcc/arm-none-eabi/4.9.3/../../../arm-none-eabi/lib/armv7-m/libc_nano.a(lib_a-nano-reallocr.o)
                0x0000000008002c58                _realloc_r
 .text._sbrk_r  0x0000000008002ca4       0x20 /usr/lib/gcc/arm-none-eabi/4.9.3/../../../arm-none-eabi/lib/armv7-m/libc_nano.a(lib_a-sbrkr.o)
                0x0000000008002ca4                _sbrk_r
 .text._malloc_usable_size_r
                0x0000000008002cc4       0x14 /usr/lib/gcc/arm-none-eabi/4.9.3/../../../arm-none-eabi/lib/armv7-m/libc_nano.a(lib_a-nano-msizer.o)
                0x0000000008002cc4                _malloc_usable_size_r
 .text._sbrk    0x0000000008002cd8       0x1c /usr/lib/gcc/arm-none-eabi/4.9.3/../../../arm-none-eabi/lib/armv7-m/libnosys.a(sbrk.o)
                0x0000000008002cd8                _sbrk
 *(.glue_7)
 .glue_7        0x0000000008002cf4        0x0 linker stubs
 *(.glue_7t)
 .glue_7t       0x0000000008002cf4        0x0 linker stubs
 *(.eh_frame)
 .eh_frame      0x0000000008002cf4        0x0 /usr/lib/gcc/arm-none-eabi/4.9.3/armv7-m/crtbegin.o
 *(.init)
 .init          0x0000000008002cf4        0x4 /usr/lib/gcc/arm-none-eabi/4.9.3/armv7-m/crti.o
                0x0000000008002cf4                _init
 .init          0x0000000008002cf8        0x8 /usr/lib/gcc/arm-none-eabi/4.9.3/armv7-m/crtn.o
 *(.fini)
 .fini          0x0000000008002d00        0x4 /usr/lib/gcc/arm-none-eabi/4.9.3/armv7-m/crti.o
                0x0000000008002d00                _fini
 .fini          0x0000000008002d04        0x8 /usr/lib/gcc/arm-none-eabi/4.9.3/armv7-m/crtn.o
                0x0000000008002d0c                . = ALIGN (0x4)
                0x0000000008002d0c                _etext = .

.vfp11_veneer   0x0000000008002d0c        0x0
 .vfp11_veneer  0x0000000008002d0c        0x0 linker stubs

.v4_bx          0x0000000008002d0c        0x0
 .v4_bx         0x0000000008002d0c        0x0 linker stubs

.iplt           0x0000000008002d0c        0x0
 .iplt          0x0000000008002d0c        0x0 /usr/lib/gcc/arm-none-eabi/4.9.3/armv7-m/crtbegin.o

.rodata         0x0000000008002d0c       0xb8
                0x0000000008002d0c                . = ALIGN (0x4)
 *(.rodata)
 *(.rodata*)
 .rodata.str1.4
                0x0000000008002d0c       0x68 build/main.o
 .rodata.AHBPrescTable
                0x0000000008002d74       0x10 build/system_stm32f2xx.o
                0x0000000008002d74                AHBPrescTable
 .rodata.APBPrescTable
                0x0000000008002d84        0x8 build/system_stm32f2xx.o
                0x0000000008002d84                APBPrescTable
 .rodata.str1.1
                0x0000000008002d8c        0x2 /usr/lib/gcc/arm-none-eabi/4.9.3/../../../arm-none-eabi/lib/armv7-m/libc_nano.a(lib_a-impure.o)
 .rodata.str1.1
                0x0000000008002d8e       0x11 /usr/lib/gcc/arm-none-eabi/4.9.3/../../../arm-none-eabi/lib/armv7-m/libc_nano.a(lib_a-nano-svfprintf.o)
 .rodata.str1.1
                0x0000000008002d9f       0x22 /usr/lib/gcc/arm-none-eabi/4.9.3/../../../arm-none-eabi/lib/armv7-m/libc_nano.a(lib_a-nano-vfprintf_i.o)
                0x0000000008002dc4                . = ALIGN (0x4)
 *fill*         0x0000000008002dc1        0x3 

.ARM.extab
 *(.ARM.extab* .gnu.linkonce.armextab.*)

.ARM            0x0000000008002dc4        0x8
                0x0000000008002dc4                __exidx_start = .
 *(.ARM.exidx*)
 .ARM.exidx     0x0000000008002dc4        0x8 /usr/lib/gcc/arm-none-eabi/4.9.3/armv7-m/libgcc.a(_divdi3.o)
 .ARM.exidx     0x0000000008002dcc        0x0 /usr/lib/gcc/arm-none-eabi/4.9.3/armv7-m/libgcc.a(_udivdi3.o)
                                          0x8 (size before relaxing)
                0x0000000008002dcc                __exidx_end = .

.rel.dyn        0x0000000008002dcc        0x0
 .rel.iplt      0x0000000008002dcc        0x0 /usr/lib/gcc/arm-none-eabi/4.9.3/armv7-m/crtbegin.o

.preinit_array  0x0000000008002dcc        0x0
                0x0000000008002dcc                PROVIDE (__preinit_array_start, .)
 *(.preinit_array*)
                0x0000000008002dcc                PROVIDE (__preinit_array_end, .)

.init_array     0x0000000008002dcc        0x4
                0x0000000008002dcc                PROVIDE (__init_array_start, .)
 *(SORT(.init_array.*))
 *(.init_array*)
 .init_array    0x0000000008002dcc        0x4 /usr/lib/gcc/arm-none-eabi/4.9.3/armv7-m/crtbegin.o
                0x0000000008002dd0                PROVIDE (__init_array_end, .)

.fini_array     0x0000000008002dd0        0x4
                0x0000000008002dd0                PROVIDE (__fini_array_start, .)
 *(SORT(.fini_array.*))
 *(.fini_array*)
 .fini_array    0x0000000008002dd0        0x4 /usr/lib/gcc/arm-none-eabi/4.9.3/armv7-m/crtbegin.o
                0x0000000008002dd4                PROVIDE (__fini_array_end, .)
                0x0000000008002dd4                _sidata = LOADADDR (.data)

.data           0x0000000020000000       0x68 load address 0x0000000008002dd4
                0x0000000020000000                . = ALIGN (0x4)
                0x0000000020000000                _sdata = .
 *(.data)
 *(.data*)
 .data.SystemCoreClock
                0x0000000020000000        0x4 build/system_stm32f2xx.o
                0x0000000020000000                SystemCoreClock
 .data.impure_data
                0x0000000020000004       0x60 /usr/lib/gcc/arm-none-eabi/4.9.3/../../../arm-none-eabi/lib/armv7-m/libc_nano.a(lib_a-impure.o)
 .data._impure_ptr
                0x0000000020000064        0x4 /usr/lib/gcc/arm-none-eabi/4.9.3/../../../arm-none-eabi/lib/armv7-m/libc_nano.a(lib_a-impure.o)
                0x0000000020000064                _impure_ptr
                0x0000000020000068                . = ALIGN (0x4)
                0x0000000020000068                _edata = .

.jcr            0x0000000020000068        0x0 load address 0x0000000008002e3c
 .jcr           0x0000000020000068        0x0 /usr/lib/gcc/arm-none-eabi/4.9.3/armv7-m/crtbegin.o

.tm_clone_table
                0x0000000020000068        0x0 load address 0x0000000008002e3c
 .tm_clone_table
                0x0000000020000068        0x0 /usr/lib/gcc/arm-none-eabi/4.9.3/armv7-m/crtbegin.o
 .tm_clone_table
                0x0000000020000068        0x0 /usr/lib/gcc/arm-none-eabi/4.9.3/armv7-m/crtend.o

.igot.plt       0x0000000020000068        0x0 load address 0x0000000008002e3c
 .igot.plt      0x0000000020000068        0x0 /usr/lib/gcc/arm-none-eabi/4.9.3/armv7-m/crtbegin.o
                0x0000000020000068                . = ALIGN (0x4)

.bss            0x0000000020000068     0x2c5c load address 0x0000000008002e3c
                0x0000000020000068                _sbss = .
                0x0000000020000068                __bss_start__ = _sbss
 *(.bss)
 .bss           0x0000000020000068       0x1c /usr/lib/gcc/arm-none-eabi/4.9.3/armv7-m/crtbegin.o
 *(.bss*)
 .bss.device_tree_alloc_idx
                0x0000000020000084        0x4 build/one_wire.o
 .bss.device_tree
                0x0000000020000088     0x2800 build/one_wire.o
 .bss.__malloc_sbrk_start
                0x0000000020002888        0x4 /usr/lib/gcc/arm-none-eabi/4.9.3/../../../arm-none-eabi/lib/armv7-m/libc_nano.a(lib_a-nano-mallocr.o)
                0x0000000020002888                __malloc_sbrk_start
 .bss.__malloc_free_list
                0x000000002000288c        0x4 /usr/lib/gcc/arm-none-eabi/4.9.3/../../../arm-none-eabi/lib/armv7-m/libc_nano.a(lib_a-nano-mallocr.o)
                0x000000002000288c                __malloc_free_list
 .bss.heap_end.4079
                0x0000000020002890        0x4 /usr/lib/gcc/arm-none-eabi/4.9.3/../../../arm-none-eabi/lib/armv7-m/libnosys.a(sbrk.o)
 *(COMMON)
 COMMON         0x0000000020002894       0x40 build/usart.o
                0x0000000020002894                huart3
 COMMON         0x00000000200028d4      0x3e8 build/usb_otg.o
                0x00000000200028d4                hpcd_USB_OTG_FS
 COMMON         0x0000000020002cbc        0x4 build/stm32f2xx_hal.o
                0x0000000020002cbc                uwTick
 COMMON         0x0000000020002cc0        0x4 /usr/lib/gcc/arm-none-eabi/4.9.3/../../../arm-none-eabi/lib/armv7-m/libc_nano.a(lib_a-reent.o)
                0x0000000020002cc0                errno
                0x0000000020002cc4                . = ALIGN (0x4)
                0x0000000020002cc4                _ebss = .
                0x0000000020002cc4                __bss_end__ = _ebss

._user_heap_stack
                0x0000000020002cc4      0x604 load address 0x0000000008002e3c
                0x0000000020002cc8                . = ALIGN (0x8)
 *fill*         0x0000000020002cc4        0x4 
                0x0000000020002cc8                PROVIDE (end, .)
                [!provide]                        PROVIDE (_end, .)
                0x0000000020002ec8                . = (. + _Min_Heap_Size)
 *fill*         0x0000000020002cc8      0x200 
                0x00000000200032c8                . = (. + _Min_Stack_Size)
 *fill*         0x0000000020002ec8      0x400 
                0x00000000200032c8                . = ALIGN (0x8)

/DISCARD/
 libc.a(*)
 libm.a(*)
 libgcc.a(*)

.ARM.attributes
                0x0000000000000000       0x29
 *(.ARM.attributes)
 .ARM.attributes
                0x0000000000000000       0x1d /usr/lib/gcc/arm-none-eabi/4.9.3/armv7-m/crti.o
 .ARM.attributes
                0x000000000000001d       0x2d /usr/lib/gcc/arm-none-eabi/4.9.3/armv7-m/crtbegin.o
 .ARM.attributes
                0x000000000000004a       0x33 build/main.o
 .ARM.attributes
                0x000000000000007d       0x33 build/gpio.o
 .ARM.attributes
                0x00000000000000b0       0x33 build/usart.o
 .ARM.attributes
                0x00000000000000e3       0x33 build/usb_otg.o
 .ARM.attributes
                0x0000000000000116       0x33 build/stm32f2xx_it.o
 .ARM.attributes
                0x0000000000000149       0x33 build/stm32f2xx_hal_msp.o
 .ARM.attributes
                0x000000000000017c       0x33 build/stm32f2xx_hal_uart.o
 .ARM.attributes
                0x00000000000001af       0x33 build/stm32f2xx_hal_pcd.o
 .ARM.attributes
                0x00000000000001e2       0x33 build/stm32f2xx_ll_usb.o
 .ARM.attributes
                0x0000000000000215       0x33 build/stm32f2xx_hal.o
 .ARM.attributes
                0x0000000000000248       0x33 build/stm32f2xx_hal_rcc.o
 .ARM.attributes
                0x000000000000027b       0x33 build/stm32f2xx_hal_cortex.o
 .ARM.attributes
                0x00000000000002ae       0x33 build/stm32f2xx_hal_gpio.o
 .ARM.attributes
                0x00000000000002e1       0x33 build/system_stm32f2xx.o
 .ARM.attributes
                0x0000000000000314       0x33 build/one_wire.o
 .ARM.attributes
                0x0000000000000347       0x21 build/startup_stm32f207xx.o
 .ARM.attributes
                0x0000000000000368       0x2d /usr/lib/gcc/arm-none-eabi/4.9.3/../../../arm-none-eabi/lib/armv7-m/libc_nano.a(lib_a-impure.o)
 .ARM.attributes
                0x0000000000000395       0x2d /usr/lib/gcc/arm-none-eabi/4.9.3/../../../arm-none-eabi/lib/armv7-m/libc_nano.a(lib_a-init.o)
 .ARM.attributes
                0x00000000000003c2       0x2d /usr/lib/gcc/arm-none-eabi/4.9.3/../../../arm-none-eabi/lib/armv7-m/libc_nano.a(lib_a-snprintf.o)
 .ARM.attributes
                0x00000000000003ef       0x2d /usr/lib/gcc/arm-none-eabi/4.9.3/../../../arm-none-eabi/lib/armv7-m/libc_nano.a(lib_a-nano-svfprintf.o)
 .ARM.attributes
                0x000000000000041c       0x2d /usr/lib/gcc/arm-none-eabi/4.9.3/../../../arm-none-eabi/lib/armv7-m/libc_nano.a(lib_a-nano-vfprintf_i.o)
 .ARM.attributes
                0x0000000000000449       0x2d /usr/lib/gcc/arm-none-eabi/4.9.3/../../../arm-none-eabi/lib/armv7-m/libc_nano.a(lib_a-memchr.o)
 .ARM.attributes
                0x0000000000000476       0x2d /usr/lib/gcc/arm-none-eabi/4.9.3/../../../arm-none-eabi/lib/armv7-m/libc_nano.a(lib_a-memcpy.o)
 .ARM.attributes
                0x00000000000004a3       0x2d /usr/lib/gcc/arm-none-eabi/4.9.3/../../../arm-none-eabi/lib/armv7-m/libc_nano.a(lib_a-memmove.o)
 .ARM.attributes
                0x00000000000004d0       0x2d /usr/lib/gcc/arm-none-eabi/4.9.3/../../../arm-none-eabi/lib/armv7-m/libc_nano.a(lib_a-nano-freer.o)
 .ARM.attributes
                0x00000000000004fd       0x2d /usr/lib/gcc/arm-none-eabi/4.9.3/../../../arm-none-eabi/lib/armv7-m/libc_nano.a(lib_a-nano-mallocr.o)
 .ARM.attributes
                0x000000000000052a       0x2d /usr/lib/gcc/arm-none-eabi/4.9.3/../../../arm-none-eabi/lib/armv7-m/libc_nano.a(lib_a-nano-reallocr.o)
 .ARM.attributes
                0x0000000000000557       0x2d /usr/lib/gcc/arm-none-eabi/4.9.3/../../../arm-none-eabi/lib/armv7-m/libc_nano.a(lib_a-sbrkr.o)
 .ARM.attributes
                0x0000000000000584       0x2d /usr/lib/gcc/arm-none-eabi/4.9.3/../../../arm-none-eabi/lib/armv7-m/libc_nano.a(lib_a-nano-msizer.o)
 .ARM.attributes
                0x00000000000005b1       0x2d /usr/lib/gcc/arm-none-eabi/4.9.3/../../../arm-none-eabi/lib/armv7-m/libc_nano.a(lib_a-reent.o)
 .ARM.attributes
                0x00000000000005de       0x2d /usr/lib/gcc/arm-none-eabi/4.9.3/../../../arm-none-eabi/lib/armv7-m/libnosys.a(sbrk.o)
 .ARM.attributes
                0x000000000000060b       0x1d /usr/lib/gcc/arm-none-eabi/4.9.3/armv7-m/libgcc.a(_aeabi_uldivmod.o)
 .ARM.attributes
                0x0000000000000628       0x2d /usr/lib/gcc/arm-none-eabi/4.9.3/armv7-m/libgcc.a(bpabi.o)
 .ARM.attributes
                0x0000000000000655       0x1d /usr/lib/gcc/arm-none-eabi/4.9.3/armv7-m/libgcc.a(_dvmd_tls.o)
 .ARM.attributes
                0x0000000000000672       0x2d /usr/lib/gcc/arm-none-eabi/4.9.3/armv7-m/libgcc.a(_divdi3.o)
 .ARM.attributes
                0x000000000000069f       0x2d /usr/lib/gcc/arm-none-eabi/4.9.3/armv7-m/libgcc.a(_udivdi3.o)
 .ARM.attributes
                0x00000000000006cc       0x2d /usr/lib/gcc/arm-none-eabi/4.9.3/armv7-m/crtend.o
 .ARM.attributes
                0x00000000000006f9       0x1d /usr/lib/gcc/arm-none-eabi/4.9.3/armv7-m/crtn.o
OUTPUT(build/SourdoughSensors.elf elf32-littlearm)

.comment        0x0000000000000000       0x70
 .comment       0x0000000000000000       0x38 /usr/lib/gcc/arm-none-eabi/4.9.3/armv7-m/crtbegin.o
                                         0x39 (size before relaxing)
 .comment       0x0000000000000038       0x39 build/main.o
 .comment       0x0000000000000038       0x39 build/gpio.o
 .comment       0x0000000000000038       0x39 build/usart.o
 .comment       0x0000000000000038       0x39 build/usb_otg.o
 .comment       0x0000000000000038       0x39 build/stm32f2xx_it.o
 .comment       0x0000000000000038       0x39 build/stm32f2xx_hal_msp.o
 .comment       0x0000000000000038       0x39 build/stm32f2xx_hal_uart.o
 .comment       0x0000000000000038       0x39 build/stm32f2xx_hal_pcd.o
 .comment       0x0000000000000038       0x39 build/stm32f2xx_ll_usb.o
 .comment       0x0000000000000038       0x39 build/stm32f2xx_hal.o
 .comment       0x0000000000000038       0x39 build/stm32f2xx_hal_rcc.o
 .comment       0x0000000000000038       0x39 build/stm32f2xx_hal_cortex.o
 .comment       0x0000000000000038       0x39 build/stm32f2xx_hal_gpio.o
 .comment       0x0000000000000038       0x39 build/system_stm32f2xx.o
 .comment       0x0000000000000038       0x39 build/one_wire.o
 .comment       0x0000000000000038       0x38 /usr/lib/gcc/arm-none-eabi/4.9.3/../../../arm-none-eabi/lib/armv7-m/libc_nano.a(lib_a-impure.o)
                                         0x39 (size before relaxing)
 .comment       0x0000000000000070       0x39 /usr/lib/gcc/arm-none-eabi/4.9.3/../../../arm-none-eabi/lib/armv7-m/libc_nano.a(lib_a-init.o)
 .comment       0x0000000000000070       0x39 /usr/lib/gcc/arm-none-eabi/4.9.3/../../../arm-none-eabi/lib/armv7-m/libc_nano.a(lib_a-snprintf.o)
 .comment       0x0000000000000070       0x39 /usr/lib/gcc/arm-none-eabi/4.9.3/../../../arm-none-eabi/lib/armv7-m/libc_nano.a(lib_a-nano-svfprintf.o)
 .comment       0x0000000000000070       0x39 /usr/lib/gcc/arm-none-eabi/4.9.3/../../../arm-none-eabi/lib/armv7-m/libc_nano.a(lib_a-nano-vfprintf_i.o)
 .comment       0x0000000000000070       0x39 /usr/lib/gcc/arm-none-eabi/4.9.3/../../../arm-none-eabi/lib/armv7-m/libc_nano.a(lib_a-memchr.o)
 .comment       0x0000000000000070       0x39 /usr/lib/gcc/arm-none-eabi/4.9.3/../../../arm-none-eabi/lib/armv7-m/libc_nano.a(lib_a-memcpy.o)
 .comment       0x0000000000000070       0x39 /usr/lib/gcc/arm-none-eabi/4.9.3/../../../arm-none-eabi/lib/armv7-m/libc_nano.a(lib_a-memmove.o)
 .comment       0x0000000000000070       0x39 /usr/lib/gcc/arm-none-eabi/4.9.3/../../../arm-none-eabi/lib/armv7-m/libc_nano.a(lib_a-nano-freer.o)
 .comment       0x0000000000000070       0x39 /usr/lib/gcc/arm-none-eabi/4.9.3/../../../arm-none-eabi/lib/armv7-m/libc_nano.a(lib_a-nano-mallocr.o)
 .comment       0x0000000000000070       0x39 /usr/lib/gcc/arm-none-eabi/4.9.3/../../../arm-none-eabi/lib/armv7-m/libc_nano.a(lib_a-nano-reallocr.o)
 .comment       0x0000000000000070       0x39 /usr/lib/gcc/arm-none-eabi/4.9.3/../../../arm-none-eabi/lib/armv7-m/libc_nano.a(lib_a-sbrkr.o)
 .comment       0x0000000000000070       0x39 /usr/lib/gcc/arm-none-eabi/4.9.3/../../../arm-none-eabi/lib/armv7-m/libc_nano.a(lib_a-nano-msizer.o)
 .comment       0x0000000000000070       0x39 /usr/lib/gcc/arm-none-eabi/4.9.3/../../../arm-none-eabi/lib/armv7-m/libc_nano.a(lib_a-reent.o)
 .comment       0x0000000000000070       0x39 /usr/lib/gcc/arm-none-eabi/4.9.3/../../../arm-none-eabi/lib/armv7-m/libnosys.a(sbrk.o)
 .comment       0x0000000000000070       0x39 /usr/lib/gcc/arm-none-eabi/4.9.3/armv7-m/libgcc.a(bpabi.o)
 .comment       0x0000000000000070       0x39 /usr/lib/gcc/arm-none-eabi/4.9.3/armv7-m/libgcc.a(_divdi3.o)
 .comment       0x0000000000000070       0x39 /usr/lib/gcc/arm-none-eabi/4.9.3/armv7-m/libgcc.a(_udivdi3.o)
 .comment       0x0000000000000070       0x39 /usr/lib/gcc/arm-none-eabi/4.9.3/armv7-m/crtend.o

.debug_info     0x0000000000000000    0x127ea
 .debug_info    0x0000000000000000      0xc87 build/main.o
 .debug_info    0x0000000000000c87      0x7c2 build/gpio.o
 .debug_info    0x0000000000001449      0xa2d build/usart.o
 .debug_info    0x0000000000001e76      0x98d build/usb_otg.o
 .debug_info    0x0000000000002803      0x17d build/stm32f2xx_it.o
 .debug_info    0x0000000000002980      0x2fa build/stm32f2xx_hal_msp.o
 .debug_info    0x0000000000002c7a     0x183b build/stm32f2xx_hal_uart.o
 .debug_info    0x00000000000044b5     0x171e build/stm32f2xx_hal_pcd.o
 .debug_info    0x0000000000005bd3     0x1833 build/stm32f2xx_ll_usb.o
 .debug_info    0x0000000000007406      0xa06 build/stm32f2xx_hal.o
 .debug_info    0x0000000000007e0c      0xdd4 build/stm32f2xx_hal_rcc.o
 .debug_info    0x0000000000008be0      0xfd9 build/stm32f2xx_hal_cortex.o
 .debug_info    0x0000000000009bb9      0x79d build/stm32f2xx_hal_gpio.o
 .debug_info    0x000000000000a356      0x545 build/system_stm32f2xx.o
 .debug_info    0x000000000000a89b     0x1045 build/one_wire.o
 .debug_info    0x000000000000b8e0       0x59 build/startup_stm32f207xx.o
 .debug_info    0x000000000000b939      0x7d3 /usr/lib/gcc/arm-none-eabi/4.9.3/../../../arm-none-eabi/lib/armv7-m/libc_nano.a(lib_a-impure.o)
 .debug_info    0x000000000000c10c      0x105 /usr/lib/gcc/arm-none-eabi/4.9.3/../../../arm-none-eabi/lib/armv7-m/libc_nano.a(lib_a-init.o)
 .debug_info    0x000000000000c211      0x8cb /usr/lib/gcc/arm-none-eabi/4.9.3/../../../arm-none-eabi/lib/armv7-m/libc_nano.a(lib_a-snprintf.o)
 .debug_info    0x000000000000cadc      0xdf4 /usr/lib/gcc/arm-none-eabi/4.9.3/../../../arm-none-eabi/lib/armv7-m/libc_nano.a(lib_a-nano-svfprintf.o)
 .debug_info    0x000000000000d8d0      0xb5b /usr/lib/gcc/arm-none-eabi/4.9.3/../../../arm-none-eabi/lib/armv7-m/libc_nano.a(lib_a-nano-vfprintf_i.o)
 .debug_info    0x000000000000e42b       0xf8 /usr/lib/gcc/arm-none-eabi/4.9.3/../../../arm-none-eabi/lib/armv7-m/libc_nano.a(lib_a-memchr.o)
 .debug_info    0x000000000000e523      0x104 /usr/lib/gcc/arm-none-eabi/4.9.3/../../../arm-none-eabi/lib/armv7-m/libc_nano.a(lib_a-memcpy.o)
 .debug_info    0x000000000000e627      0x102 /usr/lib/gcc/arm-none-eabi/4.9.3/../../../arm-none-eabi/lib/armv7-m/libc_nano.a(lib_a-memmove.o)
 .debug_info    0x000000000000e729      0x81a /usr/lib/gcc/arm-none-eabi/4.9.3/../../../arm-none-eabi/lib/armv7-m/libc_nano.a(lib_a-nano-freer.o)
 .debug_info    0x000000000000ef43      0x8fb /usr/lib/gcc/arm-none-eabi/4.9.3/../../../arm-none-eabi/lib/armv7-m/libc_nano.a(lib_a-nano-mallocr.o)
 .debug_info    0x000000000000f83e      0x8b5 /usr/lib/gcc/arm-none-eabi/4.9.3/../../../arm-none-eabi/lib/armv7-m/libc_nano.a(lib_a-nano-reallocr.o)
 .debug_info    0x00000000000100f3      0x7a0 /usr/lib/gcc/arm-none-eabi/4.9.3/../../../arm-none-eabi/lib/armv7-m/libc_nano.a(lib_a-sbrkr.o)
 .debug_info    0x0000000000010893      0x7b9 /usr/lib/gcc/arm-none-eabi/4.9.3/../../../arm-none-eabi/lib/armv7-m/libc_nano.a(lib_a-nano-msizer.o)
 .debug_info    0x000000000001104c      0x8fb /usr/lib/gcc/arm-none-eabi/4.9.3/../../../arm-none-eabi/lib/armv7-m/libc_nano.a(lib_a-reent.o)
 .debug_info    0x0000000000011947       0x99 /usr/lib/gcc/arm-none-eabi/4.9.3/../../../arm-none-eabi/lib/armv7-m/libnosys.a(sbrk.o)
 .debug_info    0x00000000000119e0       0xb5 /usr/lib/gcc/arm-none-eabi/4.9.3/armv7-m/libgcc.a(_aeabi_uldivmod.o)
 .debug_info    0x0000000000011a95      0x164 /usr/lib/gcc/arm-none-eabi/4.9.3/armv7-m/libgcc.a(bpabi.o)
 .debug_info    0x0000000000011bf9       0xb9 /usr/lib/gcc/arm-none-eabi/4.9.3/armv7-m/libgcc.a(_dvmd_tls.o)
 .debug_info    0x0000000000011cb2      0x5bc /usr/lib/gcc/arm-none-eabi/4.9.3/armv7-m/libgcc.a(_divdi3.o)
 .debug_info    0x000000000001226e      0x57c /usr/lib/gcc/arm-none-eabi/4.9.3/armv7-m/libgcc.a(_udivdi3.o)

.debug_abbrev   0x0000000000000000     0x38c8
 .debug_abbrev  0x0000000000000000      0x25a build/main.o
 .debug_abbrev  0x000000000000025a      0x157 build/gpio.o
 .debug_abbrev  0x00000000000003b1      0x1d8 build/usart.o
 .debug_abbrev  0x0000000000000589      0x1da build/usb_otg.o
 .debug_abbrev  0x0000000000000763       0x9f build/stm32f2xx_it.o
 .debug_abbrev  0x0000000000000802       0xd8 build/stm32f2xx_hal_msp.o
 .debug_abbrev  0x00000000000008da      0x2e6 build/stm32f2xx_hal_uart.o
 .debug_abbrev  0x0000000000000bc0      0x2c9 build/stm32f2xx_hal_pcd.o
 .debug_abbrev  0x0000000000000e89      0x26f build/stm32f2xx_ll_usb.o
 .debug_abbrev  0x00000000000010f8      0x29b build/stm32f2xx_hal.o
 .debug_abbrev  0x0000000000001393      0x30a build/stm32f2xx_hal_rcc.o
 .debug_abbrev  0x000000000000169d      0x2e4 build/stm32f2xx_hal_cortex.o
 .debug_abbrev  0x0000000000001981      0x200 build/stm32f2xx_hal_gpio.o
 .debug_abbrev  0x0000000000001b81      0x103 build/system_stm32f2xx.o
 .debug_abbrev  0x0000000000001c84      0x340 build/one_wire.o
 .debug_abbrev  0x0000000000001fc4       0x12 build/startup_stm32f207xx.o
 .debug_abbrev  0x0000000000001fd6      0x136 /usr/lib/gcc/arm-none-eabi/4.9.3/../../../arm-none-eabi/lib/armv7-m/libc_nano.a(lib_a-impure.o)
 .debug_abbrev  0x000000000000210c       0xba /usr/lib/gcc/arm-none-eabi/4.9.3/../../../arm-none-eabi/lib/armv7-m/libc_nano.a(lib_a-init.o)
 .debug_abbrev  0x00000000000021c6      0x1bf /usr/lib/gcc/arm-none-eabi/4.9.3/../../../arm-none-eabi/lib/armv7-m/libc_nano.a(lib_a-snprintf.o)
 .debug_abbrev  0x0000000000002385      0x278 /usr/lib/gcc/arm-none-eabi/4.9.3/../../../arm-none-eabi/lib/armv7-m/libc_nano.a(lib_a-nano-svfprintf.o)
 .debug_abbrev  0x00000000000025fd      0x1fb /usr/lib/gcc/arm-none-eabi/4.9.3/../../../arm-none-eabi/lib/armv7-m/libc_nano.a(lib_a-nano-vfprintf_i.o)
 .debug_abbrev  0x00000000000027f8       0xab /usr/lib/gcc/arm-none-eabi/4.9.3/../../../arm-none-eabi/lib/armv7-m/libc_nano.a(lib_a-memchr.o)
 .debug_abbrev  0x00000000000028a3       0xa4 /usr/lib/gcc/arm-none-eabi/4.9.3/../../../arm-none-eabi/lib/armv7-m/libc_nano.a(lib_a-memcpy.o)
 .debug_abbrev  0x0000000000002947       0x9c /usr/lib/gcc/arm-none-eabi/4.9.3/../../../arm-none-eabi/lib/armv7-m/libc_nano.a(lib_a-memmove.o)
 .debug_abbrev  0x00000000000029e3      0x1b6 /usr/lib/gcc/arm-none-eabi/4.9.3/../../../arm-none-eabi/lib/armv7-m/libc_nano.a(lib_a-nano-freer.o)
 .debug_abbrev  0x0000000000002b99      0x250 /usr/lib/gcc/arm-none-eabi/4.9.3/../../../arm-none-eabi/lib/armv7-m/libc_nano.a(lib_a-nano-mallocr.o)
 .debug_abbrev  0x0000000000002de9      0x1cb /usr/lib/gcc/arm-none-eabi/4.9.3/../../../arm-none-eabi/lib/armv7-m/libc_nano.a(lib_a-nano-reallocr.o)
 .debug_abbrev  0x0000000000002fb4      0x1a2 /usr/lib/gcc/arm-none-eabi/4.9.3/../../../arm-none-eabi/lib/armv7-m/libc_nano.a(lib_a-sbrkr.o)
 .debug_abbrev  0x0000000000003156      0x161 /usr/lib/gcc/arm-none-eabi/4.9.3/../../../arm-none-eabi/lib/armv7-m/libc_nano.a(lib_a-nano-msizer.o)
 .debug_abbrev  0x00000000000032b7      0x1f2 /usr/lib/gcc/arm-none-eabi/4.9.3/../../../arm-none-eabi/lib/armv7-m/libc_nano.a(lib_a-reent.o)
 .debug_abbrev  0x00000000000034a9       0x83 /usr/lib/gcc/arm-none-eabi/4.9.3/../../../arm-none-eabi/lib/armv7-m/libnosys.a(sbrk.o)
 .debug_abbrev  0x000000000000352c       0x14 /usr/lib/gcc/arm-none-eabi/4.9.3/armv7-m/libgcc.a(_aeabi_uldivmod.o)
 .debug_abbrev  0x0000000000003540       0xb7 /usr/lib/gcc/arm-none-eabi/4.9.3/armv7-m/libgcc.a(bpabi.o)
 .debug_abbrev  0x00000000000035f7       0x14 /usr/lib/gcc/arm-none-eabi/4.9.3/armv7-m/libgcc.a(_dvmd_tls.o)
 .debug_abbrev  0x000000000000360b      0x169 /usr/lib/gcc/arm-none-eabi/4.9.3/armv7-m/libgcc.a(_divdi3.o)
 .debug_abbrev  0x0000000000003774      0x154 /usr/lib/gcc/arm-none-eabi/4.9.3/armv7-m/libgcc.a(_udivdi3.o)

.debug_loc      0x0000000000000000     0x8e1d
 .debug_loc     0x0000000000000000      0x13e build/main.o
 .debug_loc     0x000000000000013e       0x39 build/gpio.o
 .debug_loc     0x0000000000000177       0xba build/usart.o
 .debug_loc     0x0000000000000231       0xba build/usb_otg.o
 .debug_loc     0x00000000000002eb       0x20 build/stm32f2xx_it.o
 .debug_loc     0x000000000000030b       0x2c build/stm32f2xx_hal_msp.o
 .debug_loc     0x0000000000000337     0x179e build/stm32f2xx_hal_uart.o
 .debug_loc     0x0000000000001ad5      0xd62 build/stm32f2xx_hal_pcd.o
 .debug_loc     0x0000000000002837     0x1911 build/stm32f2xx_ll_usb.o
 .debug_loc     0x0000000000004148      0x127 build/stm32f2xx_hal.o
 .debug_loc     0x000000000000426f      0x7db build/stm32f2xx_hal_rcc.o
 .debug_loc     0x0000000000004a4a      0x566 build/stm32f2xx_hal_cortex.o
 .debug_loc     0x0000000000004fb0      0x400 build/stm32f2xx_hal_gpio.o
 .debug_loc     0x00000000000053b0      0x137 build/system_stm32f2xx.o
 .debug_loc     0x00000000000054e7      0x87a build/one_wire.o
 .debug_loc     0x0000000000005d61       0x48 /usr/lib/gcc/arm-none-eabi/4.9.3/../../../arm-none-eabi/lib/armv7-m/libc_nano.a(lib_a-init.o)
 .debug_loc     0x0000000000005da9      0x153 /usr/lib/gcc/arm-none-eabi/4.9.3/../../../arm-none-eabi/lib/armv7-m/libc_nano.a(lib_a-snprintf.o)
 .debug_loc     0x0000000000005efc      0x53f /usr/lib/gcc/arm-none-eabi/4.9.3/../../../arm-none-eabi/lib/armv7-m/libc_nano.a(lib_a-nano-svfprintf.o)
 .debug_loc     0x000000000000643b      0x46d /usr/lib/gcc/arm-none-eabi/4.9.3/../../../arm-none-eabi/lib/armv7-m/libc_nano.a(lib_a-nano-vfprintf_i.o)
 .debug_loc     0x00000000000068a8       0xaa /usr/lib/gcc/arm-none-eabi/4.9.3/../../../arm-none-eabi/lib/armv7-m/libc_nano.a(lib_a-memchr.o)
 .debug_loc     0x0000000000006952       0x87 /usr/lib/gcc/arm-none-eabi/4.9.3/../../../arm-none-eabi/lib/armv7-m/libc_nano.a(lib_a-memcpy.o)
 .debug_loc     0x00000000000069d9       0xde /usr/lib/gcc/arm-none-eabi/4.9.3/../../../arm-none-eabi/lib/armv7-m/libc_nano.a(lib_a-memmove.o)
 .debug_loc     0x0000000000006ab7      0x172 /usr/lib/gcc/arm-none-eabi/4.9.3/../../../arm-none-eabi/lib/armv7-m/libc_nano.a(lib_a-nano-freer.o)
 .debug_loc     0x0000000000006c29      0x304 /usr/lib/gcc/arm-none-eabi/4.9.3/../../../arm-none-eabi/lib/armv7-m/libc_nano.a(lib_a-nano-mallocr.o)
 .debug_loc     0x0000000000006f2d      0x11b /usr/lib/gcc/arm-none-eabi/4.9.3/../../../arm-none-eabi/lib/armv7-m/libc_nano.a(lib_a-nano-reallocr.o)
 .debug_loc     0x0000000000007048       0x4d /usr/lib/gcc/arm-none-eabi/4.9.3/../../../arm-none-eabi/lib/armv7-m/libc_nano.a(lib_a-sbrkr.o)
 .debug_loc     0x0000000000007095       0xb5 /usr/lib/gcc/arm-none-eabi/4.9.3/../../../arm-none-eabi/lib/armv7-m/libc_nano.a(lib_a-nano-msizer.o)
 .debug_loc     0x000000000000714a       0xfa /usr/lib/gcc/arm-none-eabi/4.9.3/../../../arm-none-eabi/lib/armv7-m/libc_nano.a(lib_a-reent.o)
 .debug_loc     0x0000000000007244       0x21 /usr/lib/gcc/arm-none-eabi/4.9.3/../../../arm-none-eabi/lib/armv7-m/libnosys.a(sbrk.o)
 .debug_loc     0x0000000000007265       0xa0 /usr/lib/gcc/arm-none-eabi/4.9.3/armv7-m/libgcc.a(bpabi.o)
 .debug_loc     0x0000000000007305      0xdbd /usr/lib/gcc/arm-none-eabi/4.9.3/armv7-m/libgcc.a(_divdi3.o)
 .debug_loc     0x00000000000080c2      0xd5b /usr/lib/gcc/arm-none-eabi/4.9.3/armv7-m/libgcc.a(_udivdi3.o)

.debug_aranges  0x0000000000000000      0xb98
 .debug_aranges
                0x0000000000000000       0x30 build/main.o
 .debug_aranges
                0x0000000000000030       0x20 build/gpio.o
 .debug_aranges
                0x0000000000000050       0x30 build/usart.o
 .debug_aranges
                0x0000000000000080       0x30 build/usb_otg.o
 .debug_aranges
                0x00000000000000b0       0x60 build/stm32f2xx_it.o
 .debug_aranges
                0x0000000000000110       0x20 build/stm32f2xx_hal_msp.o
 .debug_aranges
                0x0000000000000130      0x1d0 build/stm32f2xx_hal_uart.o
 .debug_aranges
                0x0000000000000300      0x120 build/stm32f2xx_hal_pcd.o
 .debug_aranges
                0x0000000000000420      0x180 build/stm32f2xx_ll_usb.o
 .debug_aranges
                0x00000000000005a0       0xc8 build/stm32f2xx_hal.o
 .debug_aranges
                0x0000000000000668       0x88 build/stm32f2xx_hal_rcc.o
 .debug_aranges
                0x00000000000006f0       0xa8 build/stm32f2xx_hal_cortex.o
 .debug_aranges
                0x0000000000000798       0x58 build/stm32f2xx_hal_gpio.o
 .debug_aranges
                0x00000000000007f0       0x28 build/system_stm32f2xx.o
 .debug_aranges
                0x0000000000000818       0xb8 build/one_wire.o
 .debug_aranges
                0x00000000000008d0       0x28 build/startup_stm32f207xx.o
 .debug_aranges
                0x00000000000008f8       0x18 /usr/lib/gcc/arm-none-eabi/4.9.3/../../../arm-none-eabi/lib/armv7-m/libc_nano.a(lib_a-impure.o)
 .debug_aranges
                0x0000000000000910       0x20 /usr/lib/gcc/arm-none-eabi/4.9.3/../../../arm-none-eabi/lib/armv7-m/libc_nano.a(lib_a-init.o)
 .debug_aranges
                0x0000000000000930       0x28 /usr/lib/gcc/arm-none-eabi/4.9.3/../../../arm-none-eabi/lib/armv7-m/libc_nano.a(lib_a-snprintf.o)
 .debug_aranges
                0x0000000000000958       0x30 /usr/lib/gcc/arm-none-eabi/4.9.3/../../../arm-none-eabi/lib/armv7-m/libc_nano.a(lib_a-nano-svfprintf.o)
 .debug_aranges
                0x0000000000000988       0x28 /usr/lib/gcc/arm-none-eabi/4.9.3/../../../arm-none-eabi/lib/armv7-m/libc_nano.a(lib_a-nano-vfprintf_i.o)
 .debug_aranges
                0x00000000000009b0       0x20 /usr/lib/gcc/arm-none-eabi/4.9.3/../../../arm-none-eabi/lib/armv7-m/libc_nano.a(lib_a-memchr.o)
 .debug_aranges
                0x00000000000009d0       0x20 /usr/lib/gcc/arm-none-eabi/4.9.3/../../../arm-none-eabi/lib/armv7-m/libc_nano.a(lib_a-memcpy.o)
 .debug_aranges
                0x00000000000009f0       0x20 /usr/lib/gcc/arm-none-eabi/4.9.3/../../../arm-none-eabi/lib/armv7-m/libc_nano.a(lib_a-memmove.o)
 .debug_aranges
                0x0000000000000a10       0x20 /usr/lib/gcc/arm-none-eabi/4.9.3/../../../arm-none-eabi/lib/armv7-m/libc_nano.a(lib_a-nano-freer.o)
 .debug_aranges
                0x0000000000000a30       0x20 /usr/lib/gcc/arm-none-eabi/4.9.3/../../../arm-none-eabi/lib/armv7-m/libc_nano.a(lib_a-nano-mallocr.o)
 .debug_aranges
                0x0000000000000a50       0x20 /usr/lib/gcc/arm-none-eabi/4.9.3/../../../arm-none-eabi/lib/armv7-m/libc_nano.a(lib_a-nano-reallocr.o)
 .debug_aranges
                0x0000000000000a70       0x20 /usr/lib/gcc/arm-none-eabi/4.9.3/../../../arm-none-eabi/lib/armv7-m/libc_nano.a(lib_a-sbrkr.o)
 .debug_aranges
                0x0000000000000a90       0x20 /usr/lib/gcc/arm-none-eabi/4.9.3/../../../arm-none-eabi/lib/armv7-m/libc_nano.a(lib_a-nano-msizer.o)
 .debug_aranges
                0x0000000000000ab0       0x28 /usr/lib/gcc/arm-none-eabi/4.9.3/../../../arm-none-eabi/lib/armv7-m/libc_nano.a(lib_a-reent.o)
 .debug_aranges
                0x0000000000000ad8       0x20 /usr/lib/gcc/arm-none-eabi/4.9.3/../../../arm-none-eabi/lib/armv7-m/libnosys.a(sbrk.o)
 .debug_aranges
                0x0000000000000af8       0x20 /usr/lib/gcc/arm-none-eabi/4.9.3/armv7-m/libgcc.a(_aeabi_uldivmod.o)
 .debug_aranges
                0x0000000000000b18       0x20 /usr/lib/gcc/arm-none-eabi/4.9.3/armv7-m/libgcc.a(bpabi.o)
 .debug_aranges
                0x0000000000000b38       0x20 /usr/lib/gcc/arm-none-eabi/4.9.3/armv7-m/libgcc.a(_dvmd_tls.o)
 .debug_aranges
                0x0000000000000b58       0x20 /usr/lib/gcc/arm-none-eabi/4.9.3/armv7-m/libgcc.a(_divdi3.o)
 .debug_aranges
                0x0000000000000b78       0x20 /usr/lib/gcc/arm-none-eabi/4.9.3/armv7-m/libgcc.a(_udivdi3.o)

.debug_ranges   0x0000000000000000      0xba8
 .debug_ranges  0x0000000000000000       0x38 build/main.o
 .debug_ranges  0x0000000000000038       0x10 build/gpio.o
 .debug_ranges  0x0000000000000048       0x20 build/usart.o
 .debug_ranges  0x0000000000000068       0x20 build/usb_otg.o
 .debug_ranges  0x0000000000000088       0x50 build/stm32f2xx_it.o
 .debug_ranges  0x00000000000000d8       0x10 build/stm32f2xx_hal_msp.o
 .debug_ranges  0x00000000000000e8      0x1c0 build/stm32f2xx_hal_uart.o
 .debug_ranges  0x00000000000002a8      0x110 build/stm32f2xx_hal_pcd.o
 .debug_ranges  0x00000000000003b8      0x170 build/stm32f2xx_ll_usb.o
 .debug_ranges  0x0000000000000528       0xb8 build/stm32f2xx_hal.o
 .debug_ranges  0x00000000000005e0       0x78 build/stm32f2xx_hal_rcc.o
 .debug_ranges  0x0000000000000658       0x98 build/stm32f2xx_hal_cortex.o
 .debug_ranges  0x00000000000006f0       0x48 build/stm32f2xx_hal_gpio.o
 .debug_ranges  0x0000000000000738       0x18 build/system_stm32f2xx.o
 .debug_ranges  0x0000000000000750       0xa8 build/one_wire.o
 .debug_ranges  0x00000000000007f8       0x20 build/startup_stm32f207xx.o
 .debug_ranges  0x0000000000000818       0x10 /usr/lib/gcc/arm-none-eabi/4.9.3/../../../arm-none-eabi/lib/armv7-m/libc_nano.a(lib_a-init.o)
 .debug_ranges  0x0000000000000828       0x18 /usr/lib/gcc/arm-none-eabi/4.9.3/../../../arm-none-eabi/lib/armv7-m/libc_nano.a(lib_a-snprintf.o)
 .debug_ranges  0x0000000000000840       0x50 /usr/lib/gcc/arm-none-eabi/4.9.3/../../../arm-none-eabi/lib/armv7-m/libc_nano.a(lib_a-nano-svfprintf.o)
 .debug_ranges  0x0000000000000890       0x60 /usr/lib/gcc/arm-none-eabi/4.9.3/../../../arm-none-eabi/lib/armv7-m/libc_nano.a(lib_a-nano-vfprintf_i.o)
 .debug_ranges  0x00000000000008f0       0x10 /usr/lib/gcc/arm-none-eabi/4.9.3/../../../arm-none-eabi/lib/armv7-m/libc_nano.a(lib_a-memchr.o)
 .debug_ranges  0x0000000000000900       0x10 /usr/lib/gcc/arm-none-eabi/4.9.3/../../../arm-none-eabi/lib/armv7-m/libc_nano.a(lib_a-memcpy.o)
 .debug_ranges  0x0000000000000910       0x10 /usr/lib/gcc/arm-none-eabi/4.9.3/../../../arm-none-eabi/lib/armv7-m/libc_nano.a(lib_a-memmove.o)
 .debug_ranges  0x0000000000000920       0x28 /usr/lib/gcc/arm-none-eabi/4.9.3/../../../arm-none-eabi/lib/armv7-m/libc_nano.a(lib_a-nano-freer.o)
 .debug_ranges  0x0000000000000948       0x28 /usr/lib/gcc/arm-none-eabi/4.9.3/../../../arm-none-eabi/lib/armv7-m/libc_nano.a(lib_a-nano-mallocr.o)
 .debug_ranges  0x0000000000000970       0x10 /usr/lib/gcc/arm-none-eabi/4.9.3/../../../arm-none-eabi/lib/armv7-m/libc_nano.a(lib_a-nano-reallocr.o)
 .debug_ranges  0x0000000000000980       0x10 /usr/lib/gcc/arm-none-eabi/4.9.3/../../../arm-none-eabi/lib/armv7-m/libc_nano.a(lib_a-sbrkr.o)
 .debug_ranges  0x0000000000000990       0x10 /usr/lib/gcc/arm-none-eabi/4.9.3/../../../arm-none-eabi/lib/armv7-m/libc_nano.a(lib_a-nano-msizer.o)
 .debug_ranges  0x00000000000009a0       0x18 /usr/lib/gcc/arm-none-eabi/4.9.3/../../../arm-none-eabi/lib/armv7-m/libc_nano.a(lib_a-reent.o)
 .debug_ranges  0x00000000000009b8       0x10 /usr/lib/gcc/arm-none-eabi/4.9.3/../../../arm-none-eabi/lib/armv7-m/libnosys.a(sbrk.o)
 .debug_ranges  0x00000000000009c8       0xf0 /usr/lib/gcc/arm-none-eabi/4.9.3/armv7-m/libgcc.a(_divdi3.o)
 .debug_ranges  0x0000000000000ab8       0xf0 /usr/lib/gcc/arm-none-eabi/4.9.3/armv7-m/libgcc.a(_udivdi3.o)

.debug_line     0x0000000000000000     0x4e11
 .debug_line    0x0000000000000000      0x334 build/main.o
 .debug_line    0x0000000000000334      0x18b build/gpio.o
 .debug_line    0x00000000000004bf      0x1bd build/usart.o
 .debug_line    0x000000000000067c      0x1d2 build/usb_otg.o
 .debug_line    0x000000000000084e      0x18b build/stm32f2xx_it.o
 .debug_line    0x00000000000009d9      0x104 build/stm32f2xx_hal_msp.o
 .debug_line    0x0000000000000add      0xa43 build/stm32f2xx_hal_uart.o
 .debug_line    0x0000000000001520      0x64e build/stm32f2xx_hal_pcd.o
 .debug_line    0x0000000000001b6e      0x72e build/stm32f2xx_ll_usb.o
 .debug_line    0x000000000000229c      0x333 build/stm32f2xx_hal.o
 .debug_line    0x00000000000025cf      0x4cc build/stm32f2xx_hal_rcc.o
 .debug_line    0x0000000000002a9b      0x364 build/stm32f2xx_hal_cortex.o
 .debug_line    0x0000000000002dff      0x2ed build/stm32f2xx_hal_gpio.o
 .debug_line    0x00000000000030ec      0x12a build/system_stm32f2xx.o
 .debug_line    0x0000000000003216      0x3c9 build/one_wire.o
 .debug_line    0x00000000000035df       0x74 build/startup_stm32f207xx.o
 .debug_line    0x0000000000003653       0xf1 /usr/lib/gcc/arm-none-eabi/4.9.3/../../../arm-none-eabi/lib/armv7-m/libc_nano.a(lib_a-impure.o)
 .debug_line    0x0000000000003744       0xb7 /usr/lib/gcc/arm-none-eabi/4.9.3/../../../arm-none-eabi/lib/armv7-m/libc_nano.a(lib_a-init.o)
 .debug_line    0x00000000000037fb      0x1b9 /usr/lib/gcc/arm-none-eabi/4.9.3/../../../arm-none-eabi/lib/armv7-m/libc_nano.a(lib_a-snprintf.o)
 .debug_line    0x00000000000039b4      0x2e7 /usr/lib/gcc/arm-none-eabi/4.9.3/../../../arm-none-eabi/lib/armv7-m/libc_nano.a(lib_a-nano-svfprintf.o)
 .debug_line    0x0000000000003c9b      0x305 /usr/lib/gcc/arm-none-eabi/4.9.3/../../../arm-none-eabi/lib/armv7-m/libc_nano.a(lib_a-nano-vfprintf_i.o)
 .debug_line    0x0000000000003fa0       0xf0 /usr/lib/gcc/arm-none-eabi/4.9.3/../../../arm-none-eabi/lib/armv7-m/libc_nano.a(lib_a-memchr.o)
 .debug_line    0x0000000000004090       0xed /usr/lib/gcc/arm-none-eabi/4.9.3/../../../arm-none-eabi/lib/armv7-m/libc_nano.a(lib_a-memcpy.o)
 .debug_line    0x000000000000417d       0xfb /usr/lib/gcc/arm-none-eabi/4.9.3/../../../arm-none-eabi/lib/armv7-m/libc_nano.a(lib_a-memmove.o)
 .debug_line    0x0000000000004278      0x145 /usr/lib/gcc/arm-none-eabi/4.9.3/../../../arm-none-eabi/lib/armv7-m/libc_nano.a(lib_a-nano-freer.o)
 .debug_line    0x00000000000043bd      0x199 /usr/lib/gcc/arm-none-eabi/4.9.3/../../../arm-none-eabi/lib/armv7-m/libc_nano.a(lib_a-nano-mallocr.o)
 .debug_line    0x0000000000004556      0x17e /usr/lib/gcc/arm-none-eabi/4.9.3/../../../arm-none-eabi/lib/armv7-m/libc_nano.a(lib_a-nano-reallocr.o)
 .debug_line    0x00000000000046d4      0x162 /usr/lib/gcc/arm-none-eabi/4.9.3/../../../arm-none-eabi/lib/armv7-m/libc_nano.a(lib_a-sbrkr.o)
 .debug_line    0x0000000000004836      0x10d /usr/lib/gcc/arm-none-eabi/4.9.3/../../../arm-none-eabi/lib/armv7-m/libc_nano.a(lib_a-nano-msizer.o)
 .debug_line    0x0000000000004943      0x19e /usr/lib/gcc/arm-none-eabi/4.9.3/../../../arm-none-eabi/lib/armv7-m/libc_nano.a(lib_a-reent.o)
 .debug_line    0x0000000000004ae1       0x58 /usr/lib/gcc/arm-none-eabi/4.9.3/../../../arm-none-eabi/lib/armv7-m/libnosys.a(sbrk.o)
 .debug_line    0x0000000000004b39       0x62 /usr/lib/gcc/arm-none-eabi/4.9.3/armv7-m/libgcc.a(_aeabi_uldivmod.o)
 .debug_line    0x0000000000004b9b       0x64 /usr/lib/gcc/arm-none-eabi/4.9.3/armv7-m/libgcc.a(bpabi.o)
 .debug_line    0x0000000000004bff       0x5e /usr/lib/gcc/arm-none-eabi/4.9.3/armv7-m/libgcc.a(_dvmd_tls.o)
 .debug_line    0x0000000000004c5d       0xe1 /usr/lib/gcc/arm-none-eabi/4.9.3/armv7-m/libgcc.a(_divdi3.o)
 .debug_line    0x0000000000004d3e       0xd3 /usr/lib/gcc/arm-none-eabi/4.9.3/armv7-m/libgcc.a(_udivdi3.o)

.debug_str      0x0000000000000000     0x3e9f
 .debug_str     0x0000000000000000      0x7b8 build/main.o
                                        0x852 (size before relaxing)
 .debug_str     0x00000000000007b8      0x14c build/gpio.o
                                        0x352 (size before relaxing)
 .debug_str     0x0000000000000904       0x57 build/usart.o
                                        0x79a (size before relaxing)
 .debug_str     0x000000000000095b      0x2fc build/usb_otg.o
                                        0x6b4 (size before relaxing)
 .debug_str     0x0000000000000c57       0xb4 build/stm32f2xx_it.o
                                        0x1f5 (size before relaxing)
 .debug_str     0x0000000000000d0b       0x29 build/stm32f2xx_hal_msp.o
                                        0x281 (size before relaxing)
 .debug_str     0x0000000000000d34      0x57e build/stm32f2xx_hal_uart.o
                                        0xbb2 (size before relaxing)
 .debug_str     0x00000000000012b2      0x6cd build/stm32f2xx_hal_pcd.o
                                        0xb9f (size before relaxing)
 .debug_str     0x000000000000197f      0x3bc build/stm32f2xx_ll_usb.o
                                        0xb33 (size before relaxing)
 .debug_str     0x0000000000001d3b      0x772 build/stm32f2xx_hal.o
                                        0xa63 (size before relaxing)
 .debug_str     0x00000000000024ad      0x167 build/stm32f2xx_hal_rcc.o
                                        0x699 (size before relaxing)
 .debug_str     0x0000000000002614      0x3bd build/stm32f2xx_hal_cortex.o
                                        0xbdb (size before relaxing)
 .debug_str     0x00000000000029d1      0x112 build/stm32f2xx_hal_gpio.o
                                        0x4a6 (size before relaxing)
 .debug_str     0x0000000000002ae3       0x47 build/system_stm32f2xx.o
                                        0x33b (size before relaxing)
 .debug_str     0x0000000000002b2a      0x358 build/one_wire.o
                                        0x6c9 (size before relaxing)
 .debug_str     0x0000000000002e82      0x498 /usr/lib/gcc/arm-none-eabi/4.9.3/../../../arm-none-eabi/lib/armv7-m/libc_nano.a(lib_a-impure.o)
                                        0x57a (size before relaxing)
 .debug_str     0x000000000000331a       0xf2 /usr/lib/gcc/arm-none-eabi/4.9.3/../../../arm-none-eabi/lib/armv7-m/libc_nano.a(lib_a-init.o)
                                        0x231 (size before relaxing)
 .debug_str     0x000000000000340c       0xcf /usr/lib/gcc/arm-none-eabi/4.9.3/../../../arm-none-eabi/lib/armv7-m/libc_nano.a(lib_a-snprintf.o)
                                        0x577 (size before relaxing)
 .debug_str     0x00000000000034db      0x1f1 /usr/lib/gcc/arm-none-eabi/4.9.3/../../../arm-none-eabi/lib/armv7-m/libc_nano.a(lib_a-nano-svfprintf.o)
                                        0x6ac (size before relaxing)
 .debug_str     0x00000000000036cc       0x8e /usr/lib/gcc/arm-none-eabi/4.9.3/../../../arm-none-eabi/lib/armv7-m/libc_nano.a(lib_a-nano-vfprintf_i.o)
                                        0x64b (size before relaxing)
 .debug_str     0x000000000000375a       0xa8 /usr/lib/gcc/arm-none-eabi/4.9.3/../../../arm-none-eabi/lib/armv7-m/libc_nano.a(lib_a-memchr.o)
                                        0x1e2 (size before relaxing)
 .debug_str     0x0000000000003802       0x42 /usr/lib/gcc/arm-none-eabi/4.9.3/../../../arm-none-eabi/lib/armv7-m/libc_nano.a(lib_a-memcpy.o)
                                        0x1e6 (size before relaxing)
 .debug_str     0x0000000000003844       0x38 /usr/lib/gcc/arm-none-eabi/4.9.3/../../../arm-none-eabi/lib/armv7-m/libc_nano.a(lib_a-memmove.o)
                                        0x1ed (size before relaxing)
 .debug_str     0x000000000000387c       0xfa /usr/lib/gcc/arm-none-eabi/4.9.3/../../../arm-none-eabi/lib/armv7-m/libc_nano.a(lib_a-nano-freer.o)
                                        0x593 (size before relaxing)
 .debug_str     0x0000000000003976       0x50 /usr/lib/gcc/arm-none-eabi/4.9.3/../../../arm-none-eabi/lib/armv7-m/libc_nano.a(lib_a-nano-mallocr.o)
                                        0x5c8 (size before relaxing)
 .debug_str     0x00000000000039c6       0x23 /usr/lib/gcc/arm-none-eabi/4.9.3/../../../arm-none-eabi/lib/armv7-m/libc_nano.a(lib_a-nano-reallocr.o)
                                        0x59b (size before relaxing)
 .debug_str     0x00000000000039e9       0x37 /usr/lib/gcc/arm-none-eabi/4.9.3/../../../arm-none-eabi/lib/armv7-m/libc_nano.a(lib_a-sbrkr.o)
                                        0x532 (size before relaxing)
 .debug_str     0x0000000000003a20        0xf /usr/lib/gcc/arm-none-eabi/4.9.3/../../../arm-none-eabi/lib/armv7-m/libc_nano.a(lib_a-nano-msizer.o)
                                        0x579 (size before relaxing)
 .debug_str     0x0000000000003a2f       0x58 /usr/lib/gcc/arm-none-eabi/4.9.3/../../../arm-none-eabi/lib/armv7-m/libc_nano.a(lib_a-reent.o)
                                        0x55a (size before relaxing)
 .debug_str     0x0000000000003a87      0x109 /usr/lib/gcc/arm-none-eabi/4.9.3/../../../arm-none-eabi/lib/armv7-m/libnosys.a(sbrk.o)
                                        0x122 (size before relaxing)
 .debug_str     0x0000000000003b90      0x1a7 /usr/lib/gcc/arm-none-eabi/4.9.3/armv7-m/libgcc.a(bpabi.o)
                                        0x1cc (size before relaxing)
 .debug_str     0x0000000000003d37      0x168 /usr/lib/gcc/arm-none-eabi/4.9.3/armv7-m/libgcc.a(_divdi3.o)
                                        0x27a (size before relaxing)
 .debug_str     0x0000000000003e9f      0x27b /usr/lib/gcc/arm-none-eabi/4.9.3/armv7-m/libgcc.a(_udivdi3.o)

.debug_frame    0x0000000000000000     0x1c60
 .debug_frame   0x0000000000000000       0x6c build/main.o
 .debug_frame   0x000000000000006c       0x48 build/gpio.o
 .debug_frame   0x00000000000000b4       0x64 build/usart.o
 .debug_frame   0x0000000000000118       0x70 build/usb_otg.o
 .debug_frame   0x0000000000000188       0xac build/stm32f2xx_it.o
 .debug_frame   0x0000000000000234       0x28 build/stm32f2xx_hal_msp.o
 .debug_frame   0x000000000000025c      0x578 build/stm32f2xx_hal_uart.o
 .debug_frame   0x00000000000007d4      0x368 build/stm32f2xx_hal_pcd.o
 .debug_frame   0x0000000000000b3c      0x4d0 build/stm32f2xx_ll_usb.o
 .debug_frame   0x000000000000100c      0x1a8 build/stm32f2xx_hal.o
 .debug_frame   0x00000000000011b4      0x1a4 build/stm32f2xx_hal_rcc.o
 .debug_frame   0x0000000000001358      0x168 build/stm32f2xx_hal_cortex.o
 .debug_frame   0x00000000000014c0       0xd4 build/stm32f2xx_hal_gpio.o
 .debug_frame   0x0000000000001594       0x30 build/system_stm32f2xx.o
 .debug_frame   0x00000000000015c4      0x260 build/one_wire.o
 .debug_frame   0x0000000000001824       0x2c /usr/lib/gcc/arm-none-eabi/4.9.3/../../../arm-none-eabi/lib/armv7-m/libc_nano.a(lib_a-init.o)
 .debug_frame   0x0000000000001850       0x74 /usr/lib/gcc/arm-none-eabi/4.9.3/../../../arm-none-eabi/lib/armv7-m/libc_nano.a(lib_a-snprintf.o)
 .debug_frame   0x00000000000018c4       0x8c /usr/lib/gcc/arm-none-eabi/4.9.3/../../../arm-none-eabi/lib/armv7-m/libc_nano.a(lib_a-nano-svfprintf.o)
 .debug_frame   0x0000000000001950       0x58 /usr/lib/gcc/arm-none-eabi/4.9.3/../../../arm-none-eabi/lib/armv7-m/libc_nano.a(lib_a-nano-vfprintf_i.o)
 .debug_frame   0x00000000000019a8       0x28 /usr/lib/gcc/arm-none-eabi/4.9.3/../../../arm-none-eabi/lib/armv7-m/libc_nano.a(lib_a-memchr.o)
 .debug_frame   0x00000000000019d0       0x28 /usr/lib/gcc/arm-none-eabi/4.9.3/../../../arm-none-eabi/lib/armv7-m/libc_nano.a(lib_a-memcpy.o)
 .debug_frame   0x00000000000019f8       0x28 /usr/lib/gcc/arm-none-eabi/4.9.3/../../../arm-none-eabi/lib/armv7-m/libc_nano.a(lib_a-memmove.o)
 .debug_frame   0x0000000000001a20       0x2c /usr/lib/gcc/arm-none-eabi/4.9.3/../../../arm-none-eabi/lib/armv7-m/libc_nano.a(lib_a-nano-freer.o)
 .debug_frame   0x0000000000001a4c       0x2c /usr/lib/gcc/arm-none-eabi/4.9.3/../../../arm-none-eabi/lib/armv7-m/libc_nano.a(lib_a-nano-mallocr.o)
 .debug_frame   0x0000000000001a78       0x3c /usr/lib/gcc/arm-none-eabi/4.9.3/../../../arm-none-eabi/lib/armv7-m/libc_nano.a(lib_a-nano-reallocr.o)
 .debug_frame   0x0000000000001ab4       0x2c /usr/lib/gcc/arm-none-eabi/4.9.3/../../../arm-none-eabi/lib/armv7-m/libc_nano.a(lib_a-sbrkr.o)
 .debug_frame   0x0000000000001ae0       0x20 /usr/lib/gcc/arm-none-eabi/4.9.3/../../../arm-none-eabi/lib/armv7-m/libc_nano.a(lib_a-nano-msizer.o)
 .debug_frame   0x0000000000001b00       0x5c /usr/lib/gcc/arm-none-eabi/4.9.3/../../../arm-none-eabi/lib/armv7-m/libc_nano.a(lib_a-reent.o)
 .debug_frame   0x0000000000001b5c       0x20 /usr/lib/gcc/arm-none-eabi/4.9.3/../../../arm-none-eabi/lib/armv7-m/libnosys.a(sbrk.o)
 .debug_frame   0x0000000000001b7c       0x28 /usr/lib/gcc/arm-none-eabi/4.9.3/armv7-m/libgcc.a(_aeabi_uldivmod.o)
 .debug_frame   0x0000000000001ba4       0x54 /usr/lib/gcc/arm-none-eabi/4.9.3/armv7-m/libgcc.a(bpabi.o)
 .debug_frame   0x0000000000001bf8       0x34 /usr/lib/gcc/arm-none-eabi/4.9.3/armv7-m/libgcc.a(_divdi3.o)
 .debug_frame   0x0000000000001c2c       0x34 /usr/lib/gcc/arm-none-eabi/4.9.3/armv7-m/libgcc.a(_udivdi3.o)

Cross Reference Table

Symbol                                            File
ADC_IRQHandler                                    build/startup_stm32f207xx.o
AHBPrescTable                                     build/system_stm32f2xx.o
                                                  build/stm32f2xx_hal_rcc.o
APBPrescTable                                     build/system_stm32f2xx.o
                                                  build/stm32f2xx_hal_rcc.o
BusFault_Handler                                  build/stm32f2xx_it.o
CAN1_RX0_IRQHandler                               build/startup_stm32f207xx.o
CAN1_RX1_IRQHandler                               build/startup_stm32f207xx.o
CAN1_SCE_IRQHandler                               build/startup_stm32f207xx.o
CAN1_TX_IRQHandler                                build/startup_stm32f207xx.o
CAN2_RX0_IRQHandler                               build/startup_stm32f207xx.o
CAN2_RX1_IRQHandler                               build/startup_stm32f207xx.o
CAN2_SCE_IRQHandler                               build/startup_stm32f207xx.o
CAN2_TX_IRQHandler                                build/startup_stm32f207xx.o
DCMI_IRQHandler                                   build/startup_stm32f207xx.o
DMA1_Stream0_IRQHandler                           build/startup_stm32f207xx.o
DMA1_Stream1_IRQHandler                           build/startup_stm32f207xx.o
DMA1_Stream2_IRQHandler                           build/startup_stm32f207xx.o
DMA1_Stream3_IRQHandler                           build/startup_stm32f207xx.o
DMA1_Stream4_IRQHandler                           build/startup_stm32f207xx.o
DMA1_Stream5_IRQHandler                           build/startup_stm32f207xx.o
DMA1_Stream6_IRQHandler                           build/startup_stm32f207xx.o
DMA1_Stream7_IRQHandler                           build/startup_stm32f207xx.o
DMA2_Stream0_IRQHandler                           build/startup_stm32f207xx.o
DMA2_Stream1_IRQHandler                           build/startup_stm32f207xx.o
DMA2_Stream2_IRQHandler                           build/startup_stm32f207xx.o
DMA2_Stream3_IRQHandler                           build/startup_stm32f207xx.o
DMA2_Stream4_IRQHandler                           build/startup_stm32f207xx.o
DMA2_Stream5_IRQHandler                           build/startup_stm32f207xx.o
DMA2_Stream6_IRQHandler                           build/startup_stm32f207xx.o
DMA2_Stream7_IRQHandler                           build/startup_stm32f207xx.o
DebugMon_Handler                                  build/stm32f2xx_it.o
Default_Handler                                   build/startup_stm32f207xx.o
ETH_IRQHandler                                    build/startup_stm32f207xx.o
ETH_WKUP_IRQHandler                               build/startup_stm32f207xx.o
EXTI0_IRQHandler                                  build/startup_stm32f207xx.o
EXTI15_10_IRQHandler                              build/startup_stm32f207xx.o
EXTI1_IRQHandler                                  build/startup_stm32f207xx.o
EXTI2_IRQHandler                                  build/startup_stm32f207xx.o
EXTI3_IRQHandler                                  build/startup_stm32f207xx.o
EXTI4_IRQHandler                                  build/startup_stm32f207xx.o
EXTI9_5_IRQHandler                                build/startup_stm32f207xx.o
Error_Handler                                     build/main.o
                                                  build/usb_otg.o
                                                  build/usart.o
FLASH_Erase_Sector                                build/stm32f2xx_hal_flash_ex.o
                                                  build/stm32f2xx_hal_flash.o
FLASH_FlushCaches                                 build/stm32f2xx_hal_flash_ex.o
                                                  build/stm32f2xx_hal_flash.o
FLASH_IRQHandler                                  build/startup_stm32f207xx.o
FLASH_WaitForLastOperation                        build/stm32f2xx_hal_flash.o
                                                  build/stm32f2xx_hal_flash_ex.o
FSMC_IRQHandler                                   build/startup_stm32f207xx.o
HAL_DBGMCU_DisableDBGSleepMode                    build/stm32f2xx_hal.o
HAL_DBGMCU_DisableDBGStandbyMode                  build/stm32f2xx_hal.o
HAL_DBGMCU_DisableDBGStopMode                     build/stm32f2xx_hal.o
HAL_DBGMCU_EnableDBGSleepMode                     build/stm32f2xx_hal.o
HAL_DBGMCU_EnableDBGStandbyMode                   build/stm32f2xx_hal.o
HAL_DBGMCU_EnableDBGStopMode                      build/stm32f2xx_hal.o
HAL_DMAEx_ChangeMemory                            build/stm32f2xx_hal_dma_ex.o
HAL_DMAEx_MultiBufferStart                        build/stm32f2xx_hal_dma_ex.o
HAL_DMAEx_MultiBufferStart_IT                     build/stm32f2xx_hal_dma_ex.o
HAL_DMA_Abort                                     build/stm32f2xx_hal_dma.o
                                                  build/stm32f2xx_hal_uart.o
HAL_DMA_Abort_IT                                  build/stm32f2xx_hal_dma.o
                                                  build/stm32f2xx_hal_uart.o
HAL_DMA_DeInit                                    build/stm32f2xx_hal_dma.o
HAL_DMA_GetError                                  build/stm32f2xx_hal_dma.o
HAL_DMA_GetState                                  build/stm32f2xx_hal_dma.o
HAL_DMA_IRQHandler                                build/stm32f2xx_hal_dma.o
HAL_DMA_Init                                      build/stm32f2xx_hal_dma.o
HAL_DMA_PollForTransfer                           build/stm32f2xx_hal_dma.o
HAL_DMA_RegisterCallback                          build/stm32f2xx_hal_dma.o
HAL_DMA_Start                                     build/stm32f2xx_hal_dma.o
HAL_DMA_Start_IT                                  build/stm32f2xx_hal_dma.o
                                                  build/stm32f2xx_hal_uart.o
HAL_DMA_UnRegisterCallback                        build/stm32f2xx_hal_dma.o
HAL_DeInit                                        build/stm32f2xx_hal.o
HAL_Delay                                         build/stm32f2xx_hal.o
                                                  build/stm32f2xx_ll_usb.o
HAL_DisableCompensationCell                       build/stm32f2xx_hal.o
HAL_EnableCompensationCell                        build/stm32f2xx_hal.o
HAL_FLASHEx_Erase                                 build/stm32f2xx_hal_flash_ex.o
HAL_FLASHEx_Erase_IT                              build/stm32f2xx_hal_flash_ex.o
HAL_FLASHEx_OBGetConfig                           build/stm32f2xx_hal_flash_ex.o
HAL_FLASHEx_OBProgram                             build/stm32f2xx_hal_flash_ex.o
HAL_FLASH_EndOfOperationCallback                  build/stm32f2xx_hal_flash.o
HAL_FLASH_GetError                                build/stm32f2xx_hal_flash.o
HAL_FLASH_IRQHandler                              build/stm32f2xx_hal_flash.o
HAL_FLASH_Lock                                    build/stm32f2xx_hal_flash.o
HAL_FLASH_OB_Launch                               build/stm32f2xx_hal_flash.o
HAL_FLASH_OB_Lock                                 build/stm32f2xx_hal_flash.o
HAL_FLASH_OB_Unlock                               build/stm32f2xx_hal_flash.o
HAL_FLASH_OperationErrorCallback                  build/stm32f2xx_hal_flash.o
HAL_FLASH_Program                                 build/stm32f2xx_hal_flash.o
HAL_FLASH_Program_IT                              build/stm32f2xx_hal_flash.o
HAL_FLASH_Unlock                                  build/stm32f2xx_hal_flash.o
HAL_GPIO_DeInit                                   build/stm32f2xx_hal_gpio.o
                                                  build/usb_otg.o
                                                  build/usart.o
HAL_GPIO_EXTI_Callback                            build/stm32f2xx_hal_gpio.o
HAL_GPIO_EXTI_IRQHandler                          build/stm32f2xx_hal_gpio.o
HAL_GPIO_Init                                     build/stm32f2xx_hal_gpio.o
                                                  build/stm32f2xx_hal_rcc.o
                                                  build/usb_otg.o
                                                  build/usart.o
                                                  build/gpio.o
HAL_GPIO_LockPin                                  build/stm32f2xx_hal_gpio.o
HAL_GPIO_ReadPin                                  build/stm32f2xx_hal_gpio.o
                                                  build/one_wire.o
HAL_GPIO_TogglePin                                build/stm32f2xx_hal_gpio.o
HAL_GPIO_WritePin                                 build/stm32f2xx_hal_gpio.o
                                                  build/one_wire.o
                                                  build/gpio.o
                                                  build/main.o
HAL_GetDEVID                                      build/stm32f2xx_hal.o
HAL_GetHalVersion                                 build/stm32f2xx_hal.o
HAL_GetREVID                                      build/stm32f2xx_hal.o
HAL_GetTick                                       build/stm32f2xx_hal.o
                                                  build/stm32f2xx_hal_dma.o
                                                  build/stm32f2xx_hal_pwr_ex.o
                                                  build/stm32f2xx_hal_flash.o
                                                  build/stm32f2xx_hal_rcc_ex.o
                                                  build/stm32f2xx_hal_rcc.o
                                                  build/stm32f2xx_hal_uart.o
HAL_GetUID                                        build/stm32f2xx_hal.o
HAL_HalfDuplex_EnableReceiver                     build/stm32f2xx_hal_uart.o
HAL_HalfDuplex_EnableTransmitter                  build/stm32f2xx_hal_uart.o
HAL_HalfDuplex_Init                               build/stm32f2xx_hal_uart.o
HAL_IncTick                                       build/stm32f2xx_hal.o
                                                  build/stm32f2xx_it.o
HAL_Init                                          build/stm32f2xx_hal.o
                                                  build/main.o
HAL_InitTick                                      build/stm32f2xx_hal.o
                                                  build/stm32f2xx_hal_rcc.o
HAL_LIN_Init                                      build/stm32f2xx_hal_uart.o
HAL_LIN_SendBreak                                 build/stm32f2xx_hal_uart.o
HAL_MPU_ConfigRegion                              build/stm32f2xx_hal_cortex.o
HAL_MPU_Disable                                   build/stm32f2xx_hal_cortex.o
HAL_MPU_Enable                                    build/stm32f2xx_hal_cortex.o
HAL_MspDeInit                                     build/stm32f2xx_hal.o
HAL_MspInit                                       build/stm32f2xx_hal_msp.o
HAL_MultiProcessor_EnterMuteMode                  build/stm32f2xx_hal_uart.o
HAL_MultiProcessor_ExitMuteMode                   build/stm32f2xx_hal_uart.o
HAL_MultiProcessor_Init                           build/stm32f2xx_hal_uart.o
HAL_NVIC_ClearPendingIRQ                          build/stm32f2xx_hal_cortex.o
HAL_NVIC_DisableIRQ                               build/stm32f2xx_hal_cortex.o
HAL_NVIC_EnableIRQ                                build/stm32f2xx_hal_cortex.o
HAL_NVIC_GetActive                                build/stm32f2xx_hal_cortex.o
HAL_NVIC_GetPendingIRQ                            build/stm32f2xx_hal_cortex.o
HAL_NVIC_GetPriority                              build/stm32f2xx_hal_cortex.o
HAL_NVIC_GetPriorityGrouping                      build/stm32f2xx_hal_cortex.o
HAL_NVIC_SetPendingIRQ                            build/stm32f2xx_hal_cortex.o
HAL_NVIC_SetPriority                              build/stm32f2xx_hal_cortex.o
                                                  build/stm32f2xx_hal.o
HAL_NVIC_SetPriorityGrouping                      build/stm32f2xx_hal_cortex.o
                                                  build/stm32f2xx_hal.o
HAL_NVIC_SystemReset                              build/stm32f2xx_hal_cortex.o
HAL_PCDEx_SetRxFiFo                               build/stm32f2xx_hal_pcd_ex.o
HAL_PCDEx_SetTxFiFo                               build/stm32f2xx_hal_pcd_ex.o
HAL_PCD_ActivateRemoteWakeup                      build/stm32f2xx_hal_pcd.o
HAL_PCD_ConnectCallback                           build/stm32f2xx_hal_pcd.o
HAL_PCD_DataInStageCallback                       build/stm32f2xx_hal_pcd.o
HAL_PCD_DataOutStageCallback                      build/stm32f2xx_hal_pcd.o
HAL_PCD_DeActivateRemoteWakeup                    build/stm32f2xx_hal_pcd.o
HAL_PCD_DeInit                                    build/stm32f2xx_hal_pcd.o
HAL_PCD_DevConnect                                build/stm32f2xx_hal_pcd.o
HAL_PCD_DevDisconnect                             build/stm32f2xx_hal_pcd.o
HAL_PCD_DisconnectCallback                        build/stm32f2xx_hal_pcd.o
HAL_PCD_EP_Close                                  build/stm32f2xx_hal_pcd.o
HAL_PCD_EP_ClrStall                               build/stm32f2xx_hal_pcd.o
HAL_PCD_EP_Flush                                  build/stm32f2xx_hal_pcd.o
HAL_PCD_EP_GetRxCount                             build/stm32f2xx_hal_pcd.o
HAL_PCD_EP_Open                                   build/stm32f2xx_hal_pcd.o
HAL_PCD_EP_Receive                                build/stm32f2xx_hal_pcd.o
HAL_PCD_EP_SetStall                               build/stm32f2xx_hal_pcd.o
HAL_PCD_EP_Transmit                               build/stm32f2xx_hal_pcd.o
HAL_PCD_GetState                                  build/stm32f2xx_hal_pcd.o
HAL_PCD_IRQHandler                                build/stm32f2xx_hal_pcd.o
HAL_PCD_ISOINIncompleteCallback                   build/stm32f2xx_hal_pcd.o
HAL_PCD_ISOOUTIncompleteCallback                  build/stm32f2xx_hal_pcd.o
HAL_PCD_Init                                      build/stm32f2xx_hal_pcd.o
                                                  build/usb_otg.o
HAL_PCD_MspDeInit                                 build/usb_otg.o
HAL_PCD_MspInit                                   build/usb_otg.o
HAL_PCD_ResetCallback                             build/stm32f2xx_hal_pcd.o
HAL_PCD_ResumeCallback                            build/stm32f2xx_hal_pcd.o
HAL_PCD_SOFCallback                               build/stm32f2xx_hal_pcd.o
HAL_PCD_SetAddress                                build/stm32f2xx_hal_pcd.o
HAL_PCD_SetupStageCallback                        build/stm32f2xx_hal_pcd.o
HAL_PCD_Start                                     build/stm32f2xx_hal_pcd.o
HAL_PCD_Stop                                      build/stm32f2xx_hal_pcd.o
HAL_PCD_SuspendCallback                           build/stm32f2xx_hal_pcd.o
HAL_PWREx_DisableBkUpReg                          build/stm32f2xx_hal_pwr_ex.o
HAL_PWREx_DisableFlashPowerDown                   build/stm32f2xx_hal_pwr_ex.o
HAL_PWREx_EnableBkUpReg                           build/stm32f2xx_hal_pwr_ex.o
HAL_PWREx_EnableFlashPowerDown                    build/stm32f2xx_hal_pwr_ex.o
HAL_PWR_ConfigPVD                                 build/stm32f2xx_hal_pwr.o
HAL_PWR_DeInit                                    build/stm32f2xx_hal_pwr.o
HAL_PWR_DisableBkUpAccess                         build/stm32f2xx_hal_pwr.o
HAL_PWR_DisablePVD                                build/stm32f2xx_hal_pwr.o
HAL_PWR_DisableSEVOnPend                          build/stm32f2xx_hal_pwr.o
HAL_PWR_DisableSleepOnExit                        build/stm32f2xx_hal_pwr.o
HAL_PWR_DisableWakeUpPin                          build/stm32f2xx_hal_pwr.o
HAL_PWR_EnableBkUpAccess                          build/stm32f2xx_hal_pwr.o
HAL_PWR_EnablePVD                                 build/stm32f2xx_hal_pwr.o
HAL_PWR_EnableSEVOnPend                           build/stm32f2xx_hal_pwr.o
HAL_PWR_EnableSleepOnExit                         build/stm32f2xx_hal_pwr.o
HAL_PWR_EnableWakeUpPin                           build/stm32f2xx_hal_pwr.o
HAL_PWR_EnterSLEEPMode                            build/stm32f2xx_hal_pwr.o
HAL_PWR_EnterSTANDBYMode                          build/stm32f2xx_hal_pwr.o
HAL_PWR_EnterSTOPMode                             build/stm32f2xx_hal_pwr.o
HAL_PWR_PVDCallback                               build/stm32f2xx_hal_pwr.o
HAL_PWR_PVD_IRQHandler                            build/stm32f2xx_hal_pwr.o
HAL_RCCEx_GetPeriphCLKConfig                      build/stm32f2xx_hal_rcc_ex.o
HAL_RCCEx_PeriphCLKConfig                         build/stm32f2xx_hal_rcc_ex.o
HAL_RCC_CSSCallback                               build/stm32f2xx_hal_rcc.o
HAL_RCC_ClockConfig                               build/stm32f2xx_hal_rcc.o
                                                  build/main.o
HAL_RCC_DeInit                                    build/stm32f2xx_hal_rcc.o
HAL_RCC_DisableCSS                                build/stm32f2xx_hal_rcc.o
HAL_RCC_EnableCSS                                 build/stm32f2xx_hal_rcc.o
HAL_RCC_GetClockConfig                            build/stm32f2xx_hal_rcc.o
HAL_RCC_GetHCLKFreq                               build/stm32f2xx_hal_rcc.o
                                                  build/stm32f2xx_hal_pcd.o
HAL_RCC_GetOscConfig                              build/stm32f2xx_hal_rcc.o
HAL_RCC_GetPCLK1Freq                              build/stm32f2xx_hal_rcc.o
                                                  build/stm32f2xx_hal_uart.o
HAL_RCC_GetPCLK2Freq                              build/stm32f2xx_hal_rcc.o
                                                  build/stm32f2xx_hal_uart.o
HAL_RCC_GetSysClockFreq                           build/stm32f2xx_hal_rcc.o
HAL_RCC_MCOConfig                                 build/stm32f2xx_hal_rcc.o
HAL_RCC_NMI_IRQHandler                            build/stm32f2xx_hal_rcc.o
HAL_RCC_OscConfig                                 build/stm32f2xx_hal_rcc.o
                                                  build/main.o
HAL_ResumeTick                                    build/stm32f2xx_hal.o
HAL_SYSTICK_CLKSourceConfig                       build/stm32f2xx_hal_cortex.o
HAL_SYSTICK_Callback                              build/stm32f2xx_hal_cortex.o
HAL_SYSTICK_Config                                build/stm32f2xx_hal_cortex.o
                                                  build/stm32f2xx_hal.o
HAL_SYSTICK_IRQHandler                            build/stm32f2xx_hal_cortex.o
HAL_SuspendTick                                   build/stm32f2xx_hal.o
HAL_UART_Abort                                    build/stm32f2xx_hal_uart.o
HAL_UART_AbortCpltCallback                        build/stm32f2xx_hal_uart.o
HAL_UART_AbortReceive                             build/stm32f2xx_hal_uart.o
HAL_UART_AbortReceiveCpltCallback                 build/stm32f2xx_hal_uart.o
HAL_UART_AbortReceive_IT                          build/stm32f2xx_hal_uart.o
HAL_UART_AbortTransmit                            build/stm32f2xx_hal_uart.o
HAL_UART_AbortTransmitCpltCallback                build/stm32f2xx_hal_uart.o
HAL_UART_AbortTransmit_IT                         build/stm32f2xx_hal_uart.o
HAL_UART_Abort_IT                                 build/stm32f2xx_hal_uart.o
HAL_UART_DMAPause                                 build/stm32f2xx_hal_uart.o
HAL_UART_DMAResume                                build/stm32f2xx_hal_uart.o
HAL_UART_DMAStop                                  build/stm32f2xx_hal_uart.o
HAL_UART_DeInit                                   build/stm32f2xx_hal_uart.o
HAL_UART_ErrorCallback                            build/stm32f2xx_hal_uart.o
HAL_UART_GetError                                 build/stm32f2xx_hal_uart.o
HAL_UART_GetState                                 build/stm32f2xx_hal_uart.o
HAL_UART_IRQHandler                               build/stm32f2xx_hal_uart.o
HAL_UART_Init                                     build/stm32f2xx_hal_uart.o
                                                  build/usart.o
                                                  build/main.o
HAL_UART_MspDeInit                                build/usart.o
HAL_UART_MspInit                                  build/usart.o
HAL_UART_Receive                                  build/stm32f2xx_hal_uart.o
HAL_UART_Receive_DMA                              build/stm32f2xx_hal_uart.o
HAL_UART_Receive_IT                               build/stm32f2xx_hal_uart.o
HAL_UART_RxCpltCallback                           build/stm32f2xx_hal_uart.o
HAL_UART_RxHalfCpltCallback                       build/stm32f2xx_hal_uart.o
HAL_UART_Transmit                                 build/stm32f2xx_hal_uart.o
                                                  build/main.o
HAL_UART_Transmit_DMA                             build/stm32f2xx_hal_uart.o
HAL_UART_Transmit_IT                              build/stm32f2xx_hal_uart.o
HAL_UART_TxCpltCallback                           build/stm32f2xx_hal_uart.o
HAL_UART_TxHalfCpltCallback                       build/stm32f2xx_hal_uart.o
HASH_RNG_IRQHandler                               build/startup_stm32f207xx.o
HardFault_Handler                                 build/stm32f2xx_it.o
I2C1_ER_IRQHandler                                build/startup_stm32f207xx.o
I2C1_EV_IRQHandler                                build/startup_stm32f207xx.o
I2C2_ER_IRQHandler                                build/startup_stm32f207xx.o
I2C2_EV_IRQHandler                                build/startup_stm32f207xx.o
I2C3_ER_IRQHandler                                build/startup_stm32f207xx.o
I2C3_EV_IRQHandler                                build/startup_stm32f207xx.o
MX_GPIO_Init                                      build/gpio.o
                                                  build/main.o
MX_USART3_UART_Init                               build/usart.o
                                                  build/main.o
MX_USB_OTG_FS_PCD_Init                            build/usb_otg.o
                                                  build/main.o
MemManage_Handler                                 build/stm32f2xx_it.o
NMI_Handler                                       build/stm32f2xx_it.o
OTG_FS_IRQHandler                                 build/startup_stm32f207xx.o
OTG_FS_WKUP_IRQHandler                            build/startup_stm32f207xx.o
OTG_HS_EP1_IN_IRQHandler                          build/startup_stm32f207xx.o
OTG_HS_EP1_OUT_IRQHandler                         build/startup_stm32f207xx.o
OTG_HS_IRQHandler                                 build/startup_stm32f207xx.o
OTG_HS_WKUP_IRQHandler                            build/startup_stm32f207xx.o
PVD_IRQHandler                                    build/startup_stm32f207xx.o
PendSV_Handler                                    build/stm32f2xx_it.o
RCC_IRQHandler                                    build/startup_stm32f207xx.o