Archive member included to satisfy reference by file (symbol)

/usr/lib/gcc/arm-none-eabi/4.9.3/../../../arm-none-eabi/lib/armv7-m/libc_nano.a(lib_a-atexit.o)
                              /usr/lib/gcc/arm-none-eabi/4.9.3/../../../arm-none-eabi/lib/armv7-m/crt0.o (atexit)
/usr/lib/gcc/arm-none-eabi/4.9.3/../../../arm-none-eabi/lib/armv7-m/libc_nano.a(lib_a-exit.o)
                              /usr/lib/gcc/arm-none-eabi/4.9.3/../../../arm-none-eabi/lib/armv7-m/crt0.o (exit)
/usr/lib/gcc/arm-none-eabi/4.9.3/../../../arm-none-eabi/lib/armv7-m/libc_nano.a(lib_a-fini.o)
                              /usr/lib/gcc/arm-none-eabi/4.9.3/../../../arm-none-eabi/lib/armv7-m/crt0.o (__libc_fini_array)
/usr/lib/gcc/arm-none-eabi/4.9.3/../../../arm-none-eabi/lib/armv7-m/libc_nano.a(lib_a-impure.o)
                              /usr/lib/gcc/arm-none-eabi/4.9.3/../../../arm-none-eabi/lib/armv7-m/libc_nano.a(lib_a-exit.o) (_global_impure_ptr)
/usr/lib/gcc/arm-none-eabi/4.9.3/../../../arm-none-eabi/lib/armv7-m/libc_nano.a(lib_a-init.o)
                              /usr/lib/gcc/arm-none-eabi/4.9.3/../../../arm-none-eabi/lib/armv7-m/crt0.o (__libc_init_array)
/usr/lib/gcc/arm-none-eabi/4.9.3/../../../arm-none-eabi/lib/armv7-m/libc_nano.a(lib_a-memset.o)
                              /usr/lib/gcc/arm-none-eabi/4.9.3/../../../arm-none-eabi/lib/armv7-m/crt0.o (memset)
/usr/lib/gcc/arm-none-eabi/4.9.3/../../../arm-none-eabi/lib/armv7-m/libc_nano.a(lib_a-printf.o)
                              build/spi_gpio.o (printf)
/usr/lib/gcc/arm-none-eabi/4.9.3/../../../arm-none-eabi/lib/armv7-m/libc_nano.a(lib_a-puts.o)
                              build/spi_gpio.o (puts)
/usr/lib/gcc/arm-none-eabi/4.9.3/../../../arm-none-eabi/lib/armv7-m/libc_nano.a(lib_a-snprintf.o)
                              build/sour_fs.o (snprintf)
/usr/lib/gcc/arm-none-eabi/4.9.3/../../../arm-none-eabi/lib/armv7-m/libc_nano.a(lib_a-sscanf.o)
                              build/sour_fs.o (sscanf)
/usr/lib/gcc/arm-none-eabi/4.9.3/../../../arm-none-eabi/lib/armv7-m/libc_nano.a(lib_a-stdio.o)
                              /usr/lib/gcc/arm-none-eabi/4.9.3/../../../arm-none-eabi/lib/armv7-m/libc_nano.a(lib_a-sscanf.o) (__seofread)
/usr/lib/gcc/arm-none-eabi/4.9.3/../../../arm-none-eabi/lib/armv7-m/libc_nano.a(lib_a-strlen.o)
                              /usr/lib/gcc/arm-none-eabi/4.9.3/../../../arm-none-eabi/lib/armv7-m/libc_nano.a(lib_a-sscanf.o) (strlen)
/usr/lib/gcc/arm-none-eabi/4.9.3/../../../arm-none-eabi/lib/armv7-m/libc_nano.a(lib_a-wbuf.o)
                              /usr/lib/gcc/arm-none-eabi/4.9.3/../../../arm-none-eabi/lib/armv7-m/libc_nano.a(lib_a-puts.o) (__swbuf_r)
/usr/lib/gcc/arm-none-eabi/4.9.3/../../../arm-none-eabi/lib/armv7-m/libc_nano.a(lib_a-writer.o)
                              /usr/lib/gcc/arm-none-eabi/4.9.3/../../../arm-none-eabi/lib/armv7-m/libc_nano.a(lib_a-stdio.o) (_write_r)
/usr/lib/gcc/arm-none-eabi/4.9.3/../../../arm-none-eabi/lib/armv7-m/libc_nano.a(lib_a-wsetup.o)
                              /usr/lib/gcc/arm-none-eabi/4.9.3/../../../arm-none-eabi/lib/armv7-m/libc_nano.a(lib_a-puts.o) (__swsetup_r)
/usr/lib/gcc/arm-none-eabi/4.9.3/../../../arm-none-eabi/lib/armv7-m/libc_nano.a(lib_a-__atexit.o)
                              /usr/lib/gcc/arm-none-eabi/4.9.3/../../../arm-none-eabi/lib/armv7-m/libc_nano.a(lib_a-atexit.o) (__register_exitproc)
/usr/lib/gcc/arm-none-eabi/4.9.3/../../../arm-none-eabi/lib/armv7-m/libc_nano.a(lib_a-__call_atexit.o)
                              /usr/lib/gcc/arm-none-eabi/4.9.3/../../../arm-none-eabi/lib/armv7-m/libc_nano.a(lib_a-__atexit.o) (__call_exitprocs)
/usr/lib/gcc/arm-none-eabi/4.9.3/../../../arm-none-eabi/lib/armv7-m/libc_nano.a(lib_a-closer.o)
                              /usr/lib/gcc/arm-none-eabi/4.9.3/../../../arm-none-eabi/lib/armv7-m/libc_nano.a(lib_a-stdio.o) (_close_r)
/usr/lib/gcc/arm-none-eabi/4.9.3/../../../arm-none-eabi/lib/armv7-m/libc_nano.a(lib_a-fflush.o)
                              /usr/lib/gcc/arm-none-eabi/4.9.3/../../../arm-none-eabi/lib/armv7-m/libc_nano.a(lib_a-wbuf.o) (_fflush_r)
/usr/lib/gcc/arm-none-eabi/4.9.3/../../../arm-none-eabi/lib/armv7-m/libc_nano.a(lib_a-findfp.o)
                              /usr/lib/gcc/arm-none-eabi/4.9.3/../../../arm-none-eabi/lib/armv7-m/libc_nano.a(lib_a-printf.o) (__sinit)
/usr/lib/gcc/arm-none-eabi/4.9.3/../../../arm-none-eabi/lib/armv7-m/libc_nano.a(lib_a-fwalk.o)
                              /usr/lib/gcc/arm-none-eabi/4.9.3/../../../arm-none-eabi/lib/armv7-m/libc_nano.a(lib_a-findfp.o) (_fwalk)
/usr/lib/gcc/arm-none-eabi/4.9.3/../../../arm-none-eabi/lib/armv7-m/libc_nano.a(lib_a-lseekr.o)
                              /usr/lib/gcc/arm-none-eabi/4.9.3/../../../arm-none-eabi/lib/armv7-m/libc_nano.a(lib_a-stdio.o) (_lseek_r)
/usr/lib/gcc/arm-none-eabi/4.9.3/../../../arm-none-eabi/lib/armv7-m/libc_nano.a(lib_a-makebuf.o)
[...]
Memory Configuration

Name             Origin             Length             Attributes
RAM              0x0000000020000000 0x0000000000020000 xrw
FLASH            0x0000000008000000 0x0000000000100000 xr
*default*        0x0000000000000000 0xffffffffffffffff

Linker script and memory map

LOAD /usr/lib/gcc/arm-none-eabi/4.9.3/armv7-m/crti.o
LOAD /usr/lib/gcc/arm-none-eabi/4.9.3/armv7-m/crtbegin.o
LOAD /usr/lib/gcc/arm-none-eabi/4.9.3/../../../arm-none-eabi/lib/armv7-m/crt0.o
LOAD build/main.o
LOAD build/gpio.o
LOAD build/usart.o
LOAD build/stm32f2xx_it.o
LOAD build/stm32f2xx_hal_msp.o
LOAD build/stm32f2xx_hal_tim.o
LOAD build/stm32f2xx_hal_tim_ex.o
LOAD build/stm32f2xx_hal_uart.o
LOAD build/stm32f2xx_hal.o
LOAD build/stm32f2xx_hal_rcc.o
LOAD build/stm32f2xx_hal_rcc_ex.o
LOAD build/stm32f2xx_hal_cortex.o
LOAD build/stm32f2xx_hal_flash.o
LOAD build/stm32f2xx_hal_flash_ex.o
LOAD build/stm32f2xx_hal_pwr.o
LOAD build/stm32f2xx_hal_pwr_ex.o
LOAD build/stm32f2xx_hal_gpio.o
LOAD build/stm32f2xx_hal_dma.o
LOAD build/stm32f2xx_hal_dma_ex.o
LOAD build/system_stm32f2xx.o
LOAD build/one_wire.o
LOAD build/spi_gpio.o
LOAD build/sour_fs.o
LOAD build/diskio.o
LOAD build/ff.o
LOAD build/ff_gen_drv.o
LOAD build/sd_diskio.o
LOAD build/unicode.o
LOAD build/startup_stm32f207xx.o
LOAD /usr/lib/gcc/arm-none-eabi/4.9.3/../../../arm-none-eabi/lib/armv7-m/libc_nano.a
LOAD /usr/lib/gcc/arm-none-eabi/4.9.3/../../../arm-none-eabi/lib/armv7-m/libm.a
LOAD /usr/lib/gcc/arm-none-eabi/4.9.3/../../../arm-none-eabi/lib/armv7-m/libnosys.a
START GROUP
LOAD /usr/lib/gcc/arm-none-eabi/4.9.3/armv7-m/libgcc.a
LOAD /usr/lib/gcc/arm-none-eabi/4.9.3/../../../arm-none-eabi/lib/armv7-m/libc_nano.a
END GROUP
START GROUP
LOAD /usr/lib/gcc/arm-none-eabi/4.9.3/armv7-m/libgcc.a
LOAD /usr/lib/gcc/arm-none-eabi/4.9.3/../../../arm-none-eabi/lib/armv7-m/libc_nano.a
END GROUP
LOAD /usr/lib/gcc/arm-none-eabi/4.9.3/armv7-m/crtend.o
LOAD /usr/lib/gcc/arm-none-eabi/4.9.3/armv7-m/crtn.o
                0x0000000020020000                _estack = 0x20020000
                0x0000000000000200                _Min_Heap_Size = 0x200
                0x0000000000000400                _Min_Stack_Size = 0x400

.isr_vector     0x0000000008000000      0x184
                0x0000000008000000                . = ALIGN (0x4)
 *(.isr_vector)
 .isr_vector    0x0000000008000000      0x184 build/startup_stm32f207xx.o
                0x0000000008000000                g_pfnVectors
                0x0000000008000184                . = ALIGN (0x4)

.text           0x0000000008000184     0x5984
                0x0000000008000184                . = ALIGN (0x4)
 *(.text)
 .text          0x0000000008000184       0xa4 /usr/lib/gcc/arm-none-eabi/4.9.3/armv7-m/crtbegin.o
 .text          0x0000000008000228       0x30 /usr/lib/gcc/arm-none-eabi/4.9.3/armv7-m/libgcc.a(_aeabi_uldivmod.o)
                0x0000000008000228                __aeabi_uldivmod
 .text          0x0000000008000258       0x60 /usr/lib/gcc/arm-none-eabi/4.9.3/armv7-m/libgcc.a(bpabi.o)
                0x0000000008000258                __gnu_ldivmod_helper
                0x0000000008000288                __gnu_uldivmod_helper
 .text          0x00000000080002b8        0x4 /usr/lib/gcc/arm-none-eabi/4.9.3/armv7-m/libgcc.a(_dvmd_tls.o)
                0x00000000080002b8                __aeabi_ldiv0
                0x00000000080002b8                __aeabi_idiv0
 .text          0x00000000080002bc      0x2ac /usr/lib/gcc/arm-none-eabi/4.9.3/armv7-m/libgcc.a(_divdi3.o)
                0x00000000080002bc                __divdi3
 .text          0x0000000008000568      0x270 /usr/lib/gcc/arm-none-eabi/4.9.3/armv7-m/libgcc.a(_udivdi3.o)
                0x0000000008000568                __udivdi3
 *(.text*)
 .text.SystemClock_Config
                0x00000000080007d8       0x5c build/main.o
                0x00000000080007d8                SystemClock_Config
 .text.main     0x0000000008000834      0x12c build/main.o
                0x0000000008000834                main
 .text.Error_Handler
                0x0000000008000960        0x4 build/main.o
                0x0000000008000960                Error_Handler
 .text.MX_GPIO_Init
                0x0000000008000964      0x2bc build/gpio.o
                0x0000000008000964                MX_GPIO_Init
 .text.MX_USART3_UART_Init
                0x0000000008000c20       0x34 build/usart.o
                0x0000000008000c20                MX_USART3_UART_Init
 .text.HAL_UART_MspInit
                0x0000000008000c54       0x74 build/usart.o
                0x0000000008000c54                HAL_UART_MspInit
 .text.NMI_Handler
                0x0000000008000cc8        0x4 build/stm32f2xx_it.o
                0x0000000008000cc8                NMI_Handler
 .text.HardFault_Handler
                0x0000000008000ccc        0x4 build/stm32f2xx_it.o
                0x0000000008000ccc                HardFault_Handler
 .text.MemManage_Handler
                0x0000000008000cd0        0x4 build/stm32f2xx_it.o
                0x0000000008000cd0                MemManage_Handler
 .text.BusFault_Handler
                0x0000000008000cd4        0x4 build/stm32f2xx_it.o
                0x0000000008000cd4                BusFault_Handler
 .text.UsageFault_Handler
                0x0000000008000cd8        0x4 build/stm32f2xx_it.o
                0x0000000008000cd8                UsageFault_Handler
 .text.SVC_Handler
                0x0000000008000cdc        0x4 build/stm32f2xx_it.o
                0x0000000008000cdc                SVC_Handler
 .text.DebugMon_Handler
                0x0000000008000ce0        0x4 build/stm32f2xx_it.o
                0x0000000008000ce0                DebugMon_Handler
 .text.PendSV_Handler
                0x0000000008000ce4        0x4 build/stm32f2xx_it.o
                0x0000000008000ce4                PendSV_Handler
 .text.SysTick_Handler
                0x0000000008000ce8        0x8 build/stm32f2xx_it.o
                0x0000000008000ce8                SysTick_Handler
 .text.HAL_MspInit
                0x0000000008000cf0       0x38 build/stm32f2xx_hal_msp.o
                0x0000000008000cf0                HAL_MspInit
 .text.UART_SetConfig
                0x0000000008000d28      0x320 build/stm32f2xx_hal_uart.o
 .text.HAL_UART_Init
                0x0000000008001048       0x64 build/stm32f2xx_hal_uart.o
                0x0000000008001048                HAL_UART_Init
 .text.HAL_InitTick
                0x00000000080010ac       0x2c build/stm32f2xx_hal.o
                0x00000000080010ac                HAL_InitTick
 .text.HAL_Init
                0x00000000080010d8       0x34 build/stm32f2xx_hal.o
                0x00000000080010d8                HAL_Init
 .text.HAL_IncTick
                0x000000000800110c       0x10 build/stm32f2xx_hal.o
                0x000000000800110c                HAL_IncTick
 .text.HAL_GetTick
                0x000000000800111c        0xc build/stm32f2xx_hal.o
                0x000000000800111c                HAL_GetTick
 .text.HAL_RCC_OscConfig
                0x0000000008001128      0x370 build/stm32f2xx_hal_rcc.o
                0x0000000008001128                HAL_RCC_OscConfig
 .text.HAL_RCC_GetSysClockFreq
                0x0000000008001498       0xcc build/stm32f2xx_hal_rcc.o
                0x0000000008001498                HAL_RCC_GetSysClockFreq
 .text.HAL_RCC_ClockConfig
                0x0000000008001564      0x16c build/stm32f2xx_hal_rcc.o
                0x0000000008001564                HAL_RCC_ClockConfig
 .text.HAL_RCC_GetHCLKFreq
                0x00000000080016d0        0xc build/stm32f2xx_hal_rcc.o
                0x00000000080016d0                HAL_RCC_GetHCLKFreq
 .text.HAL_RCC_GetPCLK1Freq
                0x00000000080016dc       0x2c build/stm32f2xx_hal_rcc.o
                0x00000000080016dc                HAL_RCC_GetPCLK1Freq
 .text.HAL_RCC_GetPCLK2Freq
                0x0000000008001708       0x2c build/stm32f2xx_hal_rcc.o
                0x0000000008001708                HAL_RCC_GetPCLK2Freq
 .text.HAL_NVIC_SetPriorityGrouping
                0x0000000008001734       0x24 build/stm32f2xx_hal_cortex.o
                0x0000000008001734                HAL_NVIC_SetPriorityGrouping
 .text.HAL_NVIC_SetPriority
                0x0000000008001758       0x64 build/stm32f2xx_hal_cortex.o
                0x0000000008001758                HAL_NVIC_SetPriority
 .text.HAL_SYSTICK_Config
                0x00000000080017bc       0x2c build/stm32f2xx_hal_cortex.o
                0x00000000080017bc                HAL_SYSTICK_Config
 .text.HAL_GPIO_Init
                0x00000000080017e8      0x1dc build/stm32f2xx_hal_gpio.o
                0x00000000080017e8                HAL_GPIO_Init
 .text.HAL_GPIO_WritePin
                0x00000000080019c4        0xc build/stm32f2xx_hal_gpio.o
                0x00000000080019c4                HAL_GPIO_WritePin
 .text.SystemInit
                0x00000000080019d0       0x40 build/system_stm32f2xx.o
                0x00000000080019d0                SystemInit
 .text.init_spi_gpio_pins
                0x0000000008001a10       0x4c build/spi_gpio.o
 .text.init_spi_gpio
                0x0000000008001a5c        0x8 build/spi_gpio.o
                0x0000000008001a5c                init_spi_gpio
 .text.enable_cs
                0x0000000008001a64       0x18 build/spi_gpio.o
                0x0000000008001a64                enable_cs
 .text.disable_cs
                0x0000000008001a7c       0x18 build/spi_gpio.o
                0x0000000008001a7c                disable_cs
 .text.set_clk  0x0000000008001a94       0x18 build/spi_gpio.o
                0x0000000008001a94                set_clk
 .text.clear_clk
                0x0000000008001aac       0x18 build/spi_gpio.o
                0x0000000008001aac                clear_clk
 .text.set_data
                0x0000000008001ac4       0x18 build/spi_gpio.o
                0x0000000008001ac4                set_data
 .text.clear_data
                0x0000000008001adc       0x18 build/spi_gpio.o
                0x0000000008001adc                clear_data
 .text.spi_delay
                0x0000000008001af4       0x18 build/spi_gpio.o
                0x0000000008001af4                spi_delay
 .text.get_data
                0x0000000008001b0c       0x24 build/spi_gpio.o
                0x0000000008001b0c                get_data
 .text.send_byte
                0x0000000008001b30       0x68 build/spi_gpio.o
                0x0000000008001b30                send_byte
 .text.send_command_helper
                0x0000000008001b98       0x58 build/spi_gpio.o
 .text.read_data_packet
                0x0000000008001bf0       0x34 build/spi_gpio.o
 .text.send_command_resp1
                0x0000000008001c24       0x50 build/spi_gpio.o
                0x0000000008001c24                send_command_resp1
 .text.send_command_resp1_nocs
                0x0000000008001c74       0x48 build/spi_gpio.o
                0x0000000008001c74                send_command_resp1_nocs
 .text.send_command_resp3
                0x0000000008001cbc       0x74 build/spi_gpio.o
                0x0000000008001cbc                send_command_resp3
 .text.send_command_data
                0x0000000008001d30       0x40 build/spi_gpio.o
                0x0000000008001d30                send_command_data
 .text.send_data
                0x0000000008001d70       0x68 build/spi_gpio.o
                0x0000000008001d70                send_data
 .text.init_sd_card
                0x0000000008001dd8      0x144 build/spi_gpio.o
                0x0000000008001dd8                init_sd_card
 .text.read_sector
                0x0000000008001f1c       0x14 build/spi_gpio.o
                0x0000000008001f1c                read_sector
 .text.write_sector
                0x0000000008001f30       0x30 build/spi_gpio.o
                0x0000000008001f30                write_sector
 .text.open_or_create_dir
                0x0000000008001f60       0x38 build/sour_fs.o
 .text.create_trial
                0x0000000008001f98       0xa0 build/sour_fs.o
                0x0000000008001f98                create_trial
 .text.add_trial_entry
                0x0000000008002038      0x114 build/sour_fs.o
                0x0000000008002038                add_trial_entry
 .text.disk_status
                0x000000000800214c       0x14 build/diskio.o
                0x000000000800214c                disk_status
 .text.disk_initialize
                0x0000000008002160       0x1c build/diskio.o
                0x0000000008002160                disk_initialize
 .text.disk_read
                0x000000000800217c       0x30 build/diskio.o
                0x000000000800217c                disk_read
 .text.disk_write
                0x00000000080021ac       0x24 build/diskio.o
                0x00000000080021ac                disk_write
 .text.disk_ioctl
                0x00000000080021d0       0x34 build/diskio.o
                0x00000000080021d0                disk_ioctl
 .text.get_fattime
                0x0000000008002204        0x4 build/diskio.o
                0x0000000008002204                get_fattime
 .text.mem_cpy  0x0000000008002208       0x14 build/ff.o
 .text.mem_set  0x000000000800221c       0x10 build/ff.o
 .text.mem_cmp  0x000000000800222c       0x24 build/ff.o
 .text.chk_chr  0x0000000008002250       0x10 build/ff.o
 .text.chk_lock
                0x0000000008002260       0x90 build/ff.o
 .text.enq_lock
                0x00000000080022f0       0x24 build/ff.o
 .text.inc_lock
                0x0000000008002314       0xd4 build/ff.o
 .text.dec_lock
                0x00000000080023e8       0x48 build/ff.o
 .text.clear_lock
                0x0000000008002430       0x30 build/ff.o
 .text.clmt_clust
                0x0000000008002460       0x2c build/ff.o
 .text.ld_clust
                0x000000000800248c       0x20 build/ff.o
 .text.st_clust
                0x00000000080024ac       0x14 build/ff.o
 .text.get_fileinfo
                0x00000000080024c0       0x6c build/ff.o
 .text.create_name
                0x000000000800252c      0x118 build/ff.o
 .text.get_ldnumber
                0x0000000008002644       0x58 build/ff.o
 .text.sync_window
                0x000000000800269c       0x64 build/ff.o
 .text.move_window
                0x0000000008002700       0x38 build/ff.o
 .text.check_fs
                0x0000000008002738       0x94 build/ff.o
 .text.validate
                0x00000000080027cc       0x44 build/ff.o
 .text.find_volume
                0x0000000008002810      0x388 build/ff.o
 .text.sync_fs  0x0000000008002b98       0xc4 build/ff.o
 .text.clust2sect
                0x0000000008002c5c       0x20 build/ff.o
                0x0000000008002c5c                clust2sect
 .text.get_fat  0x0000000008002c7c       0xe0 build/ff.o
                0x0000000008002c7c                get_fat
 .text.dir_sdi  0x0000000008002d5c       0xb4 build/ff.o
 .text.put_fat  0x0000000008002e10      0x114 build/ff.o
                0x0000000008002e10                put_fat
 .text.create_chain
                0x0000000008002f24       0xc8 build/ff.o
 .text.dir_next
                0x0000000008002fec      0x158 build/ff.o
 .text.dir_find
                0x0000000008003144       0x50 build/ff.o
 .text.follow_path
                0x0000000008003194       0x8c build/ff.o
 .text.dir_alloc
                0x0000000008003220       0x50 build/ff.o
 .text.dir_register
                0x0000000008003270       0x48 build/ff.o
 .text.dir_read
                0x00000000080032b8       0x64 build/ff.o
 .text.remove_chain
                0x000000000800331c       0x74 build/ff.o
 .text.f_mount  0x0000000008003390       0x60 build/ff.o
                0x0000000008003390                f_mount
 .text.f_open   0x00000000080033f0      0x1d4 build/ff.o
                0x00000000080033f0                f_open
 .text.f_write  0x00000000080035c4      0x208 build/ff.o
                0x00000000080035c4                f_write
 .text.f_sync   0x00000000080037cc       0xc8 build/ff.o
                0x00000000080037cc                f_sync
 .text.f_close  0x0000000008003894       0x2c build/ff.o
                0x0000000008003894                f_close
 .text.f_lseek  0x00000000080038c0      0x314 build/ff.o
                0x00000000080038c0                f_lseek
 .text.f_opendir
                0x0000000008003bd4       0xa0 build/ff.o
                0x0000000008003bd4                f_opendir
 .text.f_closedir
                0x0000000008003c74       0x24 build/ff.o
                0x0000000008003c74                f_closedir
 .text.f_readdir
                0x0000000008003c98       0x64 build/ff.o
                0x0000000008003c98                f_readdir
 .text.f_mkdir  0x0000000008003cfc      0x164 build/ff.o
                0x0000000008003cfc                f_mkdir
 .text.Reset_Handler
                0x0000000008003e60       0x50 build/startup_stm32f207xx.o
                0x0000000008003e60                Reset_Handler
 .text.Default_Handler
                0x0000000008003eb0        0x2 build/startup_stm32f207xx.o
                0x0000000008003eb0                RTC_Alarm_IRQHandler
                0x0000000008003eb0                HASH_RNG_IRQHandler
                0x0000000008003eb0                EXTI2_IRQHandler
                0x0000000008003eb0                TIM8_CC_IRQHandler
                0x0000000008003eb0                TIM1_CC_IRQHandler
                0x0000000008003eb0                DMA2_Stream5_IRQHandler
                0x0000000008003eb0                DMA1_Stream5_IRQHandler
                0x0000000008003eb0                PVD_IRQHandler
                0x0000000008003eb0                SDIO_IRQHandler
                0x0000000008003eb0                TAMP_STAMP_IRQHandler
                0x0000000008003eb0                CAN2_RX1_IRQHandler
                0x0000000008003eb0                EXTI3_IRQHandler
                0x0000000008003eb0                TIM8_TRG_COM_TIM14_IRQHandler
                0x0000000008003eb0                TIM1_UP_TIM10_IRQHandler
                0x0000000008003eb0                TIM8_UP_TIM13_IRQHandler
                0x0000000008003eb0                I2C3_ER_IRQHandler
                0x0000000008003eb0                EXTI0_IRQHandler
                0x0000000008003eb0                I2C2_EV_IRQHandler
                0x0000000008003eb0                DMA1_Stream2_IRQHandler
                0x0000000008003eb0                CAN1_RX0_IRQHandler
                0x0000000008003eb0                OTG_HS_WKUP_IRQHandler
                0x0000000008003eb0                CAN2_SCE_IRQHandler
                0x0000000008003eb0                DMA2_Stream2_IRQHandler
                0x0000000008003eb0                SPI1_IRQHandler
                0x0000000008003eb0                TIM6_DAC_IRQHandler
                0x0000000008003eb0                TIM1_BRK_TIM9_IRQHandler
                0x0000000008003eb0                DCMI_IRQHandler
                0x0000000008003eb0                CAN2_RX0_IRQHandler
                0x0000000008003eb0                DMA2_Stream3_IRQHandler
                0x0000000008003eb0                USART6_IRQHandler
                0x0000000008003eb0                USART3_IRQHandler
                0x0000000008003eb0                CAN1_RX1_IRQHandler
                0x0000000008003eb0                UART5_IRQHandler
                0x0000000008003eb0                DMA2_Stream0_IRQHandler
                0x0000000008003eb0                TIM4_IRQHandler
                0x0000000008003eb0                I2C1_EV_IRQHandler
                0x0000000008003eb0                DMA1_Stream6_IRQHandler
                0x0000000008003eb0                DMA1_Stream1_IRQHandler
                0x0000000008003eb0                UART4_IRQHandler
                0x0000000008003eb0                TIM3_IRQHandler
                0x0000000008003eb0                RCC_IRQHandler
                0x0000000008003eb0                TIM8_BRK_TIM12_IRQHandler
                0x0000000008003eb0                Default_Handler
                0x0000000008003eb0                EXTI15_10_IRQHandler
                0x0000000008003eb0                ADC_IRQHandler
                0x0000000008003eb0                DMA1_Stream7_IRQHandler
                0x0000000008003eb0                TIM7_IRQHandler
                0x0000000008003eb0                CAN2_TX_IRQHandler
                0x0000000008003eb0                TIM5_IRQHandler
                0x0000000008003eb0                DMA2_Stream7_IRQHandler
                0x0000000008003eb0                I2C3_EV_IRQHandler
                0x0000000008003eb0                EXTI9_5_IRQHandler
                0x0000000008003eb0                RTC_WKUP_IRQHandler
                0x0000000008003eb0                ETH_WKUP_IRQHandler
                0x0000000008003eb0                SPI2_IRQHandler
                0x0000000008003eb0                OTG_HS_EP1_IN_IRQHandler
                0x0000000008003eb0                DMA1_Stream0_IRQHandler
                0x0000000008003eb0                CAN1_TX_IRQHandler
                0x0000000008003eb0                EXTI4_IRQHandler
                0x0000000008003eb0                FSMC_IRQHandler
                0x0000000008003eb0                ETH_IRQHandler
                0x0000000008003eb0                OTG_HS_EP1_OUT_IRQHandler
                0x0000000008003eb0                WWDG_IRQHandler
                0x0000000008003eb0                TIM2_IRQHandler
                0x0000000008003eb0                OTG_FS_WKUP_IRQHandler
                0x0000000008003eb0                TIM1_TRG_COM_TIM11_IRQHandler
                0x0000000008003eb0                OTG_HS_IRQHandler
                0x0000000008003eb0                EXTI1_IRQHandler
                0x0000000008003eb0                USART2_IRQHandler
                0x0000000008003eb0                I2C2_ER_IRQHandler
                0x0000000008003eb0                DMA2_Stream1_IRQHandler
                0x0000000008003eb0                CAN1_SCE_IRQHandler
                0x0000000008003eb0                FLASH_IRQHandler
                0x0000000008003eb0                DMA2_Stream4_IRQHandler
                0x0000000008003eb0                USART1_IRQHandler
                0x0000000008003eb0                OTG_FS_IRQHandler
                0x0000000008003eb0                SPI3_IRQHandler
                0x0000000008003eb0                DMA1_Stream4_IRQHandler
                0x0000000008003eb0                I2C1_ER_IRQHandler
                0x0000000008003eb0                DMA2_Stream6_IRQHandler
                0x0000000008003eb0                DMA1_Stream3_IRQHandler
 *fill*         0x0000000008003eb2        0x2 
 .text.__libc_init_array
                0x0000000008003eb4       0x4c /usr/lib/gcc/arm-none-eabi/4.9.3/../../../arm-none-eabi/lib/armv7-m/libc_nano.a(lib_a-init.o)
                0x0000000008003eb4                __libc_init_array
 .text.memset   0x0000000008003f00       0x10 /usr/lib/gcc/arm-none-eabi/4.9.3/../../../arm-none-eabi/lib/armv7-m/libc_nano.a(lib_a-memset.o)
                0x0000000008003f00                memset
 .text.printf   0x0000000008003f10       0x30 /usr/lib/gcc/arm-none-eabi/4.9.3/../../../arm-none-eabi/lib/armv7-m/libc_nano.a(lib_a-printf.o)
                0x0000000008003f10                printf
                0x0000000008003f10                iprintf
 .text._puts_r  0x0000000008003f40       0xf0 /usr/lib/gcc/arm-none-eabi/4.9.3/../../../arm-none-eabi/lib/armv7-m/libc_nano.a(lib_a-puts.o)
                0x0000000008003f40                _puts_r
 .text.puts     0x0000000008004030       0x10 /usr/lib/gcc/arm-none-eabi/4.9.3/../../../arm-none-eabi/lib/armv7-m/libc_nano.a(lib_a-puts.o)
                0x0000000008004030                puts
 .text.snprintf
                0x0000000008004040       0x64 /usr/lib/gcc/arm-none-eabi/4.9.3/../../../arm-none-eabi/lib/armv7-m/libc_nano.a(lib_a-snprintf.o)
                0x0000000008004040                snprintf
                0x0000000008004040                sniprintf
 .text.sscanf   0x00000000080040a4       0x54 /usr/lib/gcc/arm-none-eabi/4.9.3/../../../arm-none-eabi/lib/armv7-m/libc_nano.a(lib_a-sscanf.o)
                0x00000000080040a4                sscanf
                0x00000000080040a4                siscanf
 .text.__sread  0x00000000080040f8       0x22 /usr/lib/gcc/arm-none-eabi/4.9.3/../../../arm-none-eabi/lib/armv7-m/libc_nano.a(lib_a-stdio.o)
                0x00000000080040f8                __sread
 .text.__seofread
                0x000000000800411a        0x4 /usr/lib/gcc/arm-none-eabi/4.9.3/../../../arm-none-eabi/lib/armv7-m/libc_nano.a(lib_a-stdio.o)
                0x000000000800411a                __seofread
 .text.__swrite
                0x000000000800411e       0x38 /usr/lib/gcc/arm-none-eabi/4.9.3/../../../arm-none-eabi/lib/armv7-m/libc_nano.a(lib_a-stdio.o)
                0x000000000800411e                __swrite
 .text.__sseek  0x0000000008004156       0x24 /usr/lib/gcc/arm-none-eabi/4.9.3/../../../arm-none-eabi/lib/armv7-m/libc_nano.a(lib_a-stdio.o)
                0x0000000008004156                __sseek
 .text.__sclose
                0x000000000800417a        0x8 /usr/lib/gcc/arm-none-eabi/4.9.3/../../../arm-none-eabi/lib/armv7-m/libc_nano.a(lib_a-stdio.o)
                0x000000000800417a                __sclose
 .text.strlen   0x0000000008004182       0x10 /usr/lib/gcc/arm-none-eabi/4.9.3/../../../arm-none-eabi/lib/armv7-m/libc_nano.a(lib_a-strlen.o)
                0x0000000008004182                strlen
 *fill*         0x0000000008004192        0x2 
 .text.__swbuf_r
                0x0000000008004194       0xa8 /usr/lib/gcc/arm-none-eabi/4.9.3/../../../arm-none-eabi/lib/armv7-m/libc_nano.a(lib_a-wbuf.o)
                0x0000000008004194                __swbuf_r
 .text._write_r
                0x000000000800423c       0x24 /usr/lib/gcc/arm-none-eabi/4.9.3/../../../arm-none-eabi/lib/armv7-m/libc_nano.a(lib_a-writer.o)
                0x000000000800423c                _write_r
 .text.__swsetup_r
                0x0000000008004260       0xd8 /usr/lib/gcc/arm-none-eabi/4.9.3/../../../arm-none-eabi/lib/armv7-m/libc_nano.a(lib_a-wsetup.o)
                0x0000000008004260                __swsetup_r
 .text._close_r
                0x0000000008004338       0x20 /usr/lib/gcc/arm-none-eabi/4.9.3/../../../arm-none-eabi/lib/armv7-m/libc_nano.a(lib_a-closer.o)
                0x0000000008004338                _close_r
 .text.__sflush_r
                0x0000000008004358      0x106 /usr/lib/gcc/arm-none-eabi/4.9.3/../../../arm-none-eabi/lib/armv7-m/libc_nano.a(lib_a-fflush.o)
                0x0000000008004358                __sflush_r
 *fill*         0x000000000800445e        0x2 
 .text._fflush_r
                0x0000000008004460       0x54 /usr/lib/gcc/arm-none-eabi/4.9.3/../../../arm-none-eabi/lib/armv7-m/libc_nano.a(lib_a-fflush.o)
                0x0000000008004460                _fflush_r
 .text._cleanup_r
                0x00000000080044b4        0xc /usr/lib/gcc/arm-none-eabi/4.9.3/../../../arm-none-eabi/lib/armv7-m/libc_nano.a(lib_a-findfp.o)
                0x00000000080044b4                _cleanup_r
 .text.std.isra.0
                0x00000000080044c0       0x48 /usr/lib/gcc/arm-none-eabi/4.9.3/../../../arm-none-eabi/lib/armv7-m/libc_nano.a(lib_a-findfp.o)
 .text.__sfmoreglue
                0x0000000008004508       0x2c /usr/lib/gcc/arm-none-eabi/4.9.3/../../../arm-none-eabi/lib/armv7-m/libc_nano.a(lib_a-findfp.o)
                0x0000000008004508                __sfmoreglue
 .text.__sinit  0x0000000008004534       0x60 /usr/lib/gcc/arm-none-eabi/4.9.3/../../../arm-none-eabi/lib/armv7-m/libc_nano.a(lib_a-findfp.o)
                0x0000000008004534                __sinit
 .text.__sfp    0x0000000008004594       0x74 /usr/lib/gcc/arm-none-eabi/4.9.3/../../../arm-none-eabi/lib/armv7-m/libc_nano.a(lib_a-findfp.o)
                0x0000000008004594                __sfp
 .text._fwalk_reent
                0x0000000008004608       0x3c /usr/lib/gcc/arm-none-eabi/4.9.3/../../../arm-none-eabi/lib/armv7-m/libc_nano.a(lib_a-fwalk.o)
                0x0000000008004608                _fwalk_reent
 .text._lseek_r
                0x0000000008004644       0x24 /usr/lib/gcc/arm-none-eabi/4.9.3/../../../arm-none-eabi/lib/armv7-m/libc_nano.a(lib_a-lseekr.o)
                0x0000000008004644                _lseek_r
 .text.__smakebuf_r
                0x0000000008004668       0x98 /usr/lib/gcc/arm-none-eabi/4.9.3/../../../arm-none-eabi/lib/armv7-m/libc_nano.a(lib_a-makebuf.o)
                0x0000000008004668                __smakebuf_r
 .text._free_r  0x0000000008004700       0x88 /usr/lib/gcc/arm-none-eabi/4.9.3/../../../arm-none-eabi/lib/armv7-m/libc_nano.a(lib_a-nano-freer.o)
                0x0000000008004700                _free_r
 .text._malloc_r
                0x0000000008004788       0xac /usr/lib/gcc/arm-none-eabi/4.9.3/../../../arm-none-eabi/lib/armv7-m/libc_nano.a(lib_a-nano-mallocr.o)
                0x0000000008004788                _malloc_r
 .text.__ssputs_r
                0x0000000008004834       0xb2 /usr/lib/gcc/arm-none-eabi/4.9.3/../../../arm-none-eabi/lib/armv7-m/libc_nano.a(lib_a-nano-svfprintf.o)
                0x0000000008004834                __ssputs_r
 *fill*         0x00000000080048e6        0x2 
 .text._svfprintf_r
                0x00000000080048e8      0x1e4 /usr/lib/gcc/arm-none-eabi/4.9.3/../../../arm-none-eabi/lib/armv7-m/libc_nano.a(lib_a-nano-svfprintf.o)
                0x00000000080048e8                _svfprintf_r
                0x00000000080048e8                _svfiprintf_r
 .text._sungetc_r
                0x0000000008004acc       0x7a /usr/lib/gcc/arm-none-eabi/4.9.3/../../../arm-none-eabi/lib/armv7-m/libc_nano.a(lib_a-nano-svfscanf.o)
                0x0000000008004acc                _sungetc_r
 .text.__ssrefill_r
                0x0000000008004b46       0x3a /usr/lib/gcc/arm-none-eabi/4.9.3/../../../arm-none-eabi/lib/armv7-m/libc_nano.a(lib_a-nano-svfscanf.o)
                0x0000000008004b46                __ssrefill_r
 .text.__ssvfscanf_r
                0x0000000008004b80      0x29c /usr/lib/gcc/arm-none-eabi/4.9.3/../../../arm-none-eabi/lib/armv7-m/libc_nano.a(lib_a-nano-svfscanf.o)
                0x0000000008004b80                __ssvfscanf_r
                0x0000000008004b80                __ssvfiscanf_r
 .text.__sfputc_r
                0x0000000008004e1c       0x2c /usr/lib/gcc/arm-none-eabi/4.9.3/../../../arm-none-eabi/lib/armv7-m/libc_nano.a(lib_a-nano-vfprintf.o)
 .text.__sfputs_r
                0x0000000008004e48       0x24 /usr/lib/gcc/arm-none-eabi/4.9.3/../../../arm-none-eabi/lib/armv7-m/libc_nano.a(lib_a-nano-vfprintf.o)
                0x0000000008004e48                __sfputs_r
 .text._vfprintf_r
                0x0000000008004e6c      0x210 /usr/lib/gcc/arm-none-eabi/4.9.3/../../../arm-none-eabi/lib/armv7-m/libc_nano.a(lib_a-nano-vfprintf.o)
                0x0000000008004e6c                _vfiprintf_r
                0x0000000008004e6c                _vfprintf_r
 .text._printf_common
                0x000000000800507c       0xea /usr/lib/gcc/arm-none-eabi/4.9.3/../../../arm-none-eabi/lib/armv7-m/libc_nano.a(lib_a-nano-vfprintf_i.o)
                0x000000000800507c                _printf_common
 *fill*         0x0000000008005166        0x2 
 .text._printf_i
                0x0000000008005168      0x240 /usr/lib/gcc/arm-none-eabi/4.9.3/../../../arm-none-eabi/lib/armv7-m/libc_nano.a(lib_a-nano-vfprintf_i.o)
                0x0000000008005168                _printf_i
 .text._scanf_chars
                0x00000000080053a8       0xbc /usr/lib/gcc/arm-none-eabi/4.9.3/../../../arm-none-eabi/lib/armv7-m/libc_nano.a(lib_a-nano-vfscanf_i.o)
                0x00000000080053a8                _scanf_chars
 .text._scanf_i
                0x0000000008005464      0x1e4 /usr/lib/gcc/arm-none-eabi/4.9.3/../../../arm-none-eabi/lib/armv7-m/libc_nano.a(lib_a-nano-vfscanf_i.o)
                0x0000000008005464                _scanf_i
 .text._read_r  0x0000000008005648       0x24 /usr/lib/gcc/arm-none-eabi/4.9.3/../../../arm-none-eabi/lib/armv7-m/libc_nano.a(lib_a-readr.o)
                0x0000000008005648                _read_r
 .text._sbrk_r  0x000000000800566c       0x20 /usr/lib/gcc/arm-none-eabi/4.9.3/../../../arm-none-eabi/lib/armv7-m/libc_nano.a(lib_a-sbrkr.o)
                0x000000000800566c                _sbrk_r
 .text.__sccl   0x000000000800568c       0x62 /usr/lib/gcc/arm-none-eabi/4.9.3/../../../arm-none-eabi/lib/armv7-m/libc_nano.a(lib_a-sccl.o)
                0x000000000800568c                __sccl
 *fill*         0x00000000080056ee        0x2 
 .text._strtol_r
                0x00000000080056f0      0x10c /usr/lib/gcc/arm-none-eabi/4.9.3/../../../arm-none-eabi/lib/armv7-m/libc_nano.a(lib_a-strtol.o)
                0x00000000080056f0                _strtol_r
 .text._strtoul_r
                0x00000000080057fc       0xf8 /usr/lib/gcc/arm-none-eabi/4.9.3/../../../arm-none-eabi/lib/armv7-m/libc_nano.a(lib_a-strtoul.o)
                0x00000000080057fc                _strtoul_r
 .text.__submore
                0x00000000080058f4       0x72 /usr/lib/gcc/arm-none-eabi/4.9.3/../../../arm-none-eabi/lib/armv7-m/libc_nano.a(lib_a-ungetc.o)
                0x00000000080058f4                __submore
 *fill*         0x0000000008005966        0x2 
 .text._fstat_r
                0x0000000008005968       0x24 /usr/lib/gcc/arm-none-eabi/4.9.3/../../../arm-none-eabi/lib/armv7-m/libc_nano.a(lib_a-fstatr.o)
                0x0000000008005968                _fstat_r
 .text._isatty_r
                0x000000000800598c       0x20 /usr/lib/gcc/arm-none-eabi/4.9.3/../../../arm-none-eabi/lib/armv7-m/libc_nano.a(lib_a-isattyr.o)
                0x000000000800598c                _isatty_r
 .text.memchr   0x00000000080059ac       0x1c /usr/lib/gcc/arm-none-eabi/4.9.3/../../../arm-none-eabi/lib/armv7-m/libc_nano.a(lib_a-memchr.o)
                0x00000000080059ac                memchr
 .text.memcpy   0x00000000080059c8       0x16 /usr/lib/gcc/arm-none-eabi/4.9.3/../../../arm-none-eabi/lib/armv7-m/libc_nano.a(lib_a-memcpy.o)
                0x00000000080059c8                memcpy
 .text.memmove  0x00000000080059de       0x36 /usr/lib/gcc/arm-none-eabi/4.9.3/../../../arm-none-eabi/lib/armv7-m/libc_nano.a(lib_a-memmove.o)
                0x00000000080059de                memmove
 .text._realloc_r
                0x0000000008005a14       0x4c /usr/lib/gcc/arm-none-eabi/4.9.3/../../../arm-none-eabi/lib/armv7-m/libc_nano.a(lib_a-nano-reallocr.o)
                0x0000000008005a14                _realloc_r
 .text._malloc_usable_size_r
                0x0000000008005a60       0x14 /usr/lib/gcc/arm-none-eabi/4.9.3/../../../arm-none-eabi/lib/armv7-m/libc_nano.a(lib_a-nano-msizer.o)
                0x0000000008005a60                _malloc_usable_size_r
 .text._close   0x0000000008005a74       0x10 /usr/lib/gcc/arm-none-eabi/4.9.3/../../../arm-none-eabi/lib/armv7-m/libnosys.a(close.o)
                0x0000000008005a74                _close
 .text._fstat   0x0000000008005a84       0x10 /usr/lib/gcc/arm-none-eabi/4.9.3/../../../arm-none-eabi/lib/armv7-m/libnosys.a(fstat.o)
                0x0000000008005a84                _fstat
 .text._isatty  0x0000000008005a94       0x10 /usr/lib/gcc/arm-none-eabi/4.9.3/../../../arm-none-eabi/lib/armv7-m/libnosys.a(isatty.o)
                0x0000000008005a94                _isatty
 .text._lseek   0x0000000008005aa4       0x10 /usr/lib/gcc/arm-none-eabi/4.9.3/../../../arm-none-eabi/lib/armv7-m/libnosys.a(lseek.o)
                0x0000000008005aa4                _lseek
 .text._read    0x0000000008005ab4       0x10 /usr/lib/gcc/arm-none-eabi/4.9.3/../../../arm-none-eabi/lib/armv7-m/libnosys.a(read.o)
                0x0000000008005ab4                _read
 .text._sbrk    0x0000000008005ac4       0x1c /usr/lib/gcc/arm-none-eabi/4.9.3/../../../arm-none-eabi/lib/armv7-m/libnosys.a(sbrk.o)
                0x0000000008005ac4                _sbrk
 .text._write   0x0000000008005ae0       0x10 /usr/lib/gcc/arm-none-eabi/4.9.3/../../../arm-none-eabi/lib/armv7-m/libnosys.a(write.o)
                0x0000000008005ae0                _write
 *(.glue_7)
 .glue_7        0x0000000008005af0        0x0 linker stubs
 *(.glue_7t)
 .glue_7t       0x0000000008005af0        0x0 linker stubs
 *(.eh_frame)
 .eh_frame      0x0000000008005af0        0x0 /usr/lib/gcc/arm-none-eabi/4.9.3/armv7-m/crtbegin.o
 *(.init)
 .init          0x0000000008005af0        0x4 /usr/lib/gcc/arm-none-eabi/4.9.3/armv7-m/crti.o
                0x0000000008005af0                _init
 .init          0x0000000008005af4        0x8 /usr/lib/gcc/arm-none-eabi/4.9.3/armv7-m/crtn.o
 *(.fini)
 .fini          0x0000000008005afc        0x4 /usr/lib/gcc/arm-none-eabi/4.9.3/armv7-m/crti.o
                0x0000000008005afc                _fini
 .fini          0x0000000008005b00        0x8 /usr/lib/gcc/arm-none-eabi/4.9.3/armv7-m/crtn.o
                0x0000000008005b08                . = ALIGN (0x4)
                0x0000000008005b08                _etext = .

.vfp11_veneer   0x0000000008005b08        0x0
 .vfp11_veneer  0x0000000008005b08        0x0 linker stubs

.v4_bx          0x0000000008005b08        0x0
 .v4_bx         0x0000000008005b08        0x0 linker stubs

.iplt           0x0000000008005b08        0x0
 .iplt          0x0000000008005b08        0x0 /usr/lib/gcc/arm-none-eabi/4.9.3/armv7-m/crtbegin.o

.rodata         0x0000000008005b08      0x3d0
                0x0000000008005b08                . = ALIGN (0x4)
 *(.rodata)
 .rodata        0x0000000008005b08        0xc /usr/lib/gcc/arm-none-eabi/4.9.3/../../../arm-none-eabi/lib/armv7-m/libc_nano.a(lib_a-nano-vfscanf_i.o)
 *(.rodata*)
 .rodata.str1.4
                0x0000000008005b14        0x6 build/main.o
                                          0xa (size before relaxing)
 *fill*         0x0000000008005b1a        0x2 
 .rodata.AHBPrescTable
                0x0000000008005b1c       0x10 build/system_stm32f2xx.o
                0x0000000008005b1c                AHBPrescTable
 .rodata.APBPrescTable
                0x0000000008005b2c        0x8 build/system_stm32f2xx.o
                0x0000000008005b2c                APBPrescTable
 .rodata.str1.4
                0x0000000008005b34       0x94 build/spi_gpio.o
 .rodata.str1.4
                0x0000000008005bc8       0x71 build/sour_fs.o
 *fill*         0x0000000008005c39        0x3 
 .rodata.str1.4
                0x0000000008005c3c       0x20 build/diskio.o
 .rodata.ExCvt  0x0000000008005c5c       0x80 build/ff.o
 .rodata.str1.4
                0x0000000008005cdc       0x44 build/ff.o
 .rodata.str1.1
                0x0000000008005d20        0x2 /usr/lib/gcc/arm-none-eabi/4.9.3/../../../arm-none-eabi/lib/armv7-m/libc_nano.a(lib_a-impure.o)
 *fill*         0x0000000008005d22        0x2 
 .rodata._global_impure_ptr
                0x0000000008005d24        0x4 /usr/lib/gcc/arm-none-eabi/4.9.3/../../../arm-none-eabi/lib/armv7-m/libc_nano.a(lib_a-impure.o)
                0x0000000008005d24                _global_impure_ptr
 .rodata.__sf_fake_stdin
                0x0000000008005d28       0x20 /usr/lib/gcc/arm-none-eabi/4.9.3/../../../arm-none-eabi/lib/armv7-m/libc_nano.a(lib_a-findfp.o)
                0x0000000008005d28                __sf_fake_stdin
 .rodata.__sf_fake_stdout
                0x0000000008005d48       0x20 /usr/lib/gcc/arm-none-eabi/4.9.3/../../../arm-none-eabi/lib/armv7-m/libc_nano.a(lib_a-findfp.o)
                0x0000000008005d48                __sf_fake_stdout
 .rodata.__sf_fake_stderr
                0x0000000008005d68       0x20 /usr/lib/gcc/arm-none-eabi/4.9.3/../../../arm-none-eabi/lib/armv7-m/libc_nano.a(lib_a-findfp.o)
                0x0000000008005d68                __sf_fake_stderr
 .rodata.str1.1
                0x0000000008005d88       0x11 /usr/lib/gcc/arm-none-eabi/4.9.3/../../../arm-none-eabi/lib/armv7-m/libc_nano.a(lib_a-nano-svfprintf.o)
 .rodata.str1.1
                0x0000000008005d99        0x4 /usr/lib/gcc/arm-none-eabi/4.9.3/../../../arm-none-eabi/lib/armv7-m/libc_nano.a(lib_a-nano-svfscanf.o)
 .rodata.str1.1
                0x0000000008005d99       0x11 /usr/lib/gcc/arm-none-eabi/4.9.3/../../../arm-none-eabi/lib/armv7-m/libc_nano.a(lib_a-nano-vfprintf.o)
 .rodata.str1.1
                0x0000000008005d99       0x22 /usr/lib/gcc/arm-none-eabi/4.9.3/../../../arm-none-eabi/lib/armv7-m/libc_nano.a(lib_a-nano-vfprintf_i.o)
 .rodata.str1.1
                0x0000000008005dbb       0x1b /usr/lib/gcc/arm-none-eabi/4.9.3/../../../arm-none-eabi/lib/armv7-m/libc_nano.a(lib_a-nano-vfscanf_i.o)
 .rodata._ctype_
                0x0000000008005dd6      0x101 /usr/lib/gcc/arm-none-eabi/4.9.3/../../../arm-none-eabi/lib/armv7-m/libc_nano.a(lib_a-ctype_.o)
                0x0000000008005dd6                _ctype_
                0x0000000008005ed8                . = ALIGN (0x4)
 *fill*         0x0000000008005ed7        0x1 

.ARM.extab
 *(.ARM.extab* .gnu.linkonce.armextab.*)

.ARM            0x0000000008005ed8        0x8
                0x0000000008005ed8                __exidx_start = .
 *(.ARM.exidx*)
 .ARM.exidx     0x0000000008005ed8        0x8 /usr/lib/gcc/arm-none-eabi/4.9.3/armv7-m/libgcc.a(_divdi3.o)
 .ARM.exidx     0x0000000008005ee0        0x0 /usr/lib/gcc/arm-none-eabi/4.9.3/armv7-m/libgcc.a(_udivdi3.o)
                                          0x8 (size before relaxing)
                0x0000000008005ee0                __exidx_end = .

.rel.dyn        0x0000000008005ee0        0x0
 .rel.iplt      0x0000000008005ee0        0x0 /usr/lib/gcc/arm-none-eabi/4.9.3/armv7-m/crtbegin.o

.preinit_array  0x0000000008005ee0        0x0
                0x0000000008005ee0                PROVIDE (__preinit_array_start, .)
 *(.preinit_array*)
                0x0000000008005ee0                PROVIDE (__preinit_array_end, .)

.init_array     0x0000000008005ee0        0x4
                0x0000000008005ee0                PROVIDE (__init_array_start, .)
 *(SORT(.init_array.*))
 *(.init_array*)
 .init_array    0x0000000008005ee0        0x4 /usr/lib/gcc/arm-none-eabi/4.9.3/armv7-m/crtbegin.o
                0x0000000008005ee4                PROVIDE (__init_array_end, .)

.fini_array     0x0000000008005ee4        0x4
                0x0000000008005ee4                PROVIDE (__fini_array_start, .)
 *(SORT(.fini_array.*))
 *(.fini_array*)
 .fini_array    0x0000000008005ee4        0x4 /usr/lib/gcc/arm-none-eabi/4.9.3/armv7-m/crtbegin.o
                0x0000000008005ee8                PROVIDE (__fini_array_end, .)
                0x0000000008005ee8                _sidata = LOADADDR (.data)

.data           0x0000000020000000       0x6c load address 0x0000000008005ee8
                0x0000000020000000                . = ALIGN (0x4)
                0x0000000020000000                _sdata = .
 *(.data)
 *(.data*)
 .data.SystemCoreClock
                0x0000000020000000        0x4 build/system_stm32f2xx.o
                0x0000000020000000                SystemCoreClock
 .data.impure_data
                0x0000000020000004       0x60 /usr/lib/gcc/arm-none-eabi/4.9.3/../../../arm-none-eabi/lib/armv7-m/libc_nano.a(lib_a-impure.o)
 .data._impure_ptr
                0x0000000020000064        0x4 /usr/lib/gcc/arm-none-eabi/4.9.3/../../../arm-none-eabi/lib/armv7-m/libc_nano.a(lib_a-impure.o)
                0x0000000020000064                _impure_ptr
 .data.__ctype_ptr__
                0x0000000020000068        0x4 /usr/lib/gcc/arm-none-eabi/4.9.3/../../../arm-none-eabi/lib/armv7-m/libc_nano.a(lib_a-ctype_.o)
                0x0000000020000068                __ctype_ptr__
                0x000000002000006c                . = ALIGN (0x4)
                0x000000002000006c                _edata = .

.jcr            0x000000002000006c        0x0 load address 0x0000000008005f54
 .jcr           0x000000002000006c        0x0 /usr/lib/gcc/arm-none-eabi/4.9.3/armv7-m/crtbegin.o

.tm_clone_table
                0x000000002000006c        0x0 load address 0x0000000008005f54
 .tm_clone_table
                0x000000002000006c        0x0 /usr/lib/gcc/arm-none-eabi/4.9.3/armv7-m/crtbegin.o
 .tm_clone_table
                0x000000002000006c        0x0 /usr/lib/gcc/arm-none-eabi/4.9.3/armv7-m/crtend.o

.igot.plt       0x000000002000006c        0x0 load address 0x0000000008005f54
 .igot.plt      0x000000002000006c        0x0 /usr/lib/gcc/arm-none-eabi/4.9.3/armv7-m/crtbegin.o
                0x000000002000006c                . = ALIGN (0x4)

.bss            0x000000002000006c       0x98 load address 0x0000000008005f54
                0x000000002000006c                _sbss = .
                0x000000002000006c                __bss_start__ = _sbss
 *(.bss)
 .bss           0x000000002000006c       0x1c /usr/lib/gcc/arm-none-eabi/4.9.3/armv7-m/crtbegin.o
 *(.bss*)
 .bss.is_init   0x0000000020000088        0x4 build/diskio.o
 .bss.Files     0x000000002000008c       0x18 build/ff.o
 .bss.Fsid      0x00000000200000a4        0x2 build/ff.o
 *fill*         0x00000000200000a6        0x2 
 .bss.FatFs     0x00000000200000a8        0x4 build/ff.o
 .bss.__malloc_sbrk_start
                0x00000000200000ac        0x4 /usr/lib/gcc/arm-none-eabi/4.9.3/../../../arm-none-eabi/lib/armv7-m/libc_nano.a(lib_a-nano-mallocr.o)
                0x00000000200000ac                __malloc_sbrk_start
 .bss.__malloc_free_list
                0x00000000200000b0        0x4 /usr/lib/gcc/arm-none-eabi/4.9.3/../../../arm-none-eabi/lib/armv7-m/libc_nano.a(lib_a-nano-mallocr.o)
                0x00000000200000b0                __malloc_free_list
 .bss.heap_end.4079
                0x00000000200000b4        0x4 /usr/lib/gcc/arm-none-eabi/4.9.3/../../../arm-none-eabi/lib/armv7-m/libnosys.a(sbrk.o)
 *(COMMON)
 COMMON         0x00000000200000b8       0x40 build/usart.o
                0x00000000200000b8                huart3
 COMMON         0x00000000200000f8        0x4 build/stm32f2xx_hal.o
                0x00000000200000f8                uwTick
 COMMON         0x00000000200000fc        0x4 build/spi_gpio.o
                0x00000000200000fc                spi_gpio_clk
                0x00000000200000fd                spi_gpio_data_out
                0x00000000200000fe                spi_gpio_cs
                0x00000000200000ff                spi_gpio_data_in
 COMMON         0x0000000020000100        0x4 /usr/lib/gcc/arm-none-eabi/4.9.3/../../../arm-none-eabi/lib/armv7-m/libc_nano.a(lib_a-reent.o)
                0x0000000020000100                errno
                0x0000000020000104                . = ALIGN (0x4)
                0x0000000020000104                _ebss = .
                0x0000000020000104                __bss_end__ = _ebss

._user_heap_stack
                0x0000000020000104      0x604 load address 0x0000000008005f54
                0x0000000020000108                . = ALIGN (0x8)
 *fill*         0x0000000020000104        0x4 
                0x0000000020000108                PROVIDE (end, .)
                [!provide]                        PROVIDE (_end, .)
                0x0000000020000308                . = (. + _Min_Heap_Size)
 *fill*         0x0000000020000108      0x200 
                0x0000000020000708                . = (. + _Min_Stack_Size)
 *fill*         0x0000000020000308      0x400 
                0x0000000020000708                . = ALIGN (0x8)

/DISCARD/
 libc.a(*)
 libm.a(*)
 libgcc.a(*)

.ARM.attributes
                0x0000000000000000       0x29
 *(.ARM.attributes)
 .ARM.attributes
                0x0000000000000000       0x1d /usr/lib/gcc/arm-none-eabi/4.9.3/armv7-m/crti.o
 .ARM.attributes
                0x000000000000001d       0x2d /usr/lib/gcc/arm-none-eabi/4.9.3/armv7-m/crtbegin.o
 .ARM.attributes
                0x000000000000004a       0x33 build/main.o
 .ARM.attributes
                0x000000000000007d       0x33 build/gpio.o
 .ARM.attributes
                0x00000000000000b0       0x33 build/usart.o
 .ARM.attributes
                0x00000000000000e3       0x33 build/stm32f2xx_it.o
 .ARM.attributes
                0x0000000000000116       0x33 build/stm32f2xx_hal_msp.o
 .ARM.attributes
                0x0000000000000149       0x33 build/stm32f2xx_hal_uart.o
 .ARM.attributes
                0x000000000000017c       0x33 build/stm32f2xx_hal.o
 .ARM.attributes
                0x00000000000001af       0x33 build/stm32f2xx_hal_rcc.o
 .ARM.attributes
                0x00000000000001e2       0x33 build/stm32f2xx_hal_cortex.o
 .ARM.attributes
                0x0000000000000215       0x33 build/stm32f2xx_hal_gpio.o
 .ARM.attributes
                0x0000000000000248       0x33 build/system_stm32f2xx.o
 .ARM.attributes
                0x000000000000027b       0x33 build/spi_gpio.o
 .ARM.attributes
                0x00000000000002ae       0x33 build/sour_fs.o
 .ARM.attributes
                0x00000000000002e1       0x33 build/diskio.o
 .ARM.attributes
                0x0000000000000314       0x33 build/ff.o
 .ARM.attributes
                0x0000000000000347       0x21 build/startup_stm32f207xx.o
 .ARM.attributes
                0x0000000000000368       0x2d /usr/lib/gcc/arm-none-eabi/4.9.3/../../../arm-none-eabi/lib/armv7-m/libc_nano.a(lib_a-impure.o)
 .ARM.attributes
                0x0000000000000395       0x2d /usr/lib/gcc/arm-none-eabi/4.9.3/../../../arm-none-eabi/lib/armv7-m/libc_nano.a(lib_a-init.o)
 .ARM.attributes
                0x00000000000003c2       0x2d /usr/lib/gcc/arm-none-eabi/4.9.3/../../../arm-none-eabi/lib/armv7-m/libc_nano.a(lib_a-memset.o)
 .ARM.attributes
                0x00000000000003ef       0x2d /usr/lib/gcc/arm-none-eabi/4.9.3/../../../arm-none-eabi/lib/armv7-m/libc_nano.a(lib_a-printf.o)
 .ARM.attributes
                0x000000000000041c       0x2d /usr/lib/gcc/arm-none-eabi/4.9.3/../../../arm-none-eabi/lib/armv7-m/libc_nano.a(lib_a-puts.o)
 .ARM.attributes
                0x0000000000000449       0x2d /usr/lib/gcc/arm-none-eabi/4.9.3/../../../arm-none-eabi/lib/armv7-m/libc_nano.a(lib_a-snprintf.o)
 .ARM.attributes
                0x0000000000000476       0x2d /usr/lib/gcc/arm-none-eabi/4.9.3/../../../arm-none-eabi/lib/armv7-m/libc_nano.a(lib_a-sscanf.o)
 .ARM.attributes
                0x00000000000004a3       0x2d /usr/lib/gcc/arm-none-eabi/4.9.3/../../../arm-none-eabi/lib/armv7-m/libc_nano.a(lib_a-stdio.o)
 .ARM.attributes
                0x00000000000004d0       0x2d /usr/lib/gcc/arm-none-eabi/4.9.3/../../../arm-none-eabi/lib/armv7-m/libc_nano.a(lib_a-strlen.o)
 .ARM.attributes
                0x00000000000004fd       0x2d /usr/lib/gcc/arm-none-eabi/4.9.3/../../../arm-none-eabi/lib/armv7-m/libc_nano.a(lib_a-wbuf.o)
 .ARM.attributes
                0x000000000000052a       0x2d /usr/lib/gcc/arm-none-eabi/4.9.3/../../../arm-none-eabi/lib/armv7-m/libc_nano.a(lib_a-writer.o)
 .ARM.attributes
                0x0000000000000557       0x2d /usr/lib/gcc/arm-none-eabi/4.9.3/../../../arm-none-eabi/lib/armv7-m/libc_nano.a(lib_a-wsetup.o)
 .ARM.attributes
                0x0000000000000584       0x2d /usr/lib/gcc/arm-none-eabi/4.9.3/../../../arm-none-eabi/lib/armv7-m/libc_nano.a(lib_a-closer.o)
 .ARM.attributes
                0x00000000000005b1       0x2d /usr/lib/gcc/arm-none-eabi/4.9.3/../../../arm-none-eabi/lib/armv7-m/libc_nano.a(lib_a-fflush.o)
 .ARM.attributes
                0x00000000000005de       0x2d /usr/lib/gcc/arm-none-eabi/4.9.3/../../../arm-none-eabi/lib/armv7-m/libc_nano.a(lib_a-findfp.o)
 .ARM.attributes
                0x000000000000060b       0x2d /usr/lib/gcc/arm-none-eabi/4.9.3/../../../arm-none-eabi/lib/armv7-m/libc_nano.a(lib_a-fwalk.o)
 .ARM.attributes
                0x0000000000000638       0x2d /usr/lib/gcc/arm-none-eabi/4.9.3/../../../arm-none-eabi/lib/armv7-m/libc_nano.a(lib_a-lseekr.o)
 .ARM.attributes
                0x0000000000000665       0x2d /usr/lib/gcc/arm-none-eabi/4.9.3/../../../arm-none-eabi/lib/armv7-m/libc_nano.a(lib_a-makebuf.o)
 .ARM.attributes
                0x0000000000000692       0x2d /usr/lib/gcc/arm-none-eabi/4.9.3/../../../arm-none-eabi/lib/armv7-m/libc_nano.a(lib_a-nano-freer.o)
 .ARM.attributes
                0x00000000000006bf       0x2d /usr/lib/gcc/arm-none-eabi/4.9.3/../../../arm-none-eabi/lib/armv7-m/libc_nano.a(lib_a-nano-mallocr.o)
 .ARM.attributes
                0x00000000000006ec       0x2d /usr/lib/gcc/arm-none-eabi/4.9.3/../../../arm-none-eabi/lib/armv7-m/libc_nano.a(lib_a-nano-svfprintf.o)
 .ARM.attributes
                0x0000000000000719       0x2d /usr/lib/gcc/arm-none-eabi/4.9.3/../../../arm-none-eabi/lib/armv7-m/libc_nano.a(lib_a-nano-svfscanf.o)
 .ARM.attributes
                0x0000000000000746       0x2d /usr/lib/gcc/arm-none-eabi/4.9.3/../../../arm-none-eabi/lib/armv7-m/libc_nano.a(lib_a-nano-vfprintf.o)
 .ARM.attributes
                0x0000000000000773       0x2d /usr/lib/gcc/arm-none-eabi/4.9.3/../../../arm-none-eabi/lib/armv7-m/libc_nano.a(lib_a-nano-vfprintf_i.o)
 .ARM.attributes
                0x00000000000007a0       0x2d /usr/lib/gcc/arm-none-eabi/4.9.3/../../../arm-none-eabi/lib/armv7-m/libc_nano.a(lib_a-nano-vfscanf_i.o)
 .ARM.attributes
                0x00000000000007cd       0x2d /usr/lib/gcc/arm-none-eabi/4.9.3/../../../arm-none-eabi/lib/armv7-m/libc_nano.a(lib_a-readr.o)
 .ARM.attributes
                0x00000000000007fa       0x2d /usr/lib/gcc/arm-none-eabi/4.9.3/../../../arm-none-eabi/lib/armv7-m/libc_nano.a(lib_a-reent.o)
 .ARM.attributes
                0x0000000000000827       0x2d /usr/lib/gcc/arm-none-eabi/4.9.3/../../../arm-none-eabi/lib/armv7-m/libc_nano.a(lib_a-sbrkr.o)
 .ARM.attributes
                0x0000000000000854       0x2d /usr/lib/gcc/arm-none-eabi/4.9.3/../../../arm-none-eabi/lib/armv7-m/libc_nano.a(lib_a-sccl.o)
 .ARM.attributes
                0x0000000000000881       0x2d /usr/lib/gcc/arm-none-eabi/4.9.3/../../../arm-none-eabi/lib/armv7-m/libc_nano.a(lib_a-strtol.o)
 .ARM.attributes
                0x00000000000008ae       0x2d /usr/lib/gcc/arm-none-eabi/4.9.3/../../../arm-none-eabi/lib/armv7-m/libc_nano.a(lib_a-strtoul.o)
 .ARM.attributes
                0x00000000000008db       0x2d /usr/lib/gcc/arm-none-eabi/4.9.3/../../../arm-none-eabi/lib/armv7-m/libc_nano.a(lib_a-ungetc.o)
 .ARM.attributes
                0x0000000000000908       0x2d /usr/lib/gcc/arm-none-eabi/4.9.3/../../../arm-none-eabi/lib/armv7-m/libc_nano.a(lib_a-ctype_.o)
 .ARM.attributes
                0x0000000000000935       0x2d /usr/lib/gcc/arm-none-eabi/4.9.3/../../../arm-none-eabi/lib/armv7-m/libc_nano.a(lib_a-fstatr.o)
 .ARM.attributes
                0x0000000000000962       0x2d /usr/lib/gcc/arm-none-eabi/4.9.3/../../../arm-none-eabi/lib/armv7-m/libc_nano.a(lib_a-isattyr.o)
 .ARM.attributes
                0x000000000000098f       0x2d /usr/lib/gcc/arm-none-eabi/4.9.3/../../../arm-none-eabi/lib/armv7-m/libc_nano.a(lib_a-memchr.o)
 .ARM.attributes
                0x00000000000009bc       0x2d /usr/lib/gcc/arm-none-eabi/4.9.3/../../../arm-none-eabi/lib/armv7-m/libc_nano.a(lib_a-memcpy.o)
 .ARM.attributes
                0x00000000000009e9       0x2d /usr/lib/gcc/arm-none-eabi/4.9.3/../../../arm-none-eabi/lib/armv7-m/libc_nano.a(lib_a-memmove.o)
 .ARM.attributes
                0x0000000000000a16       0x2d /usr/lib/gcc/arm-none-eabi/4.9.3/../../../arm-none-eabi/lib/armv7-m/libc_nano.a(lib_a-nano-reallocr.o)
 .ARM.attributes
                0x0000000000000a43       0x2d /usr/lib/gcc/arm-none-eabi/4.9.3/../../../arm-none-eabi/lib/armv7-m/libc_nano.a(lib_a-nano-msizer.o)
 .ARM.attributes
                0x0000000000000a70       0x2d /usr/lib/gcc/arm-none-eabi/4.9.3/../../../arm-none-eabi/lib/armv7-m/libnosys.a(close.o)
 .ARM.attributes
                0x0000000000000a9d       0x2d /usr/lib/gcc/arm-none-eabi/4.9.3/../../../arm-none-eabi/lib/armv7-m/libnosys.a(fstat.o)
 .ARM.attributes
                0x0000000000000aca       0x2d /usr/lib/gcc/arm-none-eabi/4.9.3/../../../arm-none-eabi/lib/armv7-m/libnosys.a(isatty.o)
 .ARM.attributes
                0x0000000000000af7       0x2d /usr/lib/gcc/arm-none-eabi/4.9.3/../../../arm-none-eabi/lib/armv7-m/libnosys.a(lseek.o)
 .ARM.attributes
                0x0000000000000b24       0x2d /usr/lib/gcc/arm-none-eabi/4.9.3/../../../arm-none-eabi/lib/armv7-m/libnosys.a(read.o)
 .ARM.attributes
                0x0000000000000b51       0x2d /usr/lib/gcc/arm-none-eabi/4.9.3/../../../arm-none-eabi/lib/armv7-m/libnosys.a(sbrk.o)
 .ARM.attributes
                0x0000000000000b7e       0x2d /usr/lib/gcc/arm-none-eabi/4.9.3/../../../arm-none-eabi/lib/armv7-m/libnosys.a(write.o)
 .ARM.attributes
                0x0000000000000bab       0x1d /usr/lib/gcc/arm-none-eabi/4.9.3/armv7-m/libgcc.a(_aeabi_uldivmod.o)
 .ARM.attributes
                0x0000000000000bc8       0x2d /usr/lib/gcc/arm-none-eabi/4.9.3/armv7-m/libgcc.a(bpabi.o)
 .ARM.attributes
                0x0000000000000bf5       0x1d /usr/lib/gcc/arm-none-eabi/4.9.3/armv7-m/libgcc.a(_dvmd_tls.o)
 .ARM.attributes
                0x0000000000000c12       0x2d /usr/lib/gcc/arm-none-eabi/4.9.3/armv7-m/libgcc.a(_divdi3.o)
 .ARM.attributes
                0x0000000000000c3f       0x2d /usr/lib/gcc/arm-none-eabi/4.9.3/armv7-m/libgcc.a(_udivdi3.o)
 .ARM.attributes
                0x0000000000000c6c       0x2d /usr/lib/gcc/arm-none-eabi/4.9.3/armv7-m/crtend.o
 .ARM.attributes
                0x0000000000000c99       0x1d /usr/lib/gcc/arm-none-eabi/4.9.3/armv7-m/crtn.o
OUTPUT(build/SourdoughSensors.elf elf32-littlearm)

.comment        0x0000000000000000       0x70
 .comment       0x0000000000000000       0x38 /usr/lib/gcc/arm-none-eabi/4.9.3/armv7-m/crtbegin.o
                                         0x39 (size before relaxing)
 .comment       0x0000000000000038       0x39 build/main.o
 .comment       0x0000000000000038       0x39 build/gpio.o
 .comment       0x0000000000000038       0x39 build/usart.o
 .comment       0x0000000000000038       0x39 build/stm32f2xx_it.o
 .comment       0x0000000000000038       0x39 build/stm32f2xx_hal_msp.o
 .comment       0x0000000000000038       0x39 build/stm32f2xx_hal_uart.o
 .comment       0x0000000000000038       0x39 build/stm32f2xx_hal.o
 .comment       0x0000000000000038       0x39 build/stm32f2xx_hal_rcc.o
 .comment       0x0000000000000038       0x39 build/stm32f2xx_hal_cortex.o
 .comment       0x0000000000000038       0x39 build/stm32f2xx_hal_gpio.o
 .comment       0x0000000000000038       0x39 build/system_stm32f2xx.o
 .comment       0x0000000000000038       0x39 build/spi_gpio.o
 .comment       0x0000000000000038       0x39 build/sour_fs.o
 .comment       0x0000000000000038       0x39 build/diskio.o
 .comment       0x0000000000000038       0x39 build/ff.o
 .comment       0x0000000000000038       0x38 /usr/lib/gcc/arm-none-eabi/4.9.3/../../../arm-none-eabi/lib/armv7-m/libc_nano.a(lib_a-impure.o)
                                         0x39 (size before relaxing)
 .comment       0x0000000000000070       0x39 /usr/lib/gcc/arm-none-eabi/4.9.3/../../../arm-none-eabi/lib/armv7-m/libc_nano.a(lib_a-init.o)
 .comment       0x0000000000000070       0x39 /usr/lib/gcc/arm-none-eabi/4.9.3/../../../arm-none-eabi/lib/armv7-m/libc_nano.a(lib_a-memset.o)
 .comment       0x0000000000000070       0x39 /usr/lib/gcc/arm-none-eabi/4.9.3/../../../arm-none-eabi/lib/armv7-m/libc_nano.a(lib_a-printf.o)
 .comment       0x0000000000000070       0x39 /usr/lib/gcc/arm-none-eabi/4.9.3/../../../arm-none-eabi/lib/armv7-m/libc_nano.a(lib_a-puts.o)
 .comment       0x0000000000000070       0x39 /usr/lib/gcc/arm-none-eabi/4.9.3/../../../arm-none-eabi/lib/armv7-m/libc_nano.a(lib_a-snprintf.o)
 .comment       0x0000000000000070       0x39 /usr/lib/gcc/arm-none-eabi/4.9.3/../../../arm-none-eabi/lib/armv7-m/libc_nano.a(lib_a-sscanf.o)
 .comment       0x0000000000000070       0x39 /usr/lib/gcc/arm-none-eabi/4.9.3/../../../arm-none-eabi/lib/armv7-m/libc_nano.a(lib_a-stdio.o)
 .comment       0x0000000000000070       0x39 /usr/lib/gcc/arm-none-eabi/4.9.3/../../../arm-none-eabi/lib/armv7-m/libc_nano.a(lib_a-strlen.o)
 .comment       0x0000000000000070       0x39 /usr/lib/gcc/arm-none-eabi/4.9.3/../../../arm-none-eabi/lib/armv7-m/libc_nano.a(lib_a-wbuf.o)
 .comment       0x0000000000000070       0x39 /usr/lib/gcc/arm-none-eabi/4.9.3/../../../arm-none-eabi/lib/armv7-m/libc_nano.a(lib_a-writer.o)
 .comment       0x0000000000000070       0x39 /usr/lib/gcc/arm-none-eabi/4.9.3/../../../arm-none-eabi/lib/armv7-m/libc_nano.a(lib_a-wsetup.o)
 .comment       0x0000000000000070       0x39 /usr/lib/gcc/arm-none-eabi/4.9.3/../../../arm-none-eabi/lib/armv7-m/libc_nano.a(lib_a-closer.o)
 .comment       0x0000000000000070       0x39 /usr/lib/gcc/arm-none-eabi/4.9.3/../../../arm-none-eabi/lib/armv7-m/libc_nano.a(lib_a-fflush.o)
 .comment       0x0000000000000070       0x39 /usr/lib/gcc/arm-none-eabi/4.9.3/../../../arm-none-eabi/lib/armv7-m/libc_nano.a(lib_a-findfp.o)
 .comment       0x0000000000000070       0x39 /usr/lib/gcc/arm-none-eabi/4.9.3/../../../arm-none-eabi/lib/armv7-m/libc_nano.a(lib_a-fwalk.o)
 .comment       0x0000000000000070       0x39 /usr/lib/gcc/arm-none-eabi/4.9.3/../../../arm-none-eabi/lib/armv7-m/libc_nano.a(lib_a-lseekr.o)
 .comment       0x0000000000000070       0x39 /usr/lib/gcc/arm-none-eabi/4.9.3/../../../arm-none-eabi/lib/armv7-m/libc_nano.a(lib_a-makebuf.o)
 .comment       0x0000000000000070       0x39 /usr/lib/gcc/arm-none-eabi/4.9.3/../../../arm-none-eabi/lib/armv7-m/libc_nano.a(lib_a-nano-freer.o)
 .comment       0x0000000000000070       0x39 /usr/lib/gcc/arm-none-eabi/4.9.3/../../../arm-none-eabi/lib/armv7-m/libc_nano.a(lib_a-nano-mallocr.o)
 .comment       0x0000000000000070       0x39 /usr/lib/gcc/arm-none-eabi/4.9.3/../../../arm-none-eabi/lib/armv7-m/libc_nano.a(lib_a-nano-svfprintf.o)
 .comment       0x0000000000000070       0x39 /usr/lib/gcc/arm-none-eabi/4.9.3/../../../arm-none-eabi/lib/armv7-m/libc_nano.a(lib_a-nano-svfscanf.o)
 .comment       0x0000000000000070       0x39 /usr/lib/gcc/arm-none-eabi/4.9.3/../../../arm-none-eabi/lib/armv7-m/libc_nano.a(lib_a-nano-vfprintf.o)
 .comment       0x0000000000000070       0x39 /usr/lib/gcc/arm-none-eabi/4.9.3/../../../arm-none-eabi/lib/armv7-m/libc_nano.a(lib_a-nano-vfprintf_i.o)
 .comment       0x0000000000000070       0x39 /usr/lib/gcc/arm-none-eabi/4.9.3/../../../arm-none-eabi/lib/armv7-m/libc_nano.a(lib_a-nano-vfscanf_i.o)
 .comment       0x0000000000000070       0x39 /usr/lib/gcc/arm-none-eabi/4.9.3/../../../arm-none-eabi/lib/armv7-m/libc_nano.a(lib_a-readr.o)
 .comment       0x0000000000000070       0x39 /usr/lib/gcc/arm-none-eabi/4.9.3/../../../arm-none-eabi/lib/armv7-m/libc_nano.a(lib_a-reent.o)
 .comment       0x0000000000000070       0x39 /usr/lib/gcc/arm-none-eabi/4.9.3/../../../arm-none-eabi/lib/armv7-m/libc_nano.a(lib_a-sbrkr.o)
 .comment       0x0000000000000070       0x39 /usr/lib/gcc/arm-none-eabi/4.9.3/../../../arm-none-eabi/lib/armv7-m/libc_nano.a(lib_a-sccl.o)
 .comment       0x0000000000000070       0x39 /usr/lib/gcc/arm-none-eabi/4.9.3/../../../arm-none-eabi/lib/armv7-m/libc_nano.a(lib_a-strtol.o)
 .comment       0x0000000000000070       0x39 /usr/lib/gcc/arm-none-eabi/4.9.3/../../../arm-none-eabi/lib/armv7-m/libc_nano.a(lib_a-strtoul.o)
 .comment       0x0000000000000070       0x39 /usr/lib/gcc/arm-none-eabi/4.9.3/../../../arm-none-eabi/lib/armv7-m/libc_nano.a(lib_a-ungetc.o)
 .comment       0x0000000000000070       0x39 /usr/lib/gcc/arm-none-eabi/4.9.3/../../../arm-none-eabi/lib/armv7-m/libc_nano.a(lib_a-ctype_.o)
 .comment       0x0000000000000070       0x39 /usr/lib/gcc/arm-none-eabi/4.9.3/../../../arm-none-eabi/lib/armv7-m/libc_nano.a(lib_a-fstatr.o)
 .comment       0x0000000000000070       0x39 /usr/lib/gcc/arm-none-eabi/4.9.3/../../../arm-none-eabi/lib/armv7-m/libc_nano.a(lib_a-isattyr.o)
 .comment       0x0000000000000070       0x39 /usr/lib/gcc/arm-none-eabi/4.9.3/../../../arm-none-eabi/lib/armv7-m/libc_nano.a(lib_a-memchr.o)
 .comment       0x0000000000000070       0x39 /usr/lib/gcc/arm-none-eabi/4.9.3/../../../arm-none-eabi/lib/armv7-m/libc_nano.a(lib_a-memcpy.o)
 .comment       0x0000000000000070       0x39 /usr/lib/gcc/arm-none-eabi/4.9.3/../../../arm-none-eabi/lib/armv7-m/libc_nano.a(lib_a-memmove.o)
 .comment       0x0000000000000070       0x39 /usr/lib/gcc/arm-none-eabi/4.9.3/../../../arm-none-eabi/lib/armv7-m/libc_nano.a(lib_a-nano-reallocr.o)
 .comment       0x0000000000000070       0x39 /usr/lib/gcc/arm-none-eabi/4.9.3/../../../arm-none-eabi/lib/armv7-m/libc_nano.a(lib_a-nano-msizer.o)
 .comment       0x0000000000000070       0x39 /usr/lib/gcc/arm-none-eabi/4.9.3/../../../arm-none-eabi/lib/armv7-m/libnosys.a(close.o)
 .comment       0x0000000000000070       0x39 /usr/lib/gcc/arm-none-eabi/4.9.3/../../../arm-none-eabi/lib/armv7-m/libnosys.a(fstat.o)
 .comment       0x0000000000000070       0x39 /usr/lib/gcc/arm-none-eabi/4.9.3/../../../arm-none-eabi/lib/armv7-m/libnosys.a(isatty.o)
 .comment       0x0000000000000070       0x39 /usr/lib/gcc/arm-none-eabi/4.9.3/../../../arm-none-eabi/lib/armv7-m/libnosys.a(lseek.o)
 .comment       0x0000000000000070       0x39 /usr/lib/gcc/arm-none-eabi/4.9.3/../../../arm-none-eabi/lib/armv7-m/libnosys.a(read.o)
 .comment       0x0000000000000070       0x39 /usr/lib/gcc/arm-none-eabi/4.9.3/../../../arm-none-eabi/lib/armv7-m/libnosys.a(sbrk.o)
 .comment       0x0000000000000070       0x39 /usr/lib/gcc/arm-none-eabi/4.9.3/../../../arm-none-eabi/lib/armv7-m/libnosys.a(write.o)
 .comment       0x0000000000000070       0x39 /usr/lib/gcc/arm-none-eabi/4.9.3/armv7-m/libgcc.a(bpabi.o)
 .comment       0x0000000000000070       0x39 /usr/lib/gcc/arm-none-eabi/4.9.3/armv7-m/libgcc.a(_divdi3.o)
 .comment       0x0000000000000070       0x39 /usr/lib/gcc/arm-none-eabi/4.9.3/armv7-m/libgcc.a(_udivdi3.o)
 .comment       0x0000000000000070       0x39 /usr/lib/gcc/arm-none-eabi/4.9.3/armv7-m/crtend.o

.debug_info     0x0000000000000000    0x20f45
 .debug_info    0x0000000000000000      0xe1f build/main.o
 .debug_info    0x0000000000000e1f      0x835 build/gpio.o
 .debug_info    0x0000000000001654      0xa2d build/usart.o
 .debug_info    0x0000000000002081      0x17d build/stm32f2xx_it.o
 .debug_info    0x00000000000021fe      0x2fa build/stm32f2xx_hal_msp.o
 .debug_info    0x00000000000024f8     0x183b build/stm32f2xx_hal_uart.o
 .debug_info    0x0000000000003d33      0xa06 build/stm32f2xx_hal.o
 .debug_info    0x0000000000004739      0xdd4 build/stm32f2xx_hal_rcc.o
 .debug_info    0x000000000000550d      0xfd9 build/stm32f2xx_hal_cortex.o
 .debug_info    0x00000000000064e6      0x79d build/stm32f2xx_hal_gpio.o
 .debug_info    0x0000000000006c83      0x545 build/system_stm32f2xx.o
 .debug_info    0x00000000000071c8      0xf75 build/spi_gpio.o
 .debug_info    0x000000000000813d      0xc0b build/sour_fs.o
 .debug_info    0x0000000000008d48      0x3d3 build/diskio.o
 .debug_info    0x000000000000911b     0x371a build/ff.o
 .debug_info    0x000000000000c835       0x59 build/startup_stm32f207xx.o
 .debug_info    0x000000000000c88e      0x7d3 /usr/lib/gcc/arm-none-eabi/4.9.3/../../../arm-none-eabi/lib/armv7-m/libc_nano.a(lib_a-impure.o)
 .debug_info    0x000000000000d061      0x105 /usr/lib/gcc/arm-none-eabi/4.9.3/../../../arm-none-eabi/lib/armv7-m/libc_nano.a(lib_a-init.o)
 .debug_info    0x000000000000d166       0xd3 /usr/lib/gcc/arm-none-eabi/4.9.3/../../../arm-none-eabi/lib/armv7-m/libc_nano.a(lib_a-memset.o)
 .debug_info    0x000000000000d239      0x895 /usr/lib/gcc/arm-none-eabi/4.9.3/../../../arm-none-eabi/lib/armv7-m/libc_nano.a(lib_a-printf.o)
 .debug_info    0x000000000000dace      0x924 /usr/lib/gcc/arm-none-eabi/4.9.3/../../../arm-none-eabi/lib/armv7-m/libc_nano.a(lib_a-puts.o)
 .debug_info    0x000000000000e3f2      0x8cb /usr/lib/gcc/arm-none-eabi/4.9.3/../../../arm-none-eabi/lib/armv7-m/libc_nano.a(lib_a-snprintf.o)
 .debug_info    0x000000000000ecbd      0x8e1 /usr/lib/gcc/arm-none-eabi/4.9.3/../../../arm-none-eabi/lib/armv7-m/libc_nano.a(lib_a-sscanf.o)
 .debug_info    0x000000000000f59e      0xa36 /usr/lib/gcc/arm-none-eabi/4.9.3/../../../arm-none-eabi/lib/armv7-m/libc_nano.a(lib_a-stdio.o)
 .debug_info    0x000000000000ffd4       0xcd /usr/lib/gcc/arm-none-eabi/4.9.3/../../../arm-none-eabi/lib/armv7-m/libc_nano.a(lib_a-strlen.o)
 .debug_info    0x00000000000100a1      0x916 /usr/lib/gcc/arm-none-eabi/4.9.3/../../../arm-none-eabi/lib/armv7-m/libc_nano.a(lib_a-wbuf.o)
 .debug_info    0x00000000000109b7      0x7d5 /usr/lib/gcc/arm-none-eabi/4.9.3/../../../arm-none-eabi/lib/armv7-m/libc_nano.a(lib_a-writer.o)
 .debug_info    0x000000000001118c      0x881 /usr/lib/gcc/arm-none-eabi/4.9.3/../../../arm-none-eabi/lib/armv7-m/libc_nano.a(lib_a-wsetup.o)
 .debug_info    0x0000000000011a0d      0x78c /usr/lib/gcc/arm-none-eabi/4.9.3/../../../arm-none-eabi/lib/armv7-m/libc_nano.a(lib_a-closer.o)
 .debug_info    0x0000000000012199      0xa00 /usr/lib/gcc/arm-none-eabi/4.9.3/../../../arm-none-eabi/lib/armv7-m/libc_nano.a(lib_a-fflush.o)
 .debug_info    0x0000000000012b99      0xd5a /usr/lib/gcc/arm-none-eabi/4.9.3/../../../arm-none-eabi/lib/armv7-m/libc_nano.a(lib_a-findfp.o)
 .debug_info    0x00000000000138f3      0x846 /usr/lib/gcc/arm-none-eabi/4.9.3/../../../arm-none-eabi/lib/armv7-m/libc_nano.a(lib_a-fwalk.o)
 .debug_info    0x0000000000014139      0x7b8 /usr/lib/gcc/arm-none-eabi/4.9.3/../../../arm-none-eabi/lib/armv7-m/libc_nano.a(lib_a-lseekr.o)
 .debug_info    0x00000000000148f1      0x98c /usr/lib/gcc/arm-none-eabi/4.9.3/../../../arm-none-eabi/lib/armv7-m/libc_nano.a(lib_a-makebuf.o)
 .debug_info    0x000000000001527d      0x81a /usr/lib/gcc/arm-none-eabi/4.9.3/../../../arm-none-eabi/lib/armv7-m/libc_nano.a(lib_a-nano-freer.o)
 .debug_info    0x0000000000015a97      0x8fb /usr/lib/gcc/arm-none-eabi/4.9.3/../../../arm-none-eabi/lib/armv7-m/libc_nano.a(lib_a-nano-mallocr.o)
 .debug_info    0x0000000000016392      0xdf4 /usr/lib/gcc/arm-none-eabi/4.9.3/../../../arm-none-eabi/lib/armv7-m/libc_nano.a(lib_a-nano-svfprintf.o)
 .debug_info    0x0000000000017186      0xc50 /usr/lib/gcc/arm-none-eabi/4.9.3/../../../arm-none-eabi/lib/armv7-m/libc_nano.a(lib_a-nano-svfscanf.o)
 .debug_info    0x0000000000017dd6      0xe05 /usr/lib/gcc/arm-none-eabi/4.9.3/../../../arm-none-eabi/lib/armv7-m/libc_nano.a(lib_a-nano-vfprintf.o)
 .debug_info    0x0000000000018bdb      0xb5b /usr/lib/gcc/arm-none-eabi/4.9.3/../../../arm-none-eabi/lib/armv7-m/libc_nano.a(lib_a-nano-vfprintf_i.o)
 .debug_info    0x0000000000019736      0xacf /usr/lib/gcc/arm-none-eabi/4.9.3/../../../arm-none-eabi/lib/armv7-m/libc_nano.a(lib_a-nano-vfscanf_i.o)
 .debug_info    0x000000000001a205      0x7ce /usr/lib/gcc/arm-none-eabi/4.9.3/../../../arm-none-eabi/lib/armv7-m/libc_nano.a(lib_a-readr.o)
 .debug_info    0x000000000001a9d3      0x8fb /usr/lib/gcc/arm-none-eabi/4.9.3/../../../arm-none-eabi/lib/armv7-m/libc_nano.a(lib_a-reent.o)
 .debug_info    0x000000000001b2ce      0x7a0 /usr/lib/gcc/arm-none-eabi/4.9.3/../../../arm-none-eabi/lib/armv7-m/libc_nano.a(lib_a-sbrkr.o)
 .debug_info    0x000000000001ba6e       0xfb /usr/lib/gcc/arm-none-eabi/4.9.3/../../../arm-none-eabi/lib/armv7-m/libc_nano.a(lib_a-sccl.o)
 .debug_info    0x000000000001bb69      0x853 /usr/lib/gcc/arm-none-eabi/4.9.3/../../../arm-none-eabi/lib/armv7-m/libc_nano.a(lib_a-strtol.o)
 .debug_info    0x000000000001c3bc      0x853 /usr/lib/gcc/arm-none-eabi/4.9.3/../../../arm-none-eabi/lib/armv7-m/libc_nano.a(lib_a-strtoul.o)
 .debug_info    0x000000000001cc0f      0xa2f /usr/lib/gcc/arm-none-eabi/4.9.3/../../../arm-none-eabi/lib/armv7-m/libc_nano.a(lib_a-ungetc.o)
 .debug_info    0x000000000001d63e       0x6f /usr/lib/gcc/arm-none-eabi/4.9.3/../../../arm-none-eabi/lib/armv7-m/libc_nano.a(lib_a-ctype_.o)
 .debug_info    0x000000000001d6ad      0x90a /usr/lib/gcc/arm-none-eabi/4.9.3/../../../arm-none-eabi/lib/armv7-m/libc_nano.a(lib_a-fstatr.o)
 .debug_info    0x000000000001dfb7      0x78c /usr/lib/gcc/arm-none-eabi/4.9.3/../../../arm-none-eabi/lib/armv7-m/libc_nano.a(lib_a-isattyr.o)
 .debug_info    0x000000000001e743       0xf8 /usr/lib/gcc/arm-none-eabi/4.9.3/../../../arm-none-eabi/lib/armv7-m/libc_nano.a(lib_a-memchr.o)
 .debug_info    0x000000000001e83b      0x104 /usr/lib/gcc/arm-none-eabi/4.9.3/../../../arm-none-eabi/lib/armv7-m/libc_nano.a(lib_a-memcpy.o)
 .debug_info    0x000000000001e93f      0x102 /usr/lib/gcc/arm-none-eabi/4.9.3/../../../arm-none-eabi/lib/armv7-m/libc_nano.a(lib_a-memmove.o)
 .debug_info    0x000000000001ea41      0x8b5 /usr/lib/gcc/arm-none-eabi/4.9.3/../../../arm-none-eabi/lib/armv7-m/libc_nano.a(lib_a-nano-reallocr.o)
 .debug_info    0x000000000001f2f6      0x7b9 /usr/lib/gcc/arm-none-eabi/4.9.3/../../../arm-none-eabi/lib/armv7-m/libc_nano.a(lib_a-nano-msizer.o)
 .debug_info    0x000000000001faaf       0xae /usr/lib/gcc/arm-none-eabi/4.9.3/../../../arm-none-eabi/lib/armv7-m/libnosys.a(close.o)
 .debug_info    0x000000000001fb5d      0x22d /usr/lib/gcc/arm-none-eabi/4.9.3/../../../arm-none-eabi/lib/armv7-m/libnosys.a(fstat.o)
 .debug_info    0x000000000001fd8a       0xae /usr/lib/gcc/arm-none-eabi/4.9.3/../../../arm-none-eabi/lib/armv7-m/libnosys.a(isatty.o)
 .debug_info    0x000000000001fe38       0xca /usr/lib/gcc/arm-none-eabi/4.9.3/../../../arm-none-eabi/lib/armv7-m/libnosys.a(lseek.o)
 .debug_info    0x000000000001ff02       0xd0 /usr/lib/gcc/arm-none-eabi/4.9.3/../../../arm-none-eabi/lib/armv7-m/libnosys.a(read.o)
 .debug_info    0x000000000001ffd2       0x99 /usr/lib/gcc/arm-none-eabi/4.9.3/../../../arm-none-eabi/lib/armv7-m/libnosys.a(sbrk.o)
 .debug_info    0x000000000002006b       0xd0 /usr/lib/gcc/arm-none-eabi/4.9.3/../../../arm-none-eabi/lib/armv7-m/libnosys.a(write.o)
 .debug_info    0x000000000002013b       0xb5 /usr/lib/gcc/arm-none-eabi/4.9.3/armv7-m/libgcc.a(_aeabi_uldivmod.o)
 .debug_info    0x00000000000201f0      0x164 /usr/lib/gcc/arm-none-eabi/4.9.3/armv7-m/libgcc.a(bpabi.o)
 .debug_info    0x0000000000020354       0xb9 /usr/lib/gcc/arm-none-eabi/4.9.3/armv7-m/libgcc.a(_dvmd_tls.o)
 .debug_info    0x000000000002040d      0x5bc /usr/lib/gcc/arm-none-eabi/4.9.3/armv7-m/libgcc.a(_divdi3.o)
 .debug_info    0x00000000000209c9      0x57c /usr/lib/gcc/arm-none-eabi/4.9.3/armv7-m/libgcc.a(_udivdi3.o)

.debug_abbrev   0x0000000000000000     0x6809
 .debug_abbrev  0x0000000000000000      0x2ae build/main.o
 .debug_abbrev  0x00000000000002ae      0x157 build/gpio.o
 .debug_abbrev  0x0000000000000405      0x1d8 build/usart.o
 .debug_abbrev  0x00000000000005dd       0x9f build/stm32f2xx_it.o
 .debug_abbrev  0x000000000000067c       0xd8 build/stm32f2xx_hal_msp.o
 .debug_abbrev  0x0000000000000754      0x2e6 build/stm32f2xx_hal_uart.o
 .debug_abbrev  0x0000000000000a3a      0x29b build/stm32f2xx_hal.o
 .debug_abbrev  0x0000000000000cd5      0x30a build/stm32f2xx_hal_rcc.o
 .debug_abbrev  0x0000000000000fdf      0x2e4 build/stm32f2xx_hal_cortex.o
 .debug_abbrev  0x00000000000012c3      0x200 build/stm32f2xx_hal_gpio.o
 .debug_abbrev  0x00000000000014c3      0x103 build/system_stm32f2xx.o
 .debug_abbrev  0x00000000000015c6      0x304 build/spi_gpio.o
 .debug_abbrev  0x00000000000018ca      0x21b build/sour_fs.o
 .debug_abbrev  0x0000000000001ae5      0x1a0 build/diskio.o
 .debug_abbrev  0x0000000000001c85      0x2c6 build/ff.o
 .debug_abbrev  0x0000000000001f4b       0x12 build/startup_stm32f207xx.o
 .debug_abbrev  0x0000000000001f5d      0x136 /usr/lib/gcc/arm-none-eabi/4.9.3/../../../arm-none-eabi/lib/armv7-m/libc_nano.a(lib_a-impure.o)
 .debug_abbrev  0x0000000000002093       0xba /usr/lib/gcc/arm-none-eabi/4.9.3/../../../arm-none-eabi/lib/armv7-m/libc_nano.a(lib_a-init.o)
 .debug_abbrev  0x000000000000214d       0x8e /usr/lib/gcc/arm-none-eabi/4.9.3/../../../arm-none-eabi/lib/armv7-m/libc_nano.a(lib_a-memset.o)
 .debug_abbrev  0x00000000000021db      0x1ec /usr/lib/gcc/arm-none-eabi/4.9.3/../../../arm-none-eabi/lib/armv7-m/libc_nano.a(lib_a-printf.o)
 .debug_abbrev  0x00000000000023c7      0x202 /usr/lib/gcc/arm-none-eabi/4.9.3/../../../arm-none-eabi/lib/armv7-m/libc_nano.a(lib_a-puts.o)
 .debug_abbrev  0x00000000000025c9      0x1bf /usr/lib/gcc/arm-none-eabi/4.9.3/../../../arm-none-eabi/lib/armv7-m/libc_nano.a(lib_a-snprintf.o)
 .debug_abbrev  0x0000000000002788      0x1ca /usr/lib/gcc/arm-none-eabi/4.9.3/../../../arm-none-eabi/lib/armv7-m/libc_nano.a(lib_a-sscanf.o)
 .debug_abbrev  0x0000000000002952      0x1eb /usr/lib/gcc/arm-none-eabi/4.9.3/../../../arm-none-eabi/lib/armv7-m/libc_nano.a(lib_a-stdio.o)
 .debug_abbrev  0x0000000000002b3d       0x8c /usr/lib/gcc/arm-none-eabi/4.9.3/../../../arm-none-eabi/lib/armv7-m/libc_nano.a(lib_a-strlen.o)
 .debug_abbrev  0x0000000000002bc9      0x1f7 /usr/lib/gcc/arm-none-eabi/4.9.3/../../../arm-none-eabi/lib/armv7-m/libc_nano.a(lib_a-wbuf.o)
 .debug_abbrev  0x0000000000002dc0      0x199 /usr/lib/gcc/arm-none-eabi/4.9.3/../../../arm-none-eabi/lib/armv7-m/libc_nano.a(lib_a-writer.o)
 .debug_abbrev  0x0000000000002f59      0x1a5 /usr/lib/gcc/arm-none-eabi/4.9.3/../../../arm-none-eabi/lib/armv7-m/libc_nano.a(lib_a-wsetup.o)
 .debug_abbrev  0x00000000000030fe      0x194 /usr/lib/gcc/arm-none-eabi/4.9.3/../../../arm-none-eabi/lib/armv7-m/libc_nano.a(lib_a-closer.o)
 .debug_abbrev  0x0000000000003292      0x24e /usr/lib/gcc/arm-none-eabi/4.9.3/../../../arm-none-eabi/lib/armv7-m/libc_nano.a(lib_a-fflush.o)
 .debug_abbrev  0x00000000000034e0      0x300 /usr/lib/gcc/arm-none-eabi/4.9.3/../../../arm-none-eabi/lib/armv7-m/libc_nano.a(lib_a-findfp.o)
 .debug_abbrev  0x00000000000037e0      0x176 /usr/lib/gcc/arm-none-eabi/4.9.3/../../../arm-none-eabi/lib/armv7-m/libc_nano.a(lib_a-fwalk.o)
 .debug_abbrev  0x0000000000003956      0x1a3 /usr/lib/gcc/arm-none-eabi/4.9.3/../../../arm-none-eabi/lib/armv7-m/libc_nano.a(lib_a-lseekr.o)
 .debug_abbrev  0x0000000000003af9      0x1ab /usr/lib/gcc/arm-none-eabi/4.9.3/../../../arm-none-eabi/lib/armv7-m/libc_nano.a(lib_a-makebuf.o)
 .debug_abbrev  0x0000000000003ca4      0x1b6 /usr/lib/gcc/arm-none-eabi/4.9.3/../../../arm-none-eabi/lib/armv7-m/libc_nano.a(lib_a-nano-freer.o)
 .debug_abbrev  0x0000000000003e5a      0x250 /usr/lib/gcc/arm-none-eabi/4.9.3/../../../arm-none-eabi/lib/armv7-m/libc_nano.a(lib_a-nano-mallocr.o)
 .debug_abbrev  0x00000000000040aa      0x278 /usr/lib/gcc/arm-none-eabi/4.9.3/../../../arm-none-eabi/lib/armv7-m/libc_nano.a(lib_a-nano-svfprintf.o)
 .debug_abbrev  0x0000000000004322      0x2c9 /usr/lib/gcc/arm-none-eabi/4.9.3/../../../arm-none-eabi/lib/armv7-m/libc_nano.a(lib_a-nano-svfscanf.o)
 .debug_abbrev  0x00000000000045eb      0x2a5 /usr/lib/gcc/arm-none-eabi/4.9.3/../../../arm-none-eabi/lib/armv7-m/libc_nano.a(lib_a-nano-vfprintf.o)
 .debug_abbrev  0x0000000000004890      0x1fb /usr/lib/gcc/arm-none-eabi/4.9.3/../../../arm-none-eabi/lib/armv7-m/libc_nano.a(lib_a-nano-vfprintf_i.o)
 .debug_abbrev  0x0000000000004a8b      0x22b /usr/lib/gcc/arm-none-eabi/4.9.3/../../../arm-none-eabi/lib/armv7-m/libc_nano.a(lib_a-nano-vfscanf_i.o)
 .debug_abbrev  0x0000000000004cb6      0x194 /usr/lib/gcc/arm-none-eabi/4.9.3/../../../arm-none-eabi/lib/armv7-m/libc_nano.a(lib_a-readr.o)
 .debug_abbrev  0x0000000000004e4a      0x1f2 /usr/lib/gcc/arm-none-eabi/4.9.3/../../../arm-none-eabi/lib/armv7-m/libc_nano.a(lib_a-reent.o)
 .debug_abbrev  0x000000000000503c      0x1a2 /usr/lib/gcc/arm-none-eabi/4.9.3/../../../arm-none-eabi/lib/armv7-m/libc_nano.a(lib_a-sbrkr.o)
 .debug_abbrev  0x00000000000051de       0x87 /usr/lib/gcc/arm-none-eabi/4.9.3/../../../arm-none-eabi/lib/armv7-m/libc_nano.a(lib_a-sccl.o)
 .debug_abbrev  0x0000000000005265      0x1ac /usr/lib/gcc/arm-none-eabi/4.9.3/../../../arm-none-eabi/lib/armv7-m/libc_nano.a(lib_a-strtol.o)
 .debug_abbrev  0x0000000000005411      0x1ac /usr/lib/gcc/arm-none-eabi/4.9.3/../../../arm-none-eabi/lib/armv7-m/libc_nano.a(lib_a-strtoul.o)
 .debug_abbrev  0x00000000000055bd      0x26c /usr/lib/gcc/arm-none-eabi/4.9.3/../../../arm-none-eabi/lib/armv7-m/libc_nano.a(lib_a-ungetc.o)
 .debug_abbrev  0x0000000000005829       0x4e /usr/lib/gcc/arm-none-eabi/4.9.3/../../../arm-none-eabi/lib/armv7-m/libc_nano.a(lib_a-ctype_.o)
 .debug_abbrev  0x0000000000005877      0x1a3 /usr/lib/gcc/arm-none-eabi/4.9.3/../../../arm-none-eabi/lib/armv7-m/libc_nano.a(lib_a-fstatr.o)
 .debug_abbrev  0x0000000000005a1a      0x194 /usr/lib/gcc/arm-none-eabi/4.9.3/../../../arm-none-eabi/lib/armv7-m/libc_nano.a(lib_a-isattyr.o)
 .debug_abbrev  0x0000000000005bae       0xab /usr/lib/gcc/arm-none-eabi/4.9.3/../../../arm-none-eabi/lib/armv7-m/libc_nano.a(lib_a-memchr.o)
 .debug_abbrev  0x0000000000005c59       0xa4 /usr/lib/gcc/arm-none-eabi/4.9.3/../../../arm-none-eabi/lib/armv7-m/libc_nano.a(lib_a-memcpy.o)
 .debug_abbrev  0x0000000000005cfd       0x9c /usr/lib/gcc/arm-none-eabi/4.9.3/../../../arm-none-eabi/lib/armv7-m/libc_nano.a(lib_a-memmove.o)
 .debug_abbrev  0x0000000000005d99      0x1cb /usr/lib/gcc/arm-none-eabi/4.9.3/../../../arm-none-eabi/lib/armv7-m/libc_nano.a(lib_a-nano-reallocr.o)
 .debug_abbrev  0x0000000000005f64      0x161 /usr/lib/gcc/arm-none-eabi/4.9.3/../../../arm-none-eabi/lib/armv7-m/libc_nano.a(lib_a-nano-msizer.o)
 .debug_abbrev  0x00000000000060c5       0x66 /usr/lib/gcc/arm-none-eabi/4.9.3/../../../arm-none-eabi/lib/armv7-m/libnosys.a(close.o)
 .debug_abbrev  0x000000000000612b       0xbb /usr/lib/gcc/arm-none-eabi/4.9.3/../../../arm-none-eabi/lib/armv7-m/libnosys.a(fstat.o)
 .debug_abbrev  0x00000000000061e6       0x66 /usr/lib/gcc/arm-none-eabi/4.9.3/../../../arm-none-eabi/lib/armv7-m/libnosys.a(isatty.o)
 .debug_abbrev  0x000000000000624c       0x84 /usr/lib/gcc/arm-none-eabi/4.9.3/../../../arm-none-eabi/lib/armv7-m/libnosys.a(lseek.o)
 .debug_abbrev  0x00000000000062d0       0x8d /usr/lib/gcc/arm-none-eabi/4.9.3/../../../arm-none-eabi/lib/armv7-m/libnosys.a(read.o)
 .debug_abbrev  0x000000000000635d       0x83 /usr/lib/gcc/arm-none-eabi/4.9.3/../../../arm-none-eabi/lib/armv7-m/libnosys.a(sbrk.o)
 .debug_abbrev  0x00000000000063e0       0x8d /usr/lib/gcc/arm-none-eabi/4.9.3/../../../arm-none-eabi/lib/armv7-m/libnosys.a(write.o)
 .debug_abbrev  0x000000000000646d       0x14 /usr/lib/gcc/arm-none-eabi/4.9.3/armv7-m/libgcc.a(_aeabi_uldivmod.o)
 .debug_abbrev  0x0000000000006481       0xb7 /usr/lib/gcc/arm-none-eabi/4.9.3/armv7-m/libgcc.a(bpabi.o)
 .debug_abbrev  0x0000000000006538       0x14 /usr/lib/gcc/arm-none-eabi/4.9.3/armv7-m/libgcc.a(_dvmd_tls.o)
 .debug_abbrev  0x000000000000654c      0x169 /usr/lib/gcc/arm-none-eabi/4.9.3/armv7-m/libgcc.a(_divdi3.o)
 .debug_abbrev  0x00000000000066b5      0x154 /usr/lib/gcc/arm-none-eabi/4.9.3/armv7-m/libgcc.a(_udivdi3.o)

.debug_loc      0x0000000000000000     0xd9e7
 .debug_loc     0x0000000000000000       0x97 build/main.o
 .debug_loc     0x0000000000000097       0x39 build/gpio.o
 .debug_loc     0x00000000000000d0       0xba build/usart.o
 .debug_loc     0x000000000000018a       0x20 build/stm32f2xx_it.o
 .debug_loc     0x00000000000001aa       0x2c build/stm32f2xx_hal_msp.o
 .debug_loc     0x00000000000001d6     0x179e build/stm32f2xx_hal_uart.o
 .debug_loc     0x0000000000001974      0x127 build/stm32f2xx_hal.o
 .debug_loc     0x0000000000001a9b      0x7db build/stm32f2xx_hal_rcc.o
 .debug_loc     0x0000000000002276      0x566 build/stm32f2xx_hal_cortex.o
 .debug_loc     0x00000000000027dc      0x400 build/stm32f2xx_hal_gpio.o
 .debug_loc     0x0000000000002bdc      0x137 build/system_stm32f2xx.o
 .debug_loc     0x0000000000002d13      0x83a build/spi_gpio.o
 .debug_loc     0x000000000000354d      0x2ca build/sour_fs.o
 .debug_loc     0x0000000000003817      0x2ee build/diskio.o
 .debug_loc     0x0000000000003b05     0x47c5 build/ff.o
 .debug_loc     0x00000000000082ca       0x48 /usr/lib/gcc/arm-none-eabi/4.9.3/../../../arm-none-eabi/lib/armv7-m/libc_nano.a(lib_a-init.o)
 .debug_loc     0x0000000000008312       0x49 /usr/lib/gcc/arm-none-eabi/4.9.3/../../../arm-none-eabi/lib/armv7-m/libc_nano.a(lib_a-memset.o)
 .debug_loc     0x000000000000835b       0x3f /usr/lib/gcc/arm-none-eabi/4.9.3/../../../arm-none-eabi/lib/armv7-m/libc_nano.a(lib_a-printf.o)
 .debug_loc     0x000000000000839a      0x197 /usr/lib/gcc/arm-none-eabi/4.9.3/../../../arm-none-eabi/lib/armv7-m/libc_nano.a(lib_a-puts.o)
 .debug_loc     0x0000000000008531      0x153 /usr/lib/gcc/arm-none-eabi/4.9.3/../../../arm-none-eabi/lib/armv7-m/libc_nano.a(lib_a-snprintf.o)
 .debug_loc     0x0000000000008684       0x6e /usr/lib/gcc/arm-none-eabi/4.9.3/../../../arm-none-eabi/lib/armv7-m/libc_nano.a(lib_a-sscanf.o)
 .debug_loc     0x00000000000086f2      0x236 /usr/lib/gcc/arm-none-eabi/4.9.3/../../../arm-none-eabi/lib/armv7-m/libc_nano.a(lib_a-stdio.o)
 .debug_loc     0x0000000000008928       0x21 /usr/lib/gcc/arm-none-eabi/4.9.3/../../../arm-none-eabi/lib/armv7-m/libc_nano.a(lib_a-strlen.o)
 .debug_loc     0x0000000000008949      0x113 /usr/lib/gcc/arm-none-eabi/4.9.3/../../../arm-none-eabi/lib/armv7-m/libc_nano.a(lib_a-wbuf.o)
 .debug_loc     0x0000000000008a5c       0xa5 /usr/lib/gcc/arm-none-eabi/4.9.3/../../../arm-none-eabi/lib/armv7-m/libc_nano.a(lib_a-writer.o)
 .debug_loc     0x0000000000008b01       0x5d /usr/lib/gcc/arm-none-eabi/4.9.3/../../../arm-none-eabi/lib/armv7-m/libc_nano.a(lib_a-wsetup.o)
 .debug_loc     0x0000000000008b5e       0x4d /usr/lib/gcc/arm-none-eabi/4.9.3/../../../arm-none-eabi/lib/armv7-m/libc_nano.a(lib_a-closer.o)
 .debug_loc     0x0000000000008bab      0x24c /usr/lib/gcc/arm-none-eabi/4.9.3/../../../arm-none-eabi/lib/armv7-m/libc_nano.a(lib_a-fflush.o)
 .debug_loc     0x0000000000008df7      0x200 /usr/lib/gcc/arm-none-eabi/4.9.3/../../../arm-none-eabi/lib/armv7-m/libc_nano.a(lib_a-findfp.o)
 .debug_loc     0x0000000000008ff7      0x11f /usr/lib/gcc/arm-none-eabi/4.9.3/../../../arm-none-eabi/lib/armv7-m/libc_nano.a(lib_a-fwalk.o)
 .debug_loc     0x0000000000009116       0xa5 /usr/lib/gcc/arm-none-eabi/4.9.3/../../../arm-none-eabi/lib/armv7-m/libc_nano.a(lib_a-lseekr.o)
 .debug_loc     0x00000000000091bb       0xe0 /usr/lib/gcc/arm-none-eabi/4.9.3/../../../arm-none-eabi/lib/armv7-m/libc_nano.a(lib_a-makebuf.o)
 .debug_loc     0x000000000000929b      0x172 /usr/lib/gcc/arm-none-eabi/4.9.3/../../../arm-none-eabi/lib/armv7-m/libc_nano.a(lib_a-nano-freer.o)
 .debug_loc     0x000000000000940d      0x304 /usr/lib/gcc/arm-none-eabi/4.9.3/../../../arm-none-eabi/lib/armv7-m/libc_nano.a(lib_a-nano-mallocr.o)
 .debug_loc     0x0000000000009711      0x53f /usr/lib/gcc/arm-none-eabi/4.9.3/../../../arm-none-eabi/lib/armv7-m/libc_nano.a(lib_a-nano-svfprintf.o)
 .debug_loc     0x0000000000009c50      0x2d3 /usr/lib/gcc/arm-none-eabi/4.9.3/../../../arm-none-eabi/lib/armv7-m/libc_nano.a(lib_a-nano-svfscanf.o)
 .debug_loc     0x0000000000009f23      0x4f6 /usr/lib/gcc/arm-none-eabi/4.9.3/../../../arm-none-eabi/lib/armv7-m/libc_nano.a(lib_a-nano-vfprintf.o)
 .debug_loc     0x000000000000a419      0x46d /usr/lib/gcc/arm-none-eabi/4.9.3/../../../arm-none-eabi/lib/armv7-m/libc_nano.a(lib_a-nano-vfprintf_i.o)
 .debug_loc     0x000000000000a886      0x398 /usr/lib/gcc/arm-none-eabi/4.9.3/../../../arm-none-eabi/lib/armv7-m/libc_nano.a(lib_a-nano-vfscanf_i.o)
 .debug_loc     0x000000000000ac1e       0xa5 /usr/lib/gcc/arm-none-eabi/4.9.3/../../../arm-none-eabi/lib/armv7-m/libc_nano.a(lib_a-readr.o)
 .debug_loc     0x000000000000acc3       0xfa /usr/lib/gcc/arm-none-eabi/4.9.3/../../../arm-none-eabi/lib/armv7-m/libc_nano.a(lib_a-reent.o)
 .debug_loc     0x000000000000adbd       0x4d /usr/lib/gcc/arm-none-eabi/4.9.3/../../../arm-none-eabi/lib/armv7-m/libc_nano.a(lib_a-sbrkr.o)
 .debug_loc     0x000000000000ae0a      0x153 /usr/lib/gcc/arm-none-eabi/4.9.3/../../../arm-none-eabi/lib/armv7-m/libc_nano.a(lib_a-sccl.o)
 .debug_loc     0x000000000000af5d      0x354 /usr/lib/gcc/arm-none-eabi/4.9.3/../../../arm-none-eabi/lib/armv7-m/libc_nano.a(lib_a-strtol.o)
 .debug_loc     0x000000000000b2b1      0x33f /usr/lib/gcc/arm-none-eabi/4.9.3/../../../arm-none-eabi/lib/armv7-m/libc_nano.a(lib_a-strtoul.o)
 .debug_loc     0x000000000000b5f0      0x250 /usr/lib/gcc/arm-none-eabi/4.9.3/../../../arm-none-eabi/lib/armv7-m/libc_nano.a(lib_a-ungetc.o)
 .debug_loc     0x000000000000b840       0x79 /usr/lib/gcc/arm-none-eabi/4.9.3/../../../arm-none-eabi/lib/armv7-m/libc_nano.a(lib_a-fstatr.o)
 .debug_loc     0x000000000000b8b9       0x4d /usr/lib/gcc/arm-none-eabi/4.9.3/../../../arm-none-eabi/lib/armv7-m/libc_nano.a(lib_a-isattyr.o)
 .debug_loc     0x000000000000b906       0xaa /usr/lib/gcc/arm-none-eabi/4.9.3/../../../arm-none-eabi/lib/armv7-m/libc_nano.a(lib_a-memchr.o)
 .debug_loc     0x000000000000b9b0       0x87 /usr/lib/gcc/arm-none-eabi/4.9.3/../../../arm-none-eabi/lib/armv7-m/libc_nano.a(lib_a-memcpy.o)
 .debug_loc     0x000000000000ba37       0xde /usr/lib/gcc/arm-none-eabi/4.9.3/../../../arm-none-eabi/lib/armv7-m/libc_nano.a(lib_a-memmove.o)
 .debug_loc     0x000000000000bb15      0x11b /usr/lib/gcc/arm-none-eabi/4.9.3/../../../arm-none-eabi/lib/armv7-m/libc_nano.a(lib_a-nano-reallocr.o)
 .debug_loc     0x000000000000bc30       0xb5 /usr/lib/gcc/arm-none-eabi/4.9.3/../../../arm-none-eabi/lib/armv7-m/libc_nano.a(lib_a-nano-msizer.o)
 .debug_loc     0x000000000000bce5       0x21 /usr/lib/gcc/arm-none-eabi/4.9.3/../../../arm-none-eabi/lib/armv7-m/libnosys.a(close.o)
 .debug_loc     0x000000000000bd06       0x21 /usr/lib/gcc/arm-none-eabi/4.9.3/../../../arm-none-eabi/lib/armv7-m/libnosys.a(fstat.o)
 .debug_loc     0x000000000000bd27       0x21 /usr/lib/gcc/arm-none-eabi/4.9.3/../../../arm-none-eabi/lib/armv7-m/libnosys.a(isatty.o)
 .debug_loc     0x000000000000bd48       0x42 /usr/lib/gcc/arm-none-eabi/4.9.3/../../../arm-none-eabi/lib/armv7-m/libnosys.a(lseek.o)
 .debug_loc     0x000000000000bd8a       0x42 /usr/lib/gcc/arm-none-eabi/4.9.3/../../../arm-none-eabi/lib/armv7-m/libnosys.a(read.o)
 .debug_loc     0x000000000000bdcc       0x21 /usr/lib/gcc/arm-none-eabi/4.9.3/../../../arm-none-eabi/lib/armv7-m/libnosys.a(sbrk.o)
 .debug_loc     0x000000000000bded       0x42 /usr/lib/gcc/arm-none-eabi/4.9.3/../../../arm-none-eabi/lib/armv7-m/libnosys.a(write.o)
 .debug_loc     0x000000000000be2f       0xa0 /usr/lib/gcc/arm-none-eabi/4.9.3/armv7-m/libgcc.a(bpabi.o)
 .debug_loc     0x000000000000becf      0xdbd /usr/lib/gcc/arm-none-eabi/4.9.3/armv7-m/libgcc.a(_divdi3.o)
 .debug_loc     0x000000000000cc8c      0xd5b /usr/lib/gcc/arm-none-eabi/4.9.3/armv7-m/libgcc.a(_udivdi3.o)

.debug_aranges  0x0000000000000000     0x1048
 .debug_aranges
                0x0000000000000000       0x30 build/main.o
 .debug_aranges
                0x0000000000000030       0x20 build/gpio.o
 .debug_aranges
                0x0000000000000050       0x30 build/usart.o
 .debug_aranges
                0x0000000000000080       0x60 build/stm32f2xx_it.o
 .debug_aranges
                0x00000000000000e0       0x20 build/stm32f2xx_hal_msp.o
 .debug_aranges
                0x0000000000000100      0x1d0 build/stm32f2xx_hal_uart.o
 .debug_aranges
                0x00000000000002d0       0xc8 build/stm32f2xx_hal.o
 .debug_aranges
                0x0000000000000398       0x88 build/stm32f2xx_hal_rcc.o
 .debug_aranges
                0x0000000000000420       0xa8 build/stm32f2xx_hal_cortex.o
 .debug_aranges
                0x00000000000004c8       0x58 build/stm32f2xx_hal_gpio.o
 .debug_aranges
                0x0000000000000520       0x28 build/system_stm32f2xx.o
 .debug_aranges
                0x0000000000000548       0xc8 build/spi_gpio.o
 .debug_aranges
                0x0000000000000610       0x30 build/sour_fs.o
 .debug_aranges
                0x0000000000000640       0x48 build/diskio.o
 .debug_aranges
                0x0000000000000688      0x1e8 build/ff.o
 .debug_aranges
                0x0000000000000870       0x28 build/startup_stm32f207xx.o
 .debug_aranges
                0x0000000000000898       0x18 /usr/lib/gcc/arm-none-eabi/4.9.3/../../../arm-none-eabi/lib/armv7-m/libc_nano.a(lib_a-impure.o)
 .debug_aranges
                0x00000000000008b0       0x20 /usr/lib/gcc/arm-none-eabi/4.9.3/../../../arm-none-eabi/lib/armv7-m/libc_nano.a(lib_a-init.o)
 .debug_aranges
                0x00000000000008d0       0x20 /usr/lib/gcc/arm-none-eabi/4.9.3/../../../arm-none-eabi/lib/armv7-m/libc_nano.a(lib_a-memset.o)
 .debug_aranges
                0x00000000000008f0       0x28 /usr/lib/gcc/arm-none-eabi/4.9.3/../../../arm-none-eabi/lib/armv7-m/libc_nano.a(lib_a-printf.o)
 .debug_aranges
                0x0000000000000918       0x28 /usr/lib/gcc/arm-none-eabi/4.9.3/../../../arm-none-eabi/lib/armv7-m/libc_nano.a(lib_a-puts.o)
 .debug_aranges
                0x0000000000000940       0x28 /usr/lib/gcc/arm-none-eabi/4.9.3/../../../arm-none-eabi/lib/armv7-m/libc_nano.a(lib_a-snprintf.o)
 .debug_aranges
                0x0000000000000968       0x28 /usr/lib/gcc/arm-none-eabi/4.9.3/../../../arm-none-eabi/lib/armv7-m/libc_nano.a(lib_a-sscanf.o)
 .debug_aranges
                0x0000000000000990       0x40 /usr/lib/gcc/arm-none-eabi/4.9.3/../../../arm-none-eabi/lib/armv7-m/libc_nano.a(lib_a-stdio.o)
 .debug_aranges
                0x00000000000009d0       0x20 /usr/lib/gcc/arm-none-eabi/4.9.3/../../../arm-none-eabi/lib/armv7-m/libc_nano.a(lib_a-strlen.o)
 .debug_aranges
                0x00000000000009f0       0x28 /usr/lib/gcc/arm-none-eabi/4.9.3/../../../arm-none-eabi/lib/armv7-m/libc_nano.a(lib_a-wbuf.o)
 .debug_aranges
                0x0000000000000a18       0x20 /usr/lib/gcc/arm-none-eabi/4.9.3/../../../arm-none-eabi/lib/armv7-m/libc_nano.a(lib_a-writer.o)
 .debug_aranges
                0x0000000000000a38       0x20 /usr/lib/gcc/arm-none-eabi/4.9.3/../../../arm-none-eabi/lib/armv7-m/libc_nano.a(lib_a-wsetup.o)
 .debug_aranges
                0x0000000000000a58       0x20 /usr/lib/gcc/arm-none-eabi/4.9.3/../../../arm-none-eabi/lib/armv7-m/libc_nano.a(lib_a-closer.o)
 .debug_aranges
                0x0000000000000a78       0x30 /usr/lib/gcc/arm-none-eabi/4.9.3/../../../arm-none-eabi/lib/armv7-m/libc_nano.a(lib_a-fflush.o)
 .debug_aranges
                0x0000000000000aa8       0x88 /usr/lib/gcc/arm-none-eabi/4.9.3/../../../arm-none-eabi/lib/armv7-m/libc_nano.a(lib_a-findfp.o)
 .debug_aranges
                0x0000000000000b30       0x28 /usr/lib/gcc/arm-none-eabi/4.9.3/../../../arm-none-eabi/lib/armv7-m/libc_nano.a(lib_a-fwalk.o)
 .debug_aranges
                0x0000000000000b58       0x20 /usr/lib/gcc/arm-none-eabi/4.9.3/../../../arm-none-eabi/lib/armv7-m/libc_nano.a(lib_a-lseekr.o)
 .debug_aranges
                0x0000000000000b78       0x20 /usr/lib/gcc/arm-none-eabi/4.9.3/../../../arm-none-eabi/lib/armv7-m/libc_nano.a(lib_a-makebuf.o)
 .debug_aranges
                0x0000000000000b98       0x20 /usr/lib/gcc/arm-none-eabi/4.9.3/../../../arm-none-eabi/lib/armv7-m/libc_nano.a(lib_a-nano-freer.o)
 .debug_aranges
                0x0000000000000bb8       0x20 /usr/lib/gcc/arm-none-eabi/4.9.3/../../../arm-none-eabi/lib/armv7-m/libc_nano.a(lib_a-nano-mallocr.o)
 .debug_aranges